Archive member included because of file (symbol)

d:/arcticstudio-21.0.0-win32.win32.x86_64/msys/opt/arm-none-eabi/bin/../lib/gcc/arm-none-eabi/4.9.3/../../../../arm-none-eabi/lib/thumb/armv7-m\libc.a(lib_a-abort.o)
                              clib_port.o (abort)
d:/arcticstudio-21.0.0-win32.win32.x86_64/msys/opt/arm-none-eabi/bin/../lib/gcc/arm-none-eabi/4.9.3/../../../../arm-none-eabi/lib/thumb/armv7-m\libc.a(lib_a-errno.o)
                              clib_port.o (__errno)
d:/arcticstudio-21.0.0-win32.win32.x86_64/msys/opt/arm-none-eabi/bin/../lib/gcc/arm-none-eabi/4.9.3/../../../../arm-none-eabi/lib/thumb/armv7-m\libc.a(lib_a-impure.o)
                              d:/arcticstudio-21.0.0-win32.win32.x86_64/msys/opt/arm-none-eabi/bin/../lib/gcc/arm-none-eabi/4.9.3/../../../../arm-none-eabi/lib/thumb/armv7-m\libc.a(lib_a-errno.o) (_impure_ptr)
d:/arcticstudio-21.0.0-win32.win32.x86_64/msys/opt/arm-none-eabi/bin/../lib/gcc/arm-none-eabi/4.9.3/../../../../arm-none-eabi/lib/thumb/armv7-m\libc.a(lib_a-malloc.o)
                              sys_arch.o (malloc)
d:/arcticstudio-21.0.0-win32.win32.x86_64/msys/opt/arm-none-eabi/bin/../lib/gcc/arm-none-eabi/4.9.3/../../../../arm-none-eabi/lib/thumb/armv7-m\libc.a(lib_a-mallocr.o)
                              d:/arcticstudio-21.0.0-win32.win32.x86_64/msys/opt/arm-none-eabi/bin/../lib/gcc/arm-none-eabi/4.9.3/../../../../arm-none-eabi/lib/thumb/armv7-m\libc.a(lib_a-malloc.o) (_malloc_r)
d:/arcticstudio-21.0.0-win32.win32.x86_64/msys/opt/arm-none-eabi/bin/../lib/gcc/arm-none-eabi/4.9.3/../../../../arm-none-eabi/lib/thumb/armv7-m\libc.a(lib_a-memcmp.o)
                              Com_Com.o (memcmp)
d:/arcticstudio-21.0.0-win32.win32.x86_64/msys/opt/arm-none-eabi/bin/../lib/gcc/arm-none-eabi/4.9.3/../../../../arm-none-eabi/lib/thumb/armv7-m\libc.a(lib_a-memcpy.o)
                              Rte_Fifo.o (memcpy)
d:/arcticstudio-21.0.0-win32.win32.x86_64/msys/opt/arm-none-eabi/bin/../lib/gcc/arm-none-eabi/4.9.3/../../../../arm-none-eabi/lib/thumb/armv7-m\libc.a(lib_a-memset.o)
                              BswM.o (memset)
d:/arcticstudio-21.0.0-win32.win32.x86_64/msys/opt/arm-none-eabi/bin/../lib/gcc/arm-none-eabi/4.9.3/../../../../arm-none-eabi/lib/thumb/armv7-m\libc.a(lib_a-rand.o)
                              igmp.o (rand)
d:/arcticstudio-21.0.0-win32.win32.x86_64/msys/opt/arm-none-eabi/bin/../lib/gcc/arm-none-eabi/4.9.3/../../../../arm-none-eabi/lib/thumb/armv7-m\libc.a(lib_a-reent.o)
                              sockets.o (errno)
d:/arcticstudio-21.0.0-win32.win32.x86_64/msys/opt/arm-none-eabi/bin/../lib/gcc/arm-none-eabi/4.9.3/../../../../arm-none-eabi/lib/thumb/armv7-m\libc.a(lib_a-sbrkr.o)
                              d:/arcticstudio-21.0.0-win32.win32.x86_64/msys/opt/arm-none-eabi/bin/../lib/gcc/arm-none-eabi/4.9.3/../../../../arm-none-eabi/lib/thumb/armv7-m\libc.a(lib_a-mallocr.o) (_sbrk_r)
d:/arcticstudio-21.0.0-win32.win32.x86_64/msys/opt/arm-none-eabi/bin/../lib/gcc/arm-none-eabi/4.9.3/../../../../arm-none-eabi/lib/thumb/armv7-m\libc.a(lib_a-signal.o)
                              d:/arcticstudio-21.0.0-win32.win32.x86_64/msys/opt/arm-none-eabi/bin/../lib/gcc/arm-none-eabi/4.9.3/../../../../arm-none-eabi/lib/thumb/armv7-m\libc.a(lib_a-abort.o) (raise)
d:/arcticstudio-21.0.0-win32.win32.x86_64/msys/opt/arm-none-eabi/bin/../lib/gcc/arm-none-eabi/4.9.3/../../../../arm-none-eabi/lib/thumb/armv7-m\libc.a(lib_a-signalr.o)
                              d:/arcticstudio-21.0.0-win32.win32.x86_64/msys/opt/arm-none-eabi/bin/../lib/gcc/arm-none-eabi/4.9.3/../../../../arm-none-eabi/lib/thumb/armv7-m\libc.a(lib_a-signal.o) (_kill_r)
d:/arcticstudio-21.0.0-win32.win32.x86_64/msys/opt/arm-none-eabi/bin/../lib/gcc/arm-none-eabi/4.9.3/../../../../arm-none-eabi/lib/thumb/armv7-m\libc.a(lib_a-strcmp.o)
                              netbios.o (strcmp)
d:/arcticstudio-21.0.0-win32.win32.x86_64/msys/opt/arm-none-eabi/bin/../lib/gcc/arm-none-eabi/4.9.3/../../../../arm-none-eabi/lib/thumb/armv7-m\libc.a(lib_a-strcpy.o)
                              os_resource.o (strcpy)
d:/arcticstudio-21.0.0-win32.win32.x86_64/msys/opt/arm-none-eabi/bin/../lib/gcc/arm-none-eabi/4.9.3/../../../../arm-none-eabi/lib/thumb/armv7-m\libc.a(lib_a-strlen.o)
                              def.o (strlen)
d:/arcticstudio-21.0.0-win32.win32.x86_64/msys/opt/arm-none-eabi/bin/../lib/gcc/arm-none-eabi/4.9.3/../../../../arm-none-eabi/lib/thumb/armv7-m\libc.a(lib_a-strncmp.o)
                              def.o (strncmp)
d:/arcticstudio-21.0.0-win32.win32.x86_64/msys/opt/arm-none-eabi/bin/../lib/gcc/arm-none-eabi/4.9.3/../../../../arm-none-eabi/lib/thumb/armv7-m\libc.a(lib_a-strncpy.o)
                              os_task.o (strncpy)
d:/arcticstudio-21.0.0-win32.win32.x86_64/msys/opt/arm-none-eabi/bin/../lib/gcc/arm-none-eabi/4.9.3/../../../../arm-none-eabi/lib/thumb/armv7-m\libc.a(lib_a-strtoul.o)
                              printf.o (strtoul)
[...]
Memory Configuration

Name             Origin             Length             Attributes
L_FLASH_CODE_0   0x08000000         0x00030000
L_SRAM_0         0x20000000         0x00010000
*default*        0x00000000         0xffffffff

Linker script and memory map


.isr_vector     0x08000000      0x18c
                0x08000000                . = ALIGN (0x4)
 *(.isr_vector)
 .isr_vector    0x08000000      0x18c startup_cmx.o
                0x0800018c                . = ALIGN (0x4)

.text           0x0800018c    0x236c8
                0x0800018c                . = ALIGN (0x4)
 *(.ti_sdo_ipc_init)
 *(.data_ti_ipc_namesrv_NameServerRemoteRpmsg_Module__state__V)
 *(.data_ti_sdo_ipc_SharedRegion_Module__state__V)
 *(.data_ti_sdo_ipc_Ipc_Module__state__V)
 *(.data_ti_sdo_ipc_Notify_Module__state__V)
 *(.data_ti_sdo_ipc_family_vayu_arc_NotifyDriverMbx_Module__state__V)
 *(.data_ti_sdo_ipc_heaps_HeapMemMP_Module__state__V)
 *(.data_ti_ipc_remoteproc_Resource_Module__state__V)
 *(.data_ti_ipc_transports_TransportRpmsgSetup_Module__state__V)
 *(.data_ti_sdo_ipc_MessageQ_Module__state__V)
 *(.data_ti_sdo_ipc_family_vayu_arc_InterruptIpu_Module__state__V)
 *(.data_ti_sdo_ipc_family_vayu_arc_NotifySetup_Module__state__V)
 *(.data_ti_sdo_utils_MultiProc_Module__state__V)
 *(.data_ti_sdo_utils_NameServer_Module__state__V)
 *(.data_xdc_runtime_Startup_Module__state__V)
 *(.data_xdc_runtime_System_Module__state__V)
 *(.data_ti_sdo_ipc_GateMP_Module__state__V)
 *(.text .text.*)
 .text.OsRteTask
                0x0800018c      0x15c Rte.o
                0x0800018c                OsRteTask
 .text.Rte_Start
                0x080002e8       0x58 Rte_Main.o
                0x080002e8                Rte_Start
 .text.Rte_Init_Calprms
                0x08000340        0xc Rte_Calprms.o
                0x08000340                Rte_Init_Calprms
 .text.Rte_Internal_Init_Buffers
                0x0800034c        0xc Rte_Buffers.o
                0x0800034c                Rte_Internal_Init_Buffers
 .text.SuspendOSInterrupts
                0x08000358       0x24 Rte_Internal_BswM.o
 .text.ResumeOSInterrupts
                0x0800037c       0x34 Rte_Internal_BswM.o
 .text.Rte_Read_BswM_bswM_modeRequestPort_SwcStartCommunication_requestedMode
                0x080003b0       0x2c Rte_Internal_BswM.o
                0x080003b0                Rte_Read_BswM_bswM_modeRequestPort_SwcStartCommunication_requestedMode
 .text.SuspendOSInterrupts
                0x080003dc       0x24 Rte_Internal_ComM.o
 .text.ResumeOSInterrupts
                0x08000400       0x34 Rte_Internal_ComM.o
 .text.Rte_Switch_ComM_comM_UM_ComMUser_currentMode
                0x08000434       0x48 Rte_Internal_ComM.o
                0x08000434                Rte_Switch_ComM_comM_UM_ComMUser_currentMode
 .text.Rte_Write_DoorSensor_leftDoorSensor_DoorStatus_status
                0x0800047c       0x28 Rte_Internal_DoorSensor.o
                0x0800047c                Rte_Write_DoorSensor_leftDoorSensor_DoorStatus_status
 .text.Rte_Call_DoorSensor_leftDoorSensor_DoorSwitchSignal_Read
                0x080004a4       0x1c Rte_Internal_DoorSensor.o
                0x080004a4                Rte_Call_DoorSensor_leftDoorSensor_DoorSwitchSignal_Read
 .text.Rte_Write_DoorSensor_rightDoorSensor_DoorStatus_status
                0x080004c0       0x28 Rte_Internal_DoorSensor.o
                0x080004c0                Rte_Write_DoorSensor_rightDoorSensor_DoorStatus_status
 .text.Rte_Call_DoorSensor_rightDoorSensor_DoorSwitchSignal_Read
                0x080004e8       0x1c Rte_Internal_DoorSensor.o
                0x080004e8                Rte_Call_DoorSensor_rightDoorSensor_DoorSwitchSignal_Read
 .text.SuspendOSInterrupts
                0x08000504       0x24 Rte_Internal_EcuM.o
 .text.ResumeOSInterrupts
                0x08000528       0x34 Rte_Internal_EcuM.o
 .text.Rte_Call_EcuM_ecuM_SR_User_RequestRUN
                0x0800055c       0x10 Rte_Internal_EcuM.o
                0x0800055c                Rte_Call_EcuM_ecuM_SR_User_RequestRUN
 .text.Rte_Switch_EcuM_ecuM_currentMode_currentMode
                0x0800056c       0x40 Rte_Internal_EcuM.o
                0x0800056c                Rte_Switch_EcuM_ecuM_currentMode_currentMode
 .text.Rte_Write_InteriorLightManager_lightManager_FrontLightStatus_status
                0x080005ac       0x24 Rte_Internal_InteriorLightManager.o
                0x080005ac                Rte_Write_InteriorLightManager_lightManager_FrontLightStatus_status
 .text.Rte_Read_InteriorLightManager_lightManager_LeftDoorStatus_status
                0x080005d0       0x28 Rte_Internal_InteriorLightManager.o
                0x080005d0                Rte_Read_InteriorLightManager_lightManager_LeftDoorStatus_status
 .text.Rte_Write_InteriorLightManager_lightManager_LightStatusOnCommMedia_message
                0x080005f8       0x2c Rte_Internal_InteriorLightManager.o
                0x080005f8                Rte_Write_InteriorLightManager_lightManager_LightStatusOnCommMedia_message
 .text.Rte_Read_InteriorLightManager_lightManager_RearDoorStatus_message
                0x08000624       0x28 Rte_Internal_InteriorLightManager.o
                0x08000624                Rte_Read_InteriorLightManager_lightManager_RearDoorStatus_message
 .text.Rte_Read_InteriorLightManager_lightManager_RightDoorStatus_status
                0x0800064c       0x28 Rte_Internal_InteriorLightManager.o
                0x0800064c                Rte_Read_InteriorLightManager_lightManager_RightDoorStatus_status
 .text.Rte_Call_IoHwAb_ioHwAb_Digital_FrontDoorLeft_Read
                0x08000674       0x20 Rte_Internal_IoHwAb.o
                0x08000674                Rte_Call_IoHwAb_ioHwAb_Digital_FrontDoorLeft_Read
 .text.Rte_Call_IoHwAb_ioHwAb_Digital_FrontDoorRight_Read
                0x08000694       0x20 Rte_Internal_IoHwAb.o
                0x08000694                Rte_Call_IoHwAb_ioHwAb_Digital_FrontDoorRight_Read
 .text.Rte_Call_IoHwAb_ioHwAb_Digital_FrontLight_Write
                0x080006b4       0x20 Rte_Internal_IoHwAb.o
                0x080006b4                Rte_Call_IoHwAb_ioHwAb_Digital_FrontLight_Write
 .text.Rte_Call_LightActuator_frontLightActuator_DigitalLight_Write
                0x080006d4       0x1c Rte_Internal_LightActuator.o
                0x080006d4                Rte_Call_LightActuator_frontLightActuator_DigitalLight_Write
 .text.Rte_Read_LightActuator_frontLightActuator_InteriorLightStatus_status
                0x080006f0       0x28 Rte_Internal_LightActuator.o
                0x080006f0                Rte_Read_LightActuator_frontLightActuator_InteriorLightStatus_status
 .text.SuspendOSInterrupts
                0x08000718       0x24 Rte_Internal_ModeManager.o
 .text.ResumeOSInterrupts
                0x0800073c       0x34 Rte_Internal_ModeManager.o
 .text.Rte_Write_ModeManager_modeManager_ComMControl_requestedMode
                0x08000770       0x2c Rte_Internal_ModeManager.o
                0x08000770                Rte_Write_ModeManager_modeManager_ComMControl_requestedMode
 .text.Rte_Call_ModeManager_modeManager_RunControl_RequestRUN
                0x0800079c       0x10 Rte_Internal_ModeManager.o
                0x0800079c                Rte_Call_ModeManager_modeManager_RunControl_RequestRUN
 .text.IocInit  0x080007ac        0xc Ioc.o
                0x080007ac                IocInit
 .text.Rte_leftDoorSensor_DoorSensorMain
                0x080007b8       0x28 Rte_DoorSensor.o
                0x080007b8                Rte_leftDoorSensor_DoorSensorMain
 .text.Rte_rightDoorSensor_DoorSensorMain
                0x080007e0       0x28 Rte_DoorSensor.o
                0x080007e0                Rte_rightDoorSensor_DoorSensorMain
 .text.Rte_ecuM_RequestRUN
                0x08000808       0x20 Rte_EcuM.o
                0x08000808                Rte_ecuM_RequestRUN
 .text.Rte_lightManager_InteriorLightManagerMain
                0x08000828       0x44 Rte_InteriorLightManager.o
                0x08000828                Rte_lightManager_InteriorLightManagerMain
 .text.Rte_ioHwAb_DigitalRead
                0x0800086c       0x24 Rte_IoHwAb.o
                0x0800086c                Rte_ioHwAb_DigitalRead
 .text.Rte_ioHwAb_DigitalWrite
                0x08000890       0x24 Rte_IoHwAb.o
                0x08000890                Rte_ioHwAb_DigitalWrite
 .text.Rte_frontLightActuator_LightActuatorMain
                0x080008b4       0x24 Rte_LightActuator.o
                0x080008b4                Rte_frontLightActuator_LightActuatorMain
 .text.Rte_modeManager_ModeManagerInit
                0x080008d8       0x18 Rte_ModeManager.o
                0x080008d8                Rte_modeManager_ModeManagerInit
 .text.OsIdle   0x080008f0        0x8 BSWMainFunctionTask.o
                0x080008f0                OsIdle
 .text.OsBswServiceTask
                0x080008f8       0xe8 BSWMainFunctionTask.o
                0x080008f8                OsBswServiceTask
 .text.MainLWIPTask
                0x080009e0       0x28 BSWMainFunctionTask.o
                0x080009e0                MainLWIPTask
 .text.OsStartupTask
                0x08000a08       0x24 BSWMainFunctionTask.o
                0x08000a08                OsStartupTask
 .text.Rte_IWrite_DoorSensorMain_DoorStatus_status
                0x08000a2c       0x20 DoorSensor.o
 .text.Rte_Call_DoorSwitchSignal_Read
                0x08000a4c       0x20 DoorSensor.o
 .text.doorSensorMain
                0x08000a6c       0x38 DoorSensor.o
                0x08000a6c                doorSensorMain
 .text.Rte_IRead_InteriorLightManagerMain_RearDoorStatus_message
                0x08000aa4       0x1c InteriorLightManager.o
 .text.Rte_IRead_InteriorLightManagerMain_RightDoorStatus_status
                0x08000ac0       0x1c InteriorLightManager.o
 .text.Rte_IRead_InteriorLightManagerMain_LeftDoorStatus_status
                0x08000adc       0x1c InteriorLightManager.o
 .text.Rte_IWrite_InteriorLightManagerMain_FrontLightStatus_status
                0x08000af8       0x20 InteriorLightManager.o
 .text.Rte_IWrite_InteriorLightManagerMain_LightStatusOnCommMedia_message
                0x08000b18       0x20 InteriorLightManager.o
 .text.interiorLightManagerMain
                0x08000b38       0x50 InteriorLightManager.o
                0x08000b38                interiorLightManagerMain
 .text.IoHwAb_Init
                0x08000b88        0xc IoHwAb.o
                0x08000b88                IoHwAb_Init
 .text.IoHwAb_MainFunction
                0x08000b94        0xc IoHwAb.o
                0x08000b94                IoHwAb_MainFunction
 .text.Rte_IRead_LightActuatorMain_InteriorLightStatus_status
                0x08000ba0       0x1c LightActuator.o
 .text.Rte_Call_DigitalLight_Write
                0x08000bbc       0x20 LightActuator.o
 .text.lightActuatorMain
                0x08000bdc       0x38 LightActuator.o
                0x08000bdc                lightActuatorMain
 .text.Rte_IWrite_ModeManagerInit_ComMControl_requestedMode
                0x08000c14       0x24 ModeManager.o
 .text.Rte_Call_RunControl_RequestRUN
                0x08000c38       0x10 ModeManager.o
 .text.modeManagerInit
                0x08000c48       0x10 ModeManager.o
                0x08000c48                modeManagerInit
 .text.ErrorHook
                0x08000c58        0xc os_hooks.o
                0x08000c58                ErrorHook
 .text.StartupHook
                0x08000c64        0xc os_hooks.o
                0x08000c64                StartupHook
 .text.ShutdownHook
                0x08000c70       0x14 os_hooks.o
                0x08000c70                ShutdownHook
 .text.Reset_Handler
                0x08000c84       0x74 startup_cmx.o
                0x08000c84                Reset_Handler
 .text.Default_Handler
                0x08000cf8        0x2 startup_cmx.o
                0x08000cf8                Default_Handler
                0x08000cf8                SVC_Handler
                0x08000cf8                DebugMon_Handler
 *fill*         0x08000cfa        0x2 
 .text.RCC_PLL3Config
                0x08000cfc       0x34 stm32f10x_rcc.o
                0x08000cfc                RCC_PLL3Config
 .text.RCC_PLL3Cmd
                0x08000d30       0x20 stm32f10x_rcc.o
                0x08000d30                RCC_PLL3Cmd
 .text.RCC_GetClocksFreq
                0x08000d50      0x1c4 stm32f10x_rcc.o
                0x08000d50                RCC_GetClocksFreq
 .text.RCC_AHBPeriphResetCmd
                0x08000f14       0x3c stm32f10x_rcc.o
                0x08000f14                RCC_AHBPeriphResetCmd
 .text.RCC_MCOConfig
                0x08000f50       0x20 stm32f10x_rcc.o
                0x08000f50                RCC_MCOConfig
 .text.RCC_GetFlagStatus
                0x08000f70       0x70 stm32f10x_rcc.o
                0x08000f70                RCC_GetFlagStatus
 .text.Arc_Assert
                0x08000fe0       0x18 arc_assert.o
                0x08000fe0                Arc_Assert
 .text.EcuM_Init
                0x08000ff8       0xc4 EcuM.o
                0x08000ff8                EcuM_Init
 .text.EcuM_SelectShutdownTarget
                0x080010bc       0x30 EcuM.o
                0x080010bc                EcuM_SelectShutdownTarget
 .text.EcuM_ClearWakeupEvent
                0x080010ec       0x34 EcuM.o
                0x080010ec                EcuM_ClearWakeupEvent
 .text.EcuM_GetPendingWakeupEvents
                0x08001120       0x18 EcuM.o
                0x08001120                EcuM_GetPendingWakeupEvents
 .text.EcuM_GetValidatedWakeupEvents
                0x08001138       0x18 EcuM.o
                0x08001138                EcuM_GetValidatedWakeupEvents
 .text.EcuM_ValidateWakeupEvent
                0x08001150       0x6c EcuM.o
                0x08001150                EcuM_ValidateWakeupEvent
 .text.EcuM_StartupTwo
                0x080011bc       0x3c EcuM_Fixed.o
                0x080011bc                EcuM_StartupTwo
 .text.EcuM_GetState
                0x080011f8       0x24 EcuM_Fixed.o
                0x080011f8                EcuM_GetState
 .text.EcuM_RequestRUN
                0x0800121c       0x38 EcuM_Fixed.o
                0x0800121c                EcuM_RequestRUN
 .text.SuspendOSInterrupts
                0x08001254       0x24 EcuM_Main.o
 .text.ResumeOSInterrupts
                0x08001278       0x34 EcuM_Main.o
 .text.hasRunRequests
                0x080012ac       0x38 EcuM_Main.o
 .text.hasPostRunRequests
                0x080012e4       0x20 EcuM_Main.o
 .text.Rte_Switch_currentMode_currentMode
                0x08001304       0x1c EcuM_Main.o
 .text.SetCurrentState
                0x08001320      0x1bc EcuM_Main.o
                0x08001320                SetCurrentState
 .text.SetComMCommunicationAllowed
                0x080014dc       0x74 EcuM_Main.o
                0x080014dc                SetComMCommunicationAllowed
 .text.EcuM_enter_run_mode
                0x08001550       0x18 EcuM_Main.o
                0x08001550                EcuM_enter_run_mode
 .text.enter_go_sleep_mode
                0x08001568       0x10 EcuM_Main.o
 .text.in_state_goSleep
                0x08001578       0x94 EcuM_Main.o
 .text.in_state_sleep
                0x0800160c       0x40 EcuM_Main.o
 .text.go_off_one_module_deinit
                0x0800164c       0x10 EcuM_Main.o
 .text.enter_go_off_one_mode
                0x0800165c       0x1c EcuM_Main.o
 .text.in_state_appRun
                0x08001678       0x40 EcuM_Main.o
 .text.in_state_appPostRun
                0x080016b8       0x2c EcuM_Main.o
 .text.in_state_prepShutdown
                0x080016e4       0x34 EcuM_Main.o
 .text.in_state_goOffOne
                0x08001718        0xc EcuM_Main.o
 .text.EcuM_MainFunction
                0x08001724      0x2d0 EcuM_Main.o
                0x08001724                EcuM_MainFunction
 .text._dummy   0x080019f4        0xc EcuM_Callout_Stubs.o
 .text.EcuM_DeterminePbConfiguration
                0x08001a00       0x20 EcuM_Callout_Stubs.o
                0x08001a00                EcuM_DeterminePbConfiguration
 .text.EcuM_AL_DriverInitZero
                0x08001a20       0x10 EcuM_Callout_Stubs.o
                0x08001a20                EcuM_AL_DriverInitZero
 .text.EcuM_AL_DriverInitOne
                0x08001a30       0x54 EcuM_Callout_Stubs.o
                0x08001a30                EcuM_AL_DriverInitOne
 .text.EcuM_AL_DriverInitTwo
                0x08001a84       0x78 EcuM_Callout_Stubs.o
                0x08001a84                EcuM_AL_DriverInitTwo
 .text.EcuM_AL_DriverInitThree
                0x08001afc       0x28 EcuM_Callout_Stubs.o
                0x08001afc                EcuM_AL_DriverInitThree
 .text.EcuM_OnEnterRun
                0x08001b24        0xc EcuM_Callout_Stubs.o
                0x08001b24                EcuM_OnEnterRun
 .text.EcuM_OnExitRun
                0x08001b30        0xc EcuM_Callout_Stubs.o
                0x08001b30                EcuM_OnExitRun
 .text.EcuM_OnExitPostRun
                0x08001b3c        0xc EcuM_Callout_Stubs.o
                0x08001b3c                EcuM_OnExitPostRun
 .text.EcuM_OnPrepShutdown
                0x08001b48        0xc EcuM_Callout_Stubs.o
                0x08001b48                EcuM_OnPrepShutdown
 .text.EcuM_OnGoSleep
                0x08001b54        0xc EcuM_Callout_Stubs.o
                0x08001b54                EcuM_OnGoSleep
 .text.EcuM_OnGoOffOne
                0x08001b60        0xc EcuM_Callout_Stubs.o
                0x08001b60                EcuM_OnGoOffOne
 .text.EcuM_EnableWakeupSources
                0x08001b6c       0x14 EcuM_Callout_Stubs.o
                0x08001b6c                EcuM_EnableWakeupSources
 .text.EcuM_DisableWakeupSources
                0x08001b80       0x14 EcuM_Callout_Stubs.o
                0x08001b80                EcuM_DisableWakeupSources
 .text.EcuM_StartWakeupSources
                0x08001b94       0x48 EcuM_Callout_Stubs.o
                0x08001b94                EcuM_StartWakeupSources
 .text.EcuM_StopWakeupSources
                0x08001bdc       0x48 EcuM_Callout_Stubs.o
                0x08001bdc                EcuM_StopWakeupSources
 .text.EcuM_CheckValidation
                0x08001c24       0x48 EcuM_Callout_Stubs.o
                0x08001c24                EcuM_CheckValidation
 .text.EcuM_AL_DriverRestart
                0x08001c6c       0x74 EcuM_Callout_Stubs.o
                0x08001c6c                EcuM_AL_DriverRestart
 .text.EcuM_OnWakeupReaction
                0x08001ce0       0x50 EcuM_Callout_Stubs.o
                0x08001ce0                EcuM_OnWakeupReaction
 .text.EcuM_GenerateRamHash
                0x08001d30       0x44 EcuM_Callout_Stubs.o
                0x08001d30                EcuM_GenerateRamHash
 .text.EcuM_CheckRamHash
                0x08001d74       0x48 EcuM_Callout_Stubs.o
                0x08001d74                EcuM_CheckRamHash
 .text.EcuM_Arc_RememberWakeupEvent
                0x08001dbc       0x18 EcuM_Callout_Stubs.o
                0x08001dbc                EcuM_Arc_RememberWakeupEvent
 .text.SuspendOSInterrupts
                0x08001dd4       0x24 BswM.o
 .text.ResumeOSInterrupts
                0x08001df8       0x34 BswM.o
 .text.BswM_Internal_EvaluateLogicalExpression
                0x08001e2c       0x34 BswM.o
 .text.BswM_Internal_EvaluateRule
                0x08001e60       0xd4 BswM.o
 .text.BswM_Internal_ExecuteAtomicAction
                0x08001f34       0x28 BswM.o
 .text.BswM_Internal_StoreListState
                0x08001f5c       0x60 BswM.o
 .text.BswM_Internal_RestoreListState
                0x08001fbc       0x84 BswM.o
 .text.BswM_Internal_IterateActionList
                0x08002040      0x134 BswM.o
 .text.BswM_Internal_AttemptToProcessRequest
                0x08002174       0x30 BswM.o
 .text.BswM_Internal_EndRequestProcessing
                0x080021a4       0x18 BswM.o
 .text.BswM_Init
                0x080021bc       0xf8 BswM.o
                0x080021bc                BswM_Init
 .text.BswM_Deinit
                0x080022b4       0x18 BswM.o
                0x080022b4                BswM_Deinit
 .text.BswM_MainFunction
                0x080022cc       0xd0 BswM.o
                0x080022cc                BswM_MainFunction
 .text.BswM_Internal_PduGroupSwitchAction
                0x0800239c       0x84 BswM.o
                0x0800239c                BswM_Internal_PduGroupSwitchAction
 .text.Rte_Read_modeRequestPort_SwcStartCommunication_requestedMode
                0x08002420       0x18 BswM_Cfg.o
 .text.BswM_PduGroupSwitchActionHandle
                0x08002438       0x18 BswM_Cfg.o
                0x08002438                BswM_PduGroupSwitchActionHandle
 .text.BswM_RequestFullComActionHandle
                0x08002450       0x1c BswM_Cfg.o
                0x08002450                BswM_RequestFullComActionHandle
 .text.BswM_ComMFullCommuncationlExpressionLogicalExpHandle
                0x0800246c       0x24 BswM_Cfg.o
                0x0800246c                BswM_ComMFullCommuncationlExpressionLogicalExpHandle
 .text.BswM_StartCommunicationExpressionLogicalExpHandle
                0x08002490       0x24 BswM_Cfg.o
                0x08002490                BswM_StartCommunicationExpressionLogicalExpHandle
 .text.BswM_Internal_Read_SwcModeReq_SwcStartCommunication
                0x080024b4       0x18 BswM_Cfg.o
 .text.BswM_Internal_UpdateNotificationMirrors
                0x080024cc       0x18 BswM_Cfg.o
                0x080024cc                BswM_Internal_UpdateNotificationMirrors
 .text.BswM_ComM_CurrentMode
                0x080024e4       0x64 BswM_Cfg.o
                0x080024e4                BswM_ComM_CurrentMode
 .text.BswM_EcuM_CurrentState
                0x08002548       0x2c BswM_Cfg.o
                0x08002548                BswM_EcuM_CurrentState
 .text.BswM_EcuM_CurrentWakeup
                0x08002574       0x2c BswM_Cfg.o
                0x08002574                BswM_EcuM_CurrentWakeup
 .text.BswM_EthSM_CurrentState
                0x080025a0       0x30 BswM_Cfg.o
                0x080025a0                BswM_EthSM_CurrentState
 .text.NMI_Handler
                0x080025d0       0x10 arm_cortex_mx_handlers.o
                0x080025d0                NMI_Handler
 .text.regs     0x080025e0       0x70 arm_cortex_mx_handlers.o
                0x080025e0                regs
 .text.HardFault_Handler
                0x08002650       0x18 arm_cortex_mx_handlers.o
                0x08002650                HardFault_Handler
 .text.MemManage_Handler
                0x08002668       0x14 arm_cortex_mx_handlers.o
                0x08002668                MemManage_Handler
 .text.BusFault_Handler
                0x0800267c       0x14 arm_cortex_mx_handlers.o
                0x0800267c                BusFault_Handler
 .text.UsageFault_Handler
                0x08002690       0x14 arm_cortex_mx_handlers.o
                0x08002690                UsageFault_Handler
 .text.Os_ArchGetProtectionType
                0x080026a4       0x18 arm_cortex_mx_callout_stubs.o
                0x080026a4                Os_ArchGetProtectionType
 .text.EthSM_Internal_CheckEthIfCtrl
                0x080026bc       0x54 EthSM.o
 .text.EthSM_Internal_GetNetworkHandleEth
                0x08002710       0x54 EthSM.o
 .text.EthSM_Internal_GetNetworkHandleComM
                0x08002764       0x54 EthSM.o
 .text.EthSM_Internal_ChangeNetworkModeState
                0x080027b8       0x98 EthSM.o
 .text.EthSM_Internal_RequestEthIfModeChg
                0x08002850       0x60 EthSM.o
 .text.EthSM_Internal_RequestTcpIpModeChg
                0x080028b0       0x84 EthSM.o
 .text.EthSM_Internal_UpdateControllerMode
                0x08002934       0x14 EthSM.o
 .text.EthSM_Internal_FullComWaitOnlineSM
                0x08002948       0x8c EthSM.o
 .text.EthSM_Internal_FullComOnlineSM
                0x080029d4       0x8c EthSM.o
 .text.EthSM_Internal_FullComOnHoldSM
                0x08002a60       0x8c EthSM.o
 .text.EthSM_Internal_FullComFSM
                0x08002aec       0xc8 EthSM.o
 .text.EthSM_Internal_TransferOffline
                0x08002bb4       0x68 EthSM.o
 .text.EthSM_Internal_NoComFSM
                0x08002c1c      0x154 EthSM.o
 .text.EthSM_Init
                0x08002d70       0x9c EthSM.o
                0x08002d70                EthSM_Init
 .text.EthSM_RequestComMode
                0x08002e0c       0xc4 EthSM.o
                0x08002e0c                EthSM_RequestComMode
 .text.EthSM_GetCurrentComMode
                0x08002ed0       0x7c EthSM.o
                0x08002ed0                EthSM_GetCurrentComMode
 .text.EthSM_TcpIpModeIndication
                0x08002f4c       0xa4 EthSM.o
                0x08002f4c                EthSM_TcpIpModeIndication
 .text.EthSM_MainFunction
                0x08002ff0       0x6c EthSM.o
                0x08002ff0                EthSM_MainFunction
 .text          0x0800305c       0x44 arch_krn.o
                0x0800305c                Os_ArchSwapAndTrigPendSv
                0x08003060                Os_ArchTrigPendSV
                0x08003072                Os_ArchSetSpAndCall
                0x0800307c                Os_ArchSwapContext
                0x08003086                Os_ArchSwapContextTo
 .text._Irq_Save
                0x080030a0       0x20 os_event.o
 .text._Irq_Restore
                0x080030c0       0x1c os_event.o
 .text.Os_SysTaskGetCurr
                0x080030dc       0x18 os_event.o
 .text.Os_SysIntAnyDisabled
                0x080030f4       0x30 os_event.o
 .text.Os_SchedulerResourceIsFree
                0x08003124       0x28 os_event.o
 .text.Os_TaskGet
                0x0800314c       0x28 os_event.o
 .text.Os_TaskOccupiesResources
                0x08003174       0x24 os_event.o
 .text.Os_CallErrorHook
                0x08003198       0x34 os_event.o
 .text.WaitEvent
                0x080031cc      0x120 os_event.o
                0x080031cc                WaitEvent
 .text.SetEvent
                0x080032ec      0x16c os_event.o
                0x080032ec                SetEvent
 .text.GetEvent
                0x08003458      0x118 os_event.o
                0x08003458                GetEvent
 .text.ClearEvent
                0x08003570       0xc4 os_event.o
                0x08003570                ClearEvent
 .text.Os_SysIntClearAll
                0x08003634       0x20 os_init.o
 .text.Os_TaskGet
                0x08003654       0x28 os_init.o
 .text.copyPcbParts
                0x0800367c       0x30 os_init.o
 .text.InitOS   0x080036ac       0xf8 os_init.o
                0x080036ac                InitOS
 .text.os_start
                0x080037a4      0x11c os_init.o
 .text.main     0x080038c0       0x10 os_init.o
                0x080038c0                main
 .text.StartOS  0x080038d0       0x38 os_init.o
                0x080038d0                StartOS
 .text.ShutdownOS
                0x08003908       0x30 os_init.o
                0x08003908                ShutdownOS
 .text.Os_SysTaskSetCurr
                0x08003938       0x1c arch.o
 .text.Os_SysIntAnyDisabled
                0x08003954       0x30 arch.o
 .text.NVIC_GetPriority
                0x08003984       0x50 arch.o
 .text.Os_SchedulerResourceIsFree
                0x080039d4       0x28 arch.o
 .text.Os_TaskMakeRunning
                0x080039fc       0x18 arch.o
 .text.Os_StackIsEndmarkOk
                0x08003a14       0x30 arch.o
 .text.Os_StackIsStartmarkOk
                0x08003a44       0x38 arch.o
 .text.Os_StackPerformCheck
                0x08003a7c       0x2c arch.o
 .text.Os_ArchFirstCall
                0x08003aa8       0x18 arch.o
                0x08003aa8                Os_ArchFirstCall
 .text.Os_ArchGetScSize
                0x08003ac0       0x10 arch.o
                0x08003ac0                Os_ArchGetScSize
 .text.PendSV_Handler
                0x08003ad0       0x28 arch.o
                0x08003ad0                PendSV_Handler
 .text.Os_ArchDoSwap
                0x08003af8       0x1c arch.o
                0x08003af8                Os_ArchDoSwap
 .text.Irq_Handler
                0x08003b14      0x1f4 arch.o
                0x08003b14                Irq_Handler
 .text.Os_ArchSetupContext
                0x08003d08       0x44 arch.o
                0x08003d08                Os_ArchSetupContext
 .text.Os_ArchInit
                0x08003d4c        0xc arch.o
                0x08003d4c                Os_ArchInit
 .text._Irq_Save
                0x08003d58       0x20 os_task.o
 .text._Irq_Restore
                0x08003d78       0x1c os_task.o
 .text.Os_SysTaskSetCurr
                0x08003d94       0x1c os_task.o
 .text.Os_SysTaskGetCurr
                0x08003db0       0x18 os_task.o
 .text.Os_SysIntAnyDisabled
                0x08003dc8       0x30 os_task.o
 .text.Os_SysIntClearAll
                0x08003df8       0x20 os_task.o
 .text.Os_SchedulerResourceIsFree
                0x08003e18       0x28 os_task.o
 .text.Os_TaskMakeRunning
                0x08003e40       0x18 os_task.o
 .text.Os_TaskGet
                0x08003e58       0x28 os_task.o
 .text.Os_TaskResourceRemove
                0x08003e80       0xa8 os_task.o
 .text.Os_TaskResourceFreeAll
                0x08003f28       0x2c os_task.o
 .text.Os_StackSetStartmark
                0x08003f54       0x28 os_task.o
 .text.Os_StackSetEndmark
                0x08003f7c       0x20 os_task.o
 .text.Os_StackIsEndmarkOk
                0x08003f9c       0x30 os_task.o
 .text.Os_StackIsStartmarkOk
                0x08003fcc       0x38 os_task.o
 .text.Os_StackPerformCheck
                0x08004004       0x2c os_task.o
 .text.Os_TaskOccupiesResources
                0x08004030       0x24 os_task.o
 .text.Os_CallErrorHook
                0x08004054       0x34 os_task.o
 .text.Os_TaskRunningToReady
                0x08004088       0x30 os_task.o
 .text.Os_ReadyQRemove
                0x080040b8       0x4c os_task.o
 .text.Os_ReadyQEnqueue
                0x08004104       0x38 os_task.o
 .text.Os_TaskMakeSleeping
                0x0800413c       0x38 os_task.o
 .text.Os_TaskMakeWaitingOnSem
                0x08004174       0x38 os_task.o
 .text.Os_TaskMakeSuspended
                0x080041ac       0x38 os_task.o
 .text.Os_Arc_SetCleanContext
                0x080041e4       0x40 os_task.o
 .text.Os_TaskMakeReady
                0x08004224       0x28 os_task.o
                0x08004224                Os_TaskMakeReady
 .text.Os_TaskMakeWaiting
                0x0800424c       0x38 os_task.o
                0x0800424c                Os_TaskMakeWaiting
 .text.Os_StackFill
                0x08004284       0x48 os_task.o
 .text.Os_TaskStartExtended
                0x080042cc       0x44 os_task.o
                0x080042cc                Os_TaskStartExtended
 .text.Os_TaskStartBasic
                0x08004310        0xc os_task.o
                0x08004310                Os_TaskStartBasic
 .text.Os_StackSetup
                0x0800431c       0x60 os_task.o
                0x0800431c                Os_StackSetup
 .text.Os_TaskContextInit
                0x0800437c       0x48 os_task.o
                0x0800437c                Os_TaskContextInit
 .text.Os_TaskGetTop
                0x080043c4       0x98 os_task.o
                0x080043c4                Os_TaskGetTop
 .text.Os_TimerQInsertSorted
                0x0800445c      0x13c os_task.o
                0x0800445c                Os_TimerQInsertSorted
 .text.Os_TimerQIsEmpty
                0x08004598       0x20 os_task.o
                0x08004598                Os_TimerQIsEmpty
 .text.Os_TimerQFirst
                0x080045b8       0x18 os_task.o
                0x080045b8                Os_TimerQFirst
 .text.Os_TimerQRemove
                0x080045d0       0x54 os_task.o
                0x080045d0                Os_TimerQRemove
 .text.Os_DispatchToSleepWithTmo
                0x08004624       0x8c os_task.o
                0x08004624                Os_DispatchToSleepWithTmo
 .text.Os_TaskStartFromBeginning
                0x080046b0       0x9c os_task.o
                0x080046b0                Os_TaskStartFromBeginning
 .text.Os_Dispatch
                0x0800474c      0x268 os_task.o
                0x0800474c                Os_Dispatch
 .text.Os_TaskSwapContext
                0x080049b4       0x94 os_task.o
                0x080049b4                Os_TaskSwapContext
 .text.Os_TaskSwapContextTo
                0x08004a48       0x9c os_task.o
                0x08004a48                Os_TaskSwapContextTo
 .text.GetTaskID
                0x08004ae4       0x6c os_task.o
                0x08004ae4                GetTaskID
 .text.ActivateTask
                0x08004b50      0x140 os_task.o
                0x08004b50                ActivateTask
 .text.TerminateTask
                0x08004c90       0xa0 os_task.o
                0x08004c90                TerminateTask
 .text._Irq_Save
                0x08004d30       0x20 os_resource.o
 .text._Irq_Restore
                0x08004d50       0x1c os_resource.o
 .text.Os_SysTaskGetCurr
                0x08004d6c       0x18 os_resource.o
 .text.Os_SysIntAnyDisabled
                0x08004d84       0x30 os_resource.o
 .text.Os_ResourceGet
                0x08004db4       0x18 os_resource.o
 .text.Os_SchedulerResourceIsFree
                0x08004dcc       0x28 os_resource.o
 .text.Os_TaskResourceAdd
                0x08004df4       0x58 os_resource.o
 .text.Os_TaskResourceRemove
                0x08004e4c       0xa8 os_resource.o
 .text.Os_CallErrorHook
                0x08004ef4       0x34 os_resource.o
 .text.GetResource
                0x08004f28      0x114 os_resource.o
                0x08004f28                GetResource
 .text.ReleaseResource
                0x0800503c      0x184 os_resource.o
                0x0800503c                ReleaseResource
 .text.Os_ResourceGetInternal
                0x080051c0       0x28 os_resource.o
                0x080051c0                Os_ResourceGetInternal
 .text.Os_ResourceReleaseInternal
                0x080051e8       0x28 os_resource.o
                0x080051e8                Os_ResourceReleaseInternal
 .text.Os_ResourceInit
                0x08005210       0x38 os_resource.o
                0x08005210                Os_ResourceInit
 .text._Irq_Save
                0x08005248       0x20 os_alarm.o
 .text._Irq_Restore
                0x08005268       0x1c os_alarm.o
 .text.Os_SysIntAnyDisabled
                0x08005284       0x30 os_alarm.o
 .text.Os_CounterGetMaxValue
                0x080052b4       0x18 os_alarm.o
 .text.Os_CounterGetValue
                0x080052cc       0x18 os_alarm.o
 .text.Os_CounterAdd
                0x080052e4       0x44 os_alarm.o
 .text.Os_AlarmGet
                0x08005328       0x28 os_alarm.o
 .text.Os_CallErrorHook
                0x08005350       0x34 os_alarm.o
 .text.Os_AlarmCheckCycle
                0x08005384       0x40 os_alarm.o
 .text.AlarmProcess
                0x080053c4       0x4c os_alarm.o
 .text.Os_internalSetRelAlarm
                0x08005410      0x17c os_alarm.o
 .text.Os_internalSetAbsAlarm
                0x0800558c      0x158 os_alarm.o
 .text.SetRelAlarm
                0x080056e4       0x28 os_alarm.o
                0x080056e4                SetRelAlarm
 .text.Os_AlarmCheck
                0x0800570c       0xc0 os_alarm.o
                0x0800570c                Os_AlarmCheck
 .text.Os_AlarmAutostart
                0x080057cc       0x80 os_alarm.o
                0x080057cc                Os_AlarmAutostart
 .text._Irq_Save
                0x0800584c       0x20 os_counter.o
 .text._Irq_Restore
                0x0800586c       0x1c os_counter.o
 .text.Os_SysIntAnyDisabled
                0x08005888       0x30 os_counter.o
 .text.Os_CounterGetMaxValue
                0x080058b8       0x18 os_counter.o
 .text.Os_CounterGet
                0x080058d0       0x28 os_counter.o
 .text.Os_CounterAdd
                0x080058f8       0x44 os_counter.o
 .text.Os_AlarmGet
                0x0800593c       0x28 os_counter.o
 .text.Os_CallErrorHook
                0x08005964       0x34 os_counter.o
 .text.IsCounterValid
                0x08005998       0x20 os_counter.o
 .text.IncrementCounter
                0x080059b8       0xc8 os_counter.o
                0x080059b8                IncrementCounter
 .text.OsTick   0x08005a80       0xac os_counter.o
                0x08005a80                OsTick
 .text.GetOsTick
                0x08005b2c       0x18 os_counter.o
                0x08005b2c                GetOsTick
 .text.Os_CounterInit
                0x08005b44       0x50 os_counter.o
                0x08005b44                Os_CounterInit
 .text.NVIC_SetPriority
                0x08005b94       0x54 sys_tick.o
 .text.SysTick_Config
                0x08005be8       0x44 sys_tick.o
 .text.Os_SysTickInit
                0x08005c2c       0x10 sys_tick.o
                0x08005c2c                Os_SysTickInit
 .text.Os_SysTickStart
                0x08005c3c       0x14 sys_tick.o
                0x08005c3c                Os_SysTickStart
 .text.Os_SysTaskGetCurr
                0x08005c50       0x18 os_isr.o
 .text.Os_SysIntAnyDisabled
                0x08005c68       0x30 os_isr.o
 .text.Os_SysIntClearAll
                0x08005c98       0x20 os_isr.o
 .text.Os_ApplGetCore
                0x08005cb8       0x2c os_isr.o
 .text.Os_StackIsEndmarkOk
                0x08005ce4       0x30 os_isr.o
 .text.Os_StackIsStartmarkOk
                0x08005d14       0x38 os_isr.o
 .text.Os_StackPerformCheck
                0x08005d4c       0x2c os_isr.o
 .text.Os_CallErrorHook
                0x08005d78       0x34 os_isr.o
 .text.Os_IsrResourceFreeAll
                0x08005dac       0x2c os_isr.o
 .text.Os_IsrOccupiesResources
                0x08005dd8       0x24 os_isr.o
 .text.Os_CheckISRinstalled
                0x08005dfc       0x2c os_isr.o
 .text.Os_GetIsrVarType
                0x08005e28       0x50 os_isr.o
 .text.Os_IsrResourceRemove
                0x08005e78       0x9c os_isr.o
                0x08005e78                Os_IsrResourceRemove
 .text.Os_IsrAddWithId
                0x08005f14       0x8c os_isr.o
                0x08005f14                Os_IsrAddWithId
 .text.Os_IsrInit
                0x08005fa0       0x24 os_isr.o
                0x08005fa0                Os_IsrInit
 .text.Os_IsrAdd
                0x08005fc4       0xa0 os_isr.o
                0x08005fc4                Os_IsrAdd
 .text.Os_IsrGetStackInfo
                0x08006064       0x24 os_isr.o
                0x08006064                Os_IsrGetStackInfo
 .text.Os_Isr   0x08006088      0x1b4 os_isr.o
                0x08006088                Os_Isr
 .text.Os_ApplStart
                0x0800623c       0x7c os_application.o
                0x0800623c                Os_ApplStart
 .text.Os_Arc_Panic
                0x080062b8       0x58 os_panic.o
                0x080062b8                Os_Arc_Panic
 .text._Irq_Save
                0x08006310       0x20 os_sleep.o
 .text._Irq_Restore
                0x08006330       0x1c os_sleep.o
 .text.Os_SysTaskGetCurr
                0x0800634c       0x18 os_sleep.o
 .text.Os_SysIntAnyDisabled
                0x08006364       0x30 os_sleep.o
 .text.Os_SchedulerResourceIsFree
                0x08006394       0x28 os_sleep.o
 .text.Os_TaskOccupiesResources
                0x080063bc       0x24 os_sleep.o
 .text.Os_CallErrorHook
                0x080063e0       0x34 os_sleep.o
 .text.Sleep    0x08006414      0x16c os_sleep.o
                0x08006414                Sleep
 .text._Irq_Save
                0x08006580       0x20 os_sem.o
 .text._Irq_Restore
                0x080065a0       0x1c os_sem.o
 .text.Os_SysTaskGetCurr
                0x080065bc       0x18 os_sem.o
 .text.Os_SysIntAnyDisabled
                0x080065d4       0x30 os_sem.o
 .text.Os_SchedulerResourceIsFree
                0x08006604       0x28 os_sem.o
 .text.Os_TaskOccupiesResources
                0x0800662c       0x24 os_sem.o
 .text.Os_CallErrorHook
                0x08006650       0x34 os_sem.o
 .text.Os_SemQAddTail
                0x08006684       0x30 os_sem.o
 .text.Os_SemQFirst
                0x080066b4       0x18 os_sem.o
 .text.Os_SemQRemoveHead
                0x080066cc       0x30 os_sem.o
 .text.Os_SemQRemove
                0x080066fc       0x7c os_sem.o
 .text.Os_SemQIsEmpty
                0x08006778       0x24 os_sem.o
 .text.SemWaitChecks
                0x0800679c       0x88 os_sem.o
 .text.SemInit  0x08006824       0x5c os_sem.o
                0x08006824                SemInit
 .text.SemWaitTmo
                0x08006880       0xf4 os_sem.o
                0x08006880                SemWaitTmo
 .text.SemSignal
                0x08006974      0x124 os_sem.o
                0x08006974                SemSignal
 .text.BSemSignal
                0x08006a98       0x44 os_sem.o
                0x08006a98                BSemSignal
 .text._Irq_Save
                0x08006adc       0x20 os_mbox.o
 .text._Irq_Restore
                0x08006afc       0x1c os_mbox.o
 .text.MBoxInit
                0x08006b18       0x48 os_mbox.o
                0x08006b18                MBoxInit
 .text.MBoxPost
                0x08006b60       0x8c os_mbox.o
                0x08006b60                MBoxPost
 .text.MBoxFetchTmo
                0x08006bec       0x84 os_mbox.o
                0x08006bec                MBoxFetchTmo
 .text.NVIC_SetPriorityGrouping
                0x08006c70       0x48 irq.o
 .text.NVIC_SetPriority
                0x08006cb8       0x54 irq.o
 .text.osPrioToCpuPrio
                0x08006d0c       0x38 irq.o
 .text.NVIC_InitVector
                0x08006d44       0x44 irq.o
 .text.Irq_Init
                0x08006d88       0x30 irq.o
                0x08006d88                Irq_Init
 .text.Irq_EOI  0x08006db8       0x14 irq.o
                0x08006db8                Irq_EOI
 .text.Irq_EnableVector2
                0x08006dcc       0x98 irq.o
                0x08006dcc                Irq_EnableVector2
 .text.SuspendOSInterrupts
                0x08006e64       0x24 Det.o
 .text.ResumeOSInterrupts
                0x08006e88       0x34 Det.o
 .text.Det_Init
                0x08006ebc       0x84 Det.o
                0x08006ebc                Det_Init
 .text.Det_ReportError
                0x08006f40       0xb8 Det.o
                0x08006f40                Det_ReportError
 .text.Det_Start
                0x08006ff8       0x18 Det.o
                0x08006ff8                Det_Start
 .text.SuspendOSInterrupts
                0x08007010       0x24 ComM.o
 .text.ResumeOSInterrupts
                0x08007034       0x34 ComM.o
 .text.ComM_Rte_ModeChangeIndication
                0x08007068      0x12c ComM.o
 .text.ComM_Internal_FullComMinTime_AllowsExit
                0x08007194       0x40 ComM.o
 .text.ComM_Internal_PropagateComMode
                0x080071d4       0x68 ComM.o
 .text.ComM_Internal_NotifyNm
                0x0800723c       0x98 ComM.o
 .text.ComM_Internal_Enter_NoCom
                0x080072d4       0x48 ComM.o
 .text.ComM_Internal_Enter_SilentCom
                0x0800731c       0x48 ComM.o
 .text.ComM_Internal_Enter_NetworkRequested
                0x08007364       0xa0 ComM.o
 .text.ComM_Internal_Enter_ReadySleep
                0x08007404       0x54 ComM.o
 .text.ComM_Internal_UpdateFromNoCom
                0x08007458      0x108 ComM.o
 .text.ComM_Internal_UpdateFromSilentCom
                0x08007560       0xd8 ComM.o
 .text.ComM_Internal_UpdateFromFullCom
                0x08007638      0x19c ComM.o
 .text.ComM_Internal_UpdateChannelState
                0x080077d4       0x80 ComM.o
 .text.ComM_Internal_TickFullComMinTime
                0x08007854       0x58 ComM.o
 .text.ComM_Internal_TickLightTime
                0x080078ac       0x60 ComM.o
 .text.ComM_Internal_GetCurrentComMode
                0x0800790c       0x34 ComM.o
 .text.getComMChannelConfig
                0x08007940       0x2c ComM.o
 .text.checkForModeInhibitions
                0x0800796c       0x78 ComM.o
 .text.saveRequestedMode
                0x080079e4       0x4c ComM.o
 .text.ComM_Internal_RequestComMode
                0x08007a30      0x1f8 ComM.o
 .text.ComM_Init
                0x08007c28      0x1f4 ComM.o
                0x08007c28                ComM_Init
 .text.ComM_DeInit
                0x08007e1c       0x28 ComM.o
                0x08007e1c                ComM_DeInit
 .text.ComM_RequestComMode
                0x08007e44       0x70 ComM.o
                0x08007e44                ComM_RequestComMode
 .text.ComM_BusSM_ModeIndication
                0x08007eb4      0x1b4 ComM.o
                0x08007eb4                ComM_BusSM_ModeIndication
 .text.resetInternalStateRequests
                0x08008068       0x54 ComM.o
 .text.ComM_MainFunction
                0x080080bc       0xa4 ComM.o
                0x080080bc                ComM_MainFunction
 .text.ComM_CommunicationAllowed
                0x08008160       0x5c ComM.o
                0x08008160                ComM_CommunicationAllowed
 .text.ComM_MainFunction_ComMChannel
                0x080081bc        0xc ComM_Cfg.o
                0x080081bc                ComM_MainFunction_ComMChannel
 .text.ComM_EcuM_WakeUpIndication
                0x080081c8       0xc0 ComM_ASIL.o
                0x080081c8                ComM_EcuM_WakeUpIndication
 .text.SuspendOSInterrupts
                0x08008288       0x24 Com_Com.o
 .text.ResumeOSInterrupts
                0x080082ac       0x34 Com_Com.o
 .text.Com_SendSignal
                0x080082e0      0x134 Com_Com.o
                0x080082e0                Com_SendSignal
 .text.Com_ReceiveSignal
                0x08008414      0x194 Com_Com.o
                0x08008414                Com_ReceiveSignal
 .text.Com_TriggerIPDUSend
                0x080085a8       0x38 Com_Com.o
                0x080085a8                Com_TriggerIPDUSend
 .text.Com_RxIndication
                0x080085e0       0xd8 Com_Com.o
                0x080085e0                Com_RxIndication
 .text.Com_TxConfirmation
                0x080086b8      0x170 Com_Com.o
                0x080086b8                Com_TxConfirmation
 .text.getPduId
                0x08008828       0x30 Com_Sched.o
 .text.SuspendOSInterrupts
                0x08008858       0x24 Com_Sched.o
 .text.ResumeOSInterrupts
                0x0800887c       0x34 Com_Sched.o
 .text.Com_ProcessMixedOrPeriodicTxMode
                0x080088b0      0x108 Com_Sched.o
 .text.Com_ProcessDirectTxMode
                0x080089b8       0xb4 Com_Sched.o
 .text.Com_MainFunctionRx
                0x08008a6c      0x2dc Com_Sched.o
                0x08008a6c                Com_MainFunctionRx
 .text.Com_MainFunctionTx
                0x08008d48      0x1b4 Com_Sched.o
                0x08008d48                Com_MainFunctionTx
 .text.SuspendOSInterrupts
                0x08008efc       0x24 Com.o
 .text.ResumeOSInterrupts
                0x08008f20       0x34 Com.o
 .text.Com_Init
                0x08008f54      0x314 Com.o
                0x08008f54                Com_Init
 .text.Com_GetStatus
                0x08009268       0x18 Com.o
                0x08009268                Com_GetStatus
 .text.Com_IpduGroupControl
                0x08009280      0x2b8 Com.o
                0x08009280                Com_IpduGroupControl
 .text.Com_ClearIpduGroupVector
                0x08009538       0x28 Com.o
                0x08009538                Com_ClearIpduGroupVector
 .text.Com_SetIpduGroup
                0x08009560       0x80 Com.o
                0x08009560                Com_SetIpduGroup
 .text.getPduId
                0x080095e0       0x30 Com_misc.o
 .text.SuspendOSInterrupts
                0x08009610       0x24 Com_misc.o
 .text.ResumeOSInterrupts
                0x08009634       0x34 Com_misc.o
 .text.Com_Misc_TriggerTxOnConditions
                0x08009668      0x18c Com_misc.o
                0x08009668                Com_Misc_TriggerTxOnConditions
 .text.Com_Misc_CopySignalGroupDataFromShadowBufferToPdu
                0x080097f4      0x11c Com_misc.o
                0x080097f4                Com_Misc_CopySignalGroupDataFromShadowBufferToPdu
 .text.Com_Misc_ReadSignalDataFromPdu64Bits
                0x08009910      0x308 Com_misc.o
 .text.Com_Misc_ReadSignalDataFromPdu
                0x08009c18      0x284 Com_misc.o
                0x08009c18                Com_Misc_ReadSignalDataFromPdu
 .text.Com_Misc_WriteSignalDataToPdu64Bits
                0x08009e9c      0x62c Com_misc.o
 .text.Com_Misc_WriteSignalDataToPdu
                0x0800a4c8      0x3ac Com_misc.o
                0x0800a4c8                Com_Misc_WriteSignalDataToPdu
 .text.Com_Misc_RxProcessSignals
                0x0800a874       0xf8 Com_misc.o
                0x0800a874                Com_Misc_RxProcessSignals
 .text.Com_Misc_TxHandleDM
                0x0800a96c       0x9c Com_misc.o
                0x0800a96c                Com_Misc_TxHandleDM
 .text.Com_Misc_UnlockTpBuffer
                0x0800aa08       0x30 Com_misc.o
                0x0800aa08                Com_Misc_UnlockTpBuffer
 .text.Com_Misc_UpdateShadowSignal
                0x0800aa38       0x68 Com_misc.o
                0x0800aa38                Com_Misc_UpdateShadowSignal
 .text.Com_Misc_SetTxConfirmationStatus
                0x0800aaa0       0x44 Com_misc.o
                0x0800aaa0                Com_Misc_SetTxConfirmationStatus
 .text.Com_Misc_GetTxConfirmationStatus
                0x0800aae4       0x54 Com_misc.o
                0x0800aae4                Com_Misc_GetTxConfirmationStatus
 .text.Com_Misc_TriggerIPDUSend
                0x0800ab38      0x1ac Com_misc.o
                0x0800ab38                Com_Misc_TriggerIPDUSend
 .text.PduR_ComTransmit
                0x0800ace4       0x24 PduR_Com.o
                0x0800ace4                PduR_ComTransmit
 .text.SuspendOSInterrupts
                0x0800ad08       0x24 PduR_Logic.o
 .text.ResumeOSInterrupts
                0x0800ad2c       0x34 PduR_Logic.o
 .text.PduR_ARC_AllocateBuffer
                0x0800ad60       0xe4 PduR_Logic.o
 .text.PduR_ARC_ReleaseRxBuffer
                0x0800ae44       0x98 PduR_Logic.o
 .text.PduR_ARC_ReleaseTxBuffer
                0x0800aedc       0x74 PduR_Logic.o
 .text.PduR_ARC_Transmit
                0x0800af50       0xfc PduR_Logic.o
                0x0800af50                PduR_ARC_Transmit
 .text.PduR_ARC_RxIndicationTT
                0x0800b04c       0x5c PduR_Logic.o
 .text.PduR_ARC_RxIndicationDirect
                0x0800b0a8       0x30 PduR_Logic.o
 .text.PduR_ARC_RxIndicationWithUpBuffer
                0x0800b0d8      0x144 PduR_Logic.o
 .text.PduR_ARC_RxIndication
                0x0800b21c      0x150 PduR_Logic.o
                0x0800b21c                PduR_ARC_RxIndication
 .text.PduR_ARC_TxConfirmation
                0x0800b36c       0xfc PduR_Logic.o
                0x0800b36c                PduR_ARC_TxConfirmation
 .text.PduR_ARC_FindUPDest
                0x0800b468       0x68 PduR_Logic.o
 .text.PduR_UpTransmit
                0x0800b4d0       0x28 PduR_Logic.o
                0x0800b4d0                PduR_UpTransmit
 .text.PduR_LoIfRxIndication
                0x0800b4f8       0x24 PduR_Logic.o
                0x0800b4f8                PduR_LoIfRxIndication
 .text.PduR_LoIfTxConfirmation
                0x0800b51c       0x2c PduR_Logic.o
                0x0800b51c                PduR_LoIfTxConfirmation
 .text.PduRRoutingPathEnabled
                0x0800b548       0x18 PduR_Logic.o
                0x0800b548                PduRRoutingPathEnabled
 .text.PduR_SoAdIfRxIndication
                0x0800b560       0x20 PduR_SoAd.o
                0x0800b560                PduR_SoAdIfRxIndication
 .text.PduR_SoAdIfTxConfirmation
                0x0800b580       0x1c PduR_SoAd.o
                0x0800b580                PduR_SoAdIfTxConfirmation
 .text.PduR_ARC_RouteTransmit
                0x0800b59c       0xd8 PduR_Routing.o
                0x0800b59c                PduR_ARC_RouteTransmit
 .text.PduR_ARC_RouteRxIndication
                0x0800b674       0x4c PduR_Routing.o
                0x0800b674                PduR_ARC_RouteRxIndication
 .text.PduR_ARC_RouteTxConfirmation
                0x0800b6c0       0x48 PduR_Routing.o
                0x0800b6c0                PduR_ARC_RouteTxConfirmation
 .text.PduR_Init
                0x0800b708       0xec PduR.o
                0x0800b708                PduR_Init
 .text.IoHwAb_Digital_Write_FrontLight
                0x0800b7f4       0x5c IoHwAb_Digital.o
 .text.IoHwAb_Digital_Read_FrontDoorLeft
                0x0800b850       0x70 IoHwAb_Digital.o
 .text.IoHwAb_Digital_Read_FrontDoorRight
                0x0800b8c0       0x70 IoHwAb_Digital.o
 .text.IoHwAb_Digital_Write
                0x0800b930       0x3c IoHwAb_Digital.o
                0x0800b930                IoHwAb_Digital_Write
 .text.IoHwAb_Digital_Read
                0x0800b96c       0x50 IoHwAb_Digital.o
                0x0800b96c                IoHwAb_Digital_Read
 .text.CirqBuff_Full
                0x0800b9bc       0x28 SoAd.o
 .text.CirqBuff_Size
                0x0800b9e4       0x18 SoAd.o
 .text.SuspendOSInterrupts
                0x0800b9fc       0x24 SoAd.o
 .text.ResumeOSInterrupts
                0x0800ba20       0x34 SoAd.o
 .text.convertSoAdProtType
                0x0800ba54       0x34 SoAd.o
 .text.changeParams
                0x0800ba88       0xd4 SoAd.o
 .text.makeTcpIp_SockAddr
                0x0800bb5c       0xb4 SoAd.o
 .text.hasWildcardsInAddress
                0x0800bc10       0xa8 SoAd.o
 .text.getGroupIndexFromSocketId
                0x0800bcb8       0x58 SoAd.o
 .text.getSoConIdFromSocketId
                0x0800bd10       0x58 SoAd.o
 .text.openSocket
                0x0800bd68      0x364 SoAd.o
 .text.closeSocket
                0x0800c0cc      0x274 SoAd.o
 .text.runMessageAcceptancePolicy
                0x0800c340       0x10 SoAd.o
 .text.runBestMatch
                0x0800c350      0x178 SoAd.o
 .text.setRemoteAddress
                0x0800c4c8       0x78 SoAd.o
 .text.transmit
                0x0800c540      0x174 SoAd.o
 .text.findActiveRoutingGroup
                0x0800c6b4       0x7c SoAd.o
 .text.copyPduToBuffer
                0x0800c730      0x1dc SoAd.o
 .text.setBufTimer
                0x0800c90c      0x16c SoAd.o
 .text.ifTransmitSubFunction
                0x0800ca78      0x2d4 SoAd.o
 .text.tpTransmitSubFunction
                0x0800cd4c      0x1d8 SoAd.o
 .text.getPduHeader
                0x0800cf24       0xbc SoAd.o
 .text.soConInSocketRoute
                0x0800cfe0       0x94 SoAd.o
 .text.routingReceptionNoHeader
                0x0800d074      0x254 SoAd.o
 .text.processTpTcpRxCommunication
                0x0800d2c8      0x34c SoAd.o
 .text.routingReceptionPduHeader
                0x0800d614      0x164 SoAd.o
 .text.setRemoteAddressFromCfg
                0x0800d778      0x104 SoAd.o
 .text.changeMode
                0x0800d87c       0x68 SoAd.o
 .text.timerExpiredEvent
                0x0800d8e4       0x40 SoAd.o
 .text.SoAd_Init
                0x0800d924      0x9f0 SoAd.o
                0x0800d924                SoAd_Init
 .text.SoAd_LocalIpAddrAssignmentChg
                0x0800e314      0x128 SoAd.o
                0x0800e314                SoAd_LocalIpAddrAssignmentChg
 .text.SoAd_MainFunction
                0x0800e43c      0x840 SoAd.o
                0x0800e43c                SoAd_MainFunction
 .text.SoAd_RxIndication
                0x0800ec7c      0x7cc SoAd.o
                0x0800ec7c                SoAd_RxIndication
 .text.SoAd_TcpConnected
                0x0800f448       0xa8 SoAd.o
                0x0800f448                SoAd_TcpConnected
 .text.SoAd_TcpAccepted
                0x0800f4f0      0x174 SoAd.o
                0x0800f4f0                SoAd_TcpAccepted
 .text.SoAd_TcpIpEvent
                0x0800f664      0x340 SoAd.o
                0x0800f664                SoAd_TcpIpEvent
 .text.SoAd_IfTransmit
                0x0800f9a4      0x288 SoAd.o
                0x0800f9a4                SoAd_IfTransmit
 .text.SoAd_CopyTxData
                0x0800fc2c      0x358 SoAd.o
                0x0800fc2c                SoAd_CopyTxData
 .text.SoAd_TxConfirmation
                0x0800ff84      0x3bc SoAd.o
                0x0800ff84                SoAd_TxConfirmation
 .text.SoAd_TpTransmit
                0x08010340       0xdc SoAd.o
                0x08010340                SoAd_TpTransmit
 .text.SuspendOSInterrupts
                0x0801041c       0x24 TcpIp.o
 .text.ResumeOSInterrupts
                0x08010440       0x34 TcpIp.o
 .text.LwIP_StatusCallback
                0x08010474       0xdc TcpIp.o
                0x08010474                LwIP_StatusCallback
 .text.LwIp_TcpIpInitDone
                0x08010550       0x1c TcpIp.o
 .text.LwIP_Init
                0x0801056c       0x2c TcpIp.o
 .text.LwIP_AddNetIf
                0x08010598       0x68 TcpIp.o
 .text.TcpIp_IpAddr32To8
                0x08010600       0x48 TcpIp.o
 .text.TcpIp_IpAddr8to32
                0x08010648       0x3c TcpIp.o
 .text.IP4NetmaskToIpAddr
                0x08010684       0xa8 TcpIp.o
 .text.getLocalAddrListConfigIdx
                0x0801072c       0x4c TcpIp.o
 .text.TcpIp_SwitchEthIfCtrlState
                0x08010778       0x54 TcpIp.o
 .text.TcpIp_GetFirstFreeSocket
                0x080107cc       0x6c TcpIp.o
 .text.TcpIp_FreeUpSocket
                0x08010838       0x58 TcpIp.o
 .text.TcpIp_SocketStatusCheck
                0x08010890      0x174 TcpIp.o
 .text.TcpIp_SendIpMessage
                0x08010a04       0x90 TcpIp.o
 .text.TcpIp_BufferGet
                0x08010a94       0x34 TcpIp.o
 .text.TcpIp_BufferFree
                0x08010ac8       0x14 TcpIp.o
 .text.TcpIp_ChangePhysAddrFilterForMulticast
                0x08010adc       0x58 TcpIp.o
 .text.verifyLocalAddrId
                0x08010b34       0x4c TcpIp.o
 .text.TcpIp_GetSocket
                0x08010b80      0x12c TcpIp.o
                0x08010b80                TcpIp_GetSocket
 .text.TcpIp_Init
                0x08010cac       0xf0 TcpIp.o
                0x08010cac                TcpIp_Init
 .text.TcpIp_Close
                0x08010d9c       0xb8 TcpIp.o
                0x08010d9c                TcpIp_Close
 .text.TcpIp_Bind
                0x08010e54      0x1d4 TcpIp.o
                0x08010e54                TcpIp_Bind
 .text.TcpIp_TcpConnect
                0x08011028       0x9c TcpIp.o
                0x08011028                TcpIp_TcpConnect
 .text.TcpIp_TcpListen
                0x080110c4       0x58 TcpIp.o
                0x080110c4                TcpIp_TcpListen
 .text.TcpIp_TcpReceived
                0x0801111c       0x20 TcpIp.o
                0x0801111c                TcpIp_TcpReceived
 .text.TcpIp_RequestComMode
                0x0801113c       0xd8 TcpIp.o
                0x0801113c                TcpIp_RequestComMode
 .text.TcpIp_AutomaticIpAddrAssignment
                0x08011214      0x124 TcpIp.o
 .text.TcpIp_RelIpAddrAssignment
                0x08011338       0xa0 TcpIp.o
 .text.TcpIp_ChangeParameter
                0x080113d8       0xd8 TcpIp.o
                0x080113d8                TcpIp_ChangeParameter
 .text.TcpIp_UdpTransmit
                0x080114b0      0x200 TcpIp.o
                0x080114b0                TcpIp_UdpTransmit
 .text.TcpIp_TcpTransmit
                0x080116b0      0x1e0 TcpIp.o
                0x080116b0                TcpIp_TcpTransmit
 .text.TcpIp_NotifyLocalIpAddrAssignmentChg
                0x08011890       0x8c TcpIp.o
 .text.TcpIp_EnableAllIpAddrAssignments
                0x0801191c       0xd4 TcpIp.o
 .text.TcpIp_DisableAllIpAddrAssignments
                0x080119f0       0xc4 TcpIp.o
 .text.TcpIp_HandleStateOffline
                0x08011ab4       0x68 TcpIp.o
 .text.TcpIp_EnterOfflineState
                0x08011b1c       0xe8 TcpIp.o
 .text.TcpIp_HandleStateOnline
                0x08011c04       0x6c TcpIp.o
 .text.TcpIp_HandleStateOnhold
                0x08011c70       0x6c TcpIp.o
 .text.TcpIp_HandleStateStartup
                0x08011cdc       0x74 TcpIp.o
 .text.TcpIp_HandleStateShutdown
                0x08011d50       0x1c TcpIp.o
 .text.TcpIp_HandleSocketStateListening
                0x08011d6c      0x1f4 TcpIp.o
 .text.TcpIp_HandleSocketStateConnecting
                0x08011f60      0x160 TcpIp.o
 .text.TcpIp_HandleSocketStateTcpReady
                0x080120c0      0x144 TcpIp.o
 .text.TcpIp_HandleSocketStateUdpReady
                0x08012204       0xfc TcpIp.o
 .text.TcpIp_MainFunction
                0x08012300      0x174 TcpIp.o
                0x08012300                TcpIp_MainFunction
 .text.Eth_Isr  0x08012474       0x68 ethernetif.o
 .text.LwIP_EthernetIfStart
                0x080124dc       0x24 ethernetif.o
 .text.Ethernet_Configuration
                0x08012500       0xe4 ethernetif.o
 .text.low_level_init
                0x080125e4       0xf8 ethernetif.o
 .text.ethernetif_init
                0x080126dc       0x4c ethernetif.o
                0x080126dc                ethernetif_init
 .text.ETH_RxPkt_ChainMode
                0x08012728      0x11c ethernetif.o
                0x08012728                ETH_RxPkt_ChainMode
 .text.low_level_input
                0x08012844       0x94 ethernetif.o
                0x08012844                low_level_input
 .text.low_level_output
                0x080128d8       0x68 ethernetif.o
 .text.ETH_TxPkt_ChainMode
                0x08012940       0xac ethernetif.o
                0x08012940                ETH_TxPkt_ChainMode
 .text.EthIf_GetPhysAddr
                0x080129ec       0x5c ethernetif.o
                0x080129ec                EthIf_GetPhysAddr
 .text.EthIf_UpdatePhysAddrFilter
                0x08012a48       0x20 ethernetif.o
                0x08012a48                EthIf_UpdatePhysAddrFilter
 .text._Irq_Save
                0x08012a68       0x20 sys_arch.o
 .text._Irq_Restore
                0x08012a88       0x1c sys_arch.o
 .text.BSemInit
                0x08012aa4       0x3c sys_arch.o
 .text.BSemWaitTmo
                0x08012ae0       0x1c sys_arch.o
 .text.__malloc_lock
                0x08012afc       0x24 sys_arch.o
                0x08012afc                __malloc_lock
 .text.__malloc_unlock
                0x08012b20       0x24 sys_arch.o
                0x08012b20                __malloc_unlock
 .text.sys_arch_protect
                0x08012b44       0x18 sys_arch.o
                0x08012b44                sys_arch_protect
 .text.sys_arch_unprotect
                0x08012b5c       0x14 sys_arch.o
                0x08012b5c                sys_arch_unprotect
 .text.sys_now  0x08012b70       0x10 sys_arch.o
                0x08012b70                sys_now
 .text.sys_mbox_new
                0x08012b80       0x80 sys_arch.o
                0x08012b80                sys_mbox_new
 .text.sys_mbox_free
                0x08012c00       0x2c sys_arch.o
                0x08012c00                sys_mbox_free
 .text.sys_mbox_post
                0x08012c2c       0x30 sys_arch.o
                0x08012c2c                sys_mbox_post
 .text.sys_mbox_trypost
                0x08012c5c       0x50 sys_arch.o
                0x08012c5c                sys_mbox_trypost
 .text.sys_arch_mbox_tryfetch
                0x08012cac       0x50 sys_arch.o
                0x08012cac                sys_arch_mbox_tryfetch
 .text.sys_arch_mbox_fetch
                0x08012cfc       0x70 sys_arch.o
                0x08012cfc                sys_arch_mbox_fetch
 .text.sys_sem_new
                0x08012d6c       0x64 sys_arch.o
                0x08012d6c                sys_sem_new
 .text.sys_arch_sem_wait
                0x08012dd0       0x78 sys_arch.o
                0x08012dd0                sys_arch_sem_wait
 .text.sys_sem_signal
                0x08012e48       0x28 sys_arch.o
                0x08012e48                sys_sem_signal
 .text.sys_sem_free
                0x08012e70       0x2c sys_arch.o
                0x08012e70                sys_sem_free
 .text.sys_init
                0x08012e9c        0xc sys_arch.o
                0x08012e9c                sys_init
 .text.pre_sys_init
                0x08012ea8        0xc sys_arch.o
                0x08012ea8                pre_sys_init
 .text.sys_mbox_valid
                0x08012eb4       0x24 sys_arch.o
                0x08012eb4                sys_mbox_valid
 .text.sys_mbox_set_invalid
                0x08012ed8       0x18 sys_arch.o
                0x08012ed8                sys_mbox_set_invalid
 .text.sys_sem_valid
                0x08012ef0       0x24 sys_arch.o
                0x08012ef0                sys_sem_valid
 .text.sys_sem_set_invalid
                0x08012f14       0x18 sys_arch.o
                0x08012f14                sys_sem_set_invalid
 .text.sys_thread_new
                0x08012f2c       0x4c sys_arch.o
                0x08012f2c                sys_thread_new
 .text.tcpip_task
                0x08012f78       0x34 sys_arch.o
                0x08012f78                tcpip_task
 .text.LwIpAdp_LinkStateUpdate
                0x08012fac       0x44 LwIpAdp.o
                0x08012fac                LwIpAdp_LinkStateUpdate
 .text.icmp_input
                0x08012ff0      0x25c icmp.o
                0x08012ff0                icmp_input
 .text.icmp_dest_unreach
                0x0801324c       0x20 icmp.o
                0x0801324c                icmp_dest_unreach
 .text.icmp_time_exceeded
                0x0801326c       0x20 icmp.o
                0x0801326c                icmp_time_exceeded
 .text.icmp_send_response
                0x0801328c       0xcc icmp.o
 .text.igmp_init
                0x08013358       0x28 igmp.o
                0x08013358                igmp_init
 .text.igmp_start
                0x08013380       0x54 igmp.o
                0x08013380                igmp_start
 .text.igmp_stop
                0x080133d4       0x54 igmp.o
                0x080133d4                igmp_stop
 .text.igmp_report_groups
                0x08013428       0x38 igmp.o
                0x08013428                igmp_report_groups
 .text.igmp_lookfor_group
                0x08013460       0x3c igmp.o
                0x08013460                igmp_lookfor_group
 .text.igmp_lookup_group
                0x0801349c       0xa8 igmp.o
 .text.igmp_remove_group
                0x08013544       0x50 igmp.o
 .text.igmp_input
                0x08013594      0x1ec igmp.o
                0x08013594                igmp_input
 .text.igmp_joingroup
                0x08013780       0x94 igmp.o
                0x08013780                igmp_joingroup
 .text.igmp_joingroup_netif
                0x08013814       0xb8 igmp.o
                0x08013814                igmp_joingroup_netif
 .text.igmp_leavegroup
                0x080138cc       0x94 igmp.o
                0x080138cc                igmp_leavegroup
 .text.igmp_leavegroup_netif
                0x08013960       0xbc igmp.o
                0x08013960                igmp_leavegroup_netif
 .text.igmp_tmr
                0x08013a1c       0x5c igmp.o
                0x08013a1c                igmp_tmr
 .text.igmp_timeout
                0x08013a78       0x4c igmp.o
 .text.igmp_start_timer
                0x08013ac4       0x44 igmp.o
 .text.igmp_delaying_member
                0x08013b08       0x48 igmp.o
 .text.igmp_ip_output_if
                0x08013b50       0x58 igmp.o
 .text.igmp_send
                0x08013ba8       0xe4 igmp.o
 .text.ip_reass_tmr
                0x08013c8c       0x54 ip4_frag.o
                0x08013c8c                ip_reass_tmr
 .text.ip_reass_free_complete_datagram
                0x08013ce0      0x100 ip4_frag.o
 .text.ip_reass_remove_oldest_datagram
                0x08013de0       0xc4 ip4_frag.o
 .text.ip_reass_enqueue_new_datagram
                0x08013ea4       0x84 ip4_frag.o
 .text.ip_reass_dequeue_datagram
                0x08013f28       0x40 ip4_frag.o
 .text.ip_reass_chain_frag_into_datagram_and_validate
                0x08013f68      0x278 ip4_frag.o
 .text.ip4_reass
                0x080141e0      0x2ec ip4_frag.o
                0x080141e0                ip4_reass
 .text.ip_frag_alloc_pbuf_custom_ref
                0x080144cc       0x10 ip4_frag.o
 .text.ip_frag_free_pbuf_custom_ref
                0x080144dc       0x20 ip4_frag.o
 .text.ipfrag_free_pbuf_custom
                0x080144fc       0x3c ip4_frag.o
 .text.ip4_frag
                0x08014538      0x208 ip4_frag.o
                0x08014538                ip4_frag
 .text.ip4_addr_isbroadcast_u32
                0x08014740       0x84 ip4_addr.o
                0x08014740                ip4_addr_isbroadcast_u32
 .text.ip4_route
                0x080147c4      0x100 ip4.o
                0x080147c4                ip4_route
 .text.ip4_input
                0x080148c4      0x3a0 ip4.o
                0x080148c4                ip4_input
 .text.ip4_output_if
                0x08014c64       0x40 ip4.o
                0x08014c64                ip4_output_if
 .text.ip4_output_if_opt
                0x08014ca4       0x5c ip4.o
                0x08014ca4                ip4_output_if_opt
 .text.ip4_output_if_src
                0x08014d00       0x40 ip4.o
                0x08014d00                ip4_output_if_src
 .text.ip4_output_if_opt_src
                0x08014d40      0x1c4 ip4.o
                0x08014d40                ip4_output_if_opt_src
 .text.lwip_standard_chksum
                0x08014f04      0x13c inet_chksum.o
                0x08014f04                lwip_standard_chksum
 .text.inet_chksum
                0x08015040       0x24 inet_chksum.o
                0x08015040                inet_chksum
 .text.inet_chksum_pbuf
                0x08015064       0x98 inet_chksum.o
                0x08015064                inet_chksum_pbuf
 .text.lwip_init
                0x080150fc       0x34 init_lwip.o
                0x080150fc                lwip_init
 .text.lwip_htons
                0x08015130       0x24 def.o
                0x08015130                lwip_htons
 .text.lwip_htonl
                0x08015154       0x34 def.o
                0x08015154                lwip_htonl
 .text.plug_holes
                0x08015188       0xec mem.o
 .text.mem_init
                0x08015274       0x98 mem.o
                0x08015274                mem_init
 .text.mem_free
                0x0801530c       0xf8 mem.o
                0x0801530c                mem_free
 .text.mem_trim
                0x08015404      0x220 mem.o
                0x08015404                mem_trim
 .text.mem_malloc
                0x08015624      0x288 mem.o
                0x08015624                mem_malloc
 .text.memp_init_pool
                0x080158ac       0x68 memp.o
                0x080158ac                memp_init_pool
 .text.memp_init
                0x08015914       0x48 memp.o
                0x08015914                memp_init
 .text.do_memp_malloc_pool
                0x0801595c       0x80 memp.o
 .text.memp_malloc
                0x080159dc       0x30 memp.o
                0x080159dc                memp_malloc
 .text.do_memp_free_pool
                0x08015a0c       0x4c memp.o
 .text.memp_free
                0x08015a58       0x38 memp.o
                0x08015a58                memp_free
 .text.netif_init
                0x08015a90        0xc netif.o
                0x08015a90                netif_init
 .text.netif_add
                0x08015a9c       0xc8 netif.o
                0x08015a9c                netif_add
 .text.netif_set_addr
                0x08015b64       0x54 netif.o
                0x08015b64                netif_set_addr
 .text.netif_remove
                0x08015bb8       0xbc netif.o
                0x08015bb8                netif_remove
 .text.netif_set_ipaddr
                0x08015c74       0x80 netif.o
                0x08015c74                netif_set_ipaddr
 .text.netif_set_gw
                0x08015cf4       0x28 netif.o
                0x08015cf4                netif_set_gw
 .text.netif_set_netmask
                0x08015d1c       0x28 netif.o
                0x08015d1c                netif_set_netmask
 .text.netif_set_default
                0x08015d44       0x1c netif.o
                0x08015d44                netif_set_default
 .text.netif_set_up
                0x08015d60       0x54 netif.o
                0x08015d60                netif_set_up
 .text.netif_issue_reports
                0x08015db4       0x54 netif.o
 .text.netif_set_down
                0x08015e08       0x54 netif.o
                0x08015e08                netif_set_down
 .text.netif_set_status_callback
                0x08015e5c       0x20 netif.o
                0x08015e5c                netif_set_status_callback
 .text.pbuf_free_ooseq
                0x08015e7c       0x54 pbuf.o
 .text.pbuf_free_ooseq_callback
                0x08015ed0       0x14 pbuf.o
 .text.pbuf_pool_is_empty
                0x08015ee4       0x54 pbuf.o
 .text.pbuf_alloc
                0x08015f38      0x28c pbuf.o
                0x08015f38                pbuf_alloc
 .text.pbuf_alloced_custom
                0x080161c4       0xbc pbuf.o
                0x080161c4                pbuf_alloced_custom
 .text.pbuf_realloc
                0x08016280      0x104 pbuf.o
                0x08016280                pbuf_realloc
 .text.pbuf_header_impl
                0x08016384      0x10c pbuf.o
 .text.pbuf_header
                0x08016490       0x24 pbuf.o
                0x08016490                pbuf_header
 .text.pbuf_header_force
                0x080164b4       0x24 pbuf.o
                0x080164b4                pbuf_header_force
 .text.pbuf_free
                0x080164d8       0xec pbuf.o
                0x080164d8                pbuf_free
 .text.pbuf_clen
                0x080165c4       0x30 pbuf.o
                0x080165c4                pbuf_clen
 .text.pbuf_ref
                0x080165f4       0x38 pbuf.o
                0x080165f4                pbuf_ref
 .text.pbuf_cat
                0x0801662c       0x74 pbuf.o
                0x0801662c                pbuf_cat
 .text.pbuf_chain
                0x080166a0       0x20 pbuf.o
                0x080166a0                pbuf_chain
 .text.pbuf_copy
                0x080166c0      0x120 pbuf.o
                0x080166c0                pbuf_copy
 .text.pbuf_copy_partial
                0x080167e0       0xc8 pbuf.o
                0x080167e0                pbuf_copy_partial
 .text.stats_init
                0x080168a8        0xc stats.o
                0x080168a8                stats_init
 .text.tcp_init
                0x080168b4        0xc tcp.o
                0x080168b4                tcp_init
 .text.tcp_tmr  0x080168c0       0x2c tcp.o
                0x080168c0                tcp_tmr
 .text.tcp_remove_listener
                0x080168ec       0x38 tcp.o
 .text.tcp_listen_closed
                0x08016924       0x48 tcp.o
 .text.tcp_close_shutdown
                0x0801696c      0x1b8 tcp.o
 .text.tcp_close_shutdown_fin
                0x08016b24       0xb0 tcp.o
 .text.tcp_close
                0x08016bd4       0x30 tcp.o
                0x08016bd4                tcp_close
 .text.tcp_shutdown
                0x08016c04       0x8c tcp.o
                0x08016c04                tcp_shutdown
 .text.tcp_abandon
                0x08016c90      0x14c tcp.o
                0x08016c90                tcp_abandon
 .text.tcp_abort
                0x08016ddc       0x18 tcp.o
                0x08016ddc                tcp_abort
 .text.tcp_bind
                0x08016df4      0x104 tcp.o
                0x08016df4                tcp_bind
 .text.tcp_accept_null
                0x08016ef8       0x20 tcp.o
 .text.tcp_listen_with_backlog_and_err
                0x08016f18      0x114 tcp.o
                0x08016f18                tcp_listen_with_backlog_and_err
 .text.tcp_update_rcv_ann_wnd
                0x0801702c       0x8c tcp.o
                0x0801702c                tcp_update_rcv_ann_wnd
 .text.tcp_recved
                0x080170b8       0x8c tcp.o
                0x080170b8                tcp_recved
 .text.tcp_new_port
                0x08017144       0x8c tcp.o
 .text.tcp_connect
                0x080171d0      0x1c4 tcp.o
                0x080171d0                tcp_connect
 .text.tcp_slowtmr
                0x08017394      0x4dc tcp.o
                0x08017394                tcp_slowtmr
 .text.tcp_fasttmr
                0x08017870       0xc4 tcp.o
                0x08017870                tcp_fasttmr
 .text.tcp_process_refused_data
                0x08017934       0xd4 tcp.o
                0x08017934                tcp_process_refused_data
 .text.tcp_segs_free
                0x08017a08       0x28 tcp.o
                0x08017a08                tcp_segs_free
 .text.tcp_seg_free
                0x08017a30       0x30 tcp.o
                0x08017a30                tcp_seg_free
 .text.tcp_seg_copy
                0x08017a60       0x38 tcp.o
                0x08017a60                tcp_seg_copy
 .text.tcp_recv_null
                0x08017a98       0x48 tcp.o
                0x08017a98                tcp_recv_null
 .text.tcp_kill_prio
                0x08017ae0       0x80 tcp.o
 .text.tcp_kill_state
                0x08017b60       0x7c tcp.o
 .text.tcp_kill_timewait
                0x08017bdc       0x5c tcp.o
 .text.tcp_alloc
                0x08017c38      0x158 tcp.o
                0x08017c38                tcp_alloc
 .text.tcp_new_ip_type
                0x08017d90       0x1c tcp.o
                0x08017d90                tcp_new_ip_type
 .text.tcp_arg  0x08017dac       0x20 tcp.o
                0x08017dac                tcp_arg
 .text.tcp_recv
                0x08017dcc       0x2c tcp.o
                0x08017dcc                tcp_recv
 .text.tcp_sent
                0x08017df8       0x2c tcp.o
                0x08017df8                tcp_sent
 .text.tcp_err  0x08017e24       0x2c tcp.o
                0x08017e24                tcp_err
 .text.tcp_accept
                0x08017e50       0x2c tcp.o
                0x08017e50                tcp_accept
 .text.tcp_poll
                0x08017e7c       0x30 tcp.o
                0x08017e7c                tcp_poll
 .text.tcp_pcb_purge
                0x08017eac       0x80 tcp.o
                0x08017eac                tcp_pcb_purge
 .text.tcp_pcb_remove
                0x08017f2c       0xbc tcp.o
                0x08017f2c                tcp_pcb_remove
 .text.tcp_next_iss
                0x08017fe8       0x30 tcp.o
                0x08017fe8                tcp_next_iss
 .text.tcp_eff_send_mss_impl
                0x08018018       0x48 tcp.o
                0x08018018                tcp_eff_send_mss_impl
 .text.tcp_netif_ip_addr_changed_pcblist
                0x08018060       0x40 tcp.o
 .text.tcp_netif_ip_addr_changed
                0x080180a0       0x7c tcp.o
                0x080180a0                tcp_netif_ip_addr_changed
 .text.tcp_input
                0x0801811c      0x784 tcp_in.o
                0x0801811c                tcp_input
 .text.tcp_input_delayed_close
                0x080188a0       0x64 tcp_in.o
 .text.tcp_listen_input
                0x08018904      0x1d0 tcp_in.o
 .text.tcp_timewait_input
                0x08018ad4       0xcc tcp_in.o
 .text.tcp_process
                0x08018ba0      0x6f0 tcp_in.o
 .text.tcp_oos_insert_segment
                0x08019290       0xec tcp_in.o
 .text.tcp_receive
                0x0801937c      0xeb8 tcp_in.o
 .text.tcp_getoptbyte
                0x0801a234       0x78 tcp_in.o
 .text.tcp_parseopt
                0x0801a2ac       0xc4 tcp_in.o
 .text.tcp_trigger_input_pcb_close
                0x0801a370       0x20 tcp_in.o
                0x0801a370                tcp_trigger_input_pcb_close
 .text.tcp_output_alloc_header
                0x0801a390       0xe0 tcp_out.o
 .text.tcp_send_fin
                0x0801a470       0x80 tcp_out.o
                0x0801a470                tcp_send_fin
 .text.tcp_create_segment
                0x0801a4f0      0x114 tcp_out.o
 .text.tcp_pbuf_prealloc
                0x0801a604       0xb0 tcp_out.o
 .text.tcp_write_checks
                0x0801a6b4       0xd4 tcp_out.o
 .text.tcp_write
                0x0801a788      0x5d4 tcp_out.o
                0x0801a788                tcp_write
 .text.tcp_enqueue_flags
                0x0801ad5c      0x1d4 tcp_out.o
                0x0801ad5c                tcp_enqueue_flags
 .text.tcp_send_empty_ack
                0x0801af30       0xb4 tcp_out.o
                0x0801af30                tcp_send_empty_ack
 .text.tcp_output
                0x0801afe4      0x38c tcp_out.o
                0x0801afe4                tcp_output
 .text.tcp_output_segment
                0x0801b370      0x150 tcp_out.o
 .text.tcp_rst  0x0801b4c0       0xe8 tcp_out.o
                0x0801b4c0                tcp_rst
 .text.tcp_rexmit_rto
                0x0801b5a8       0x6c tcp_out.o
                0x0801b5a8                tcp_rexmit_rto
 .text.tcp_rexmit
                0x0801b614       0xa0 tcp_out.o
                0x0801b614                tcp_rexmit
 .text.tcp_rexmit_fast
                0x0801b6b4       0x9c tcp_out.o
                0x0801b6b4                tcp_rexmit_fast
 .text.tcp_keepalive
                0x0801b750       0x8c tcp_out.o
                0x0801b750                tcp_keepalive
 .text.tcp_zero_window_probe
                0x0801b7dc      0x150 tcp_out.o
                0x0801b7dc                tcp_zero_window_probe
 .text.udp_init
                0x0801b92c        0xc udp.o
                0x0801b92c                udp_init
 .text.udp_new_port
                0x0801b938       0x74 udp.o
 .text.udp_input_local_match
                0x0801b9ac       0x78 udp.o
 .text.udp_input
                0x0801ba24      0x214 udp.o
                0x0801ba24                udp_input
 .text.udp_send
                0x0801bc38       0x30 udp.o
                0x0801bc38                udp_send
 .text.udp_sendto
                0x0801bc68       0x90 udp.o
                0x0801bc68                udp_sendto
 .text.udp_sendto_if
                0x0801bcf8       0x78 udp.o
                0x0801bcf8                udp_sendto_if
 .text.udp_sendto_if_src
                0x0801bd70      0x164 udp.o
                0x0801bd70                udp_sendto_if_src
 .text.udp_bind
                0x0801bed4       0xdc udp.o
                0x0801bed4                udp_bind
 .text.udp_connect
                0x0801bfb0       0xac udp.o
                0x0801bfb0                udp_connect
 .text.udp_disconnect
                0x0801c05c       0x2c udp.o
                0x0801c05c                udp_disconnect
 .text.udp_recv
                0x0801c088       0x24 udp.o
                0x0801c088                udp_recv
 .text.udp_remove
                0x0801c0ac       0x60 udp.o
                0x0801c0ac                udp_remove
 .text.udp_new  0x0801c10c       0x34 udp.o
                0x0801c10c                udp_new
 .text.udp_new_ip_type
                0x0801c140       0x1c udp.o
                0x0801c140                udp_new_ip_type
 .text.udp_netif_ip_addr_changed
                0x0801c15c       0x5c udp.o
                0x0801c15c                udp_netif_ip_addr_changed
 .text.tcpip_tcp_timer
                0x0801c1b8       0x44 timeouts.o
 .text.tcp_timer_needed
                0x0801c1fc       0x40 timeouts.o
                0x0801c1fc                tcp_timer_needed
 .text.cyclic_timer
                0x0801c23c       0x2c timeouts.o
 .text.sys_timeouts_init
                0x0801c268       0x50 timeouts.o
                0x0801c268                sys_timeouts_init
 .text.sys_timeout
                0x0801c2b8      0x12c timeouts.o
                0x0801c2b8                sys_timeout
 .text.sys_check_timeouts
                0x0801c3e4       0xa4 timeouts.o
 .text.sys_timeouts_sleeptime
                0x0801c488       0x4c timeouts.o
 .text.sys_timeouts_mbox_fetch
                0x0801c4d4       0x4c timeouts.o
                0x0801c4d4                sys_timeouts_mbox_fetch
 .text.recv_udp
                0x0801c520       0xc8 api_msg.o
 .text.recv_tcp
                0x0801c5e8       0xd8 api_msg.o
 .text.poll_tcp
                0x0801c6c0       0xb8 api_msg.o
 .text.sent_tcp
                0x0801c778       0x98 api_msg.o
 .text.err_tcp  0x0801c810      0x198 api_msg.o
 .text.setup_tcp
                0x0801c9a8       0x50 api_msg.o
 .text.accept_function
                0x0801c9f8      0x140 api_msg.o
 .text.pcb_new  0x0801cb38       0xbc api_msg.o
 .text.lwip_netconn_do_newconn
                0x0801cbf4       0x54 api_msg.o
                0x0801cbf4                lwip_netconn_do_newconn
 .text.netconn_alloc
                0x0801cc48       0xcc api_msg.o
                0x0801cc48                netconn_alloc
 .text.netconn_free
                0x0801cd14       0x58 api_msg.o
                0x0801cd14                netconn_free
 .text.netconn_drain
                0x0801cd6c      0x100 api_msg.o
 .text.lwip_netconn_do_close_internal
                0x0801ce6c      0x278 api_msg.o
 .text.lwip_netconn_do_delconn
                0x0801d0e4      0x1b4 api_msg.o
                0x0801d0e4                lwip_netconn_do_delconn
 .text.lwip_netconn_do_bind
                0x0801d298       0xc0 api_msg.o
                0x0801d298                lwip_netconn_do_bind
 .text.lwip_netconn_do_connected
                0x0801d358      0x114 api_msg.o
 .text.lwip_netconn_do_connect
                0x0801d46c      0x18c api_msg.o
                0x0801d46c                lwip_netconn_do_connect
 .text.lwip_netconn_do_disconnect
                0x0801d5f8       0x68 api_msg.o
                0x0801d5f8                lwip_netconn_do_disconnect
 .text.lwip_netconn_do_listen
                0x0801d660      0x180 api_msg.o
                0x0801d660                lwip_netconn_do_listen
 .text.lwip_netconn_do_send
                0x0801d7e0       0xc8 api_msg.o
                0x0801d7e0                lwip_netconn_do_send
 .text.lwip_netconn_do_recv
                0x0801d8a8       0x94 api_msg.o
                0x0801d8a8                lwip_netconn_do_recv
 .text.lwip_netconn_do_writemore
                0x0801d93c      0x2ec api_msg.o
 .text.lwip_netconn_do_write
                0x0801dc28      0x114 api_msg.o
                0x0801dc28                lwip_netconn_do_write
 .text.lwip_netconn_do_getaddr
                0x0801dd3c      0x11c api_msg.o
                0x0801dd3c                lwip_netconn_do_getaddr
 .text.lwip_netconn_do_close
                0x0801de58      0x118 api_msg.o
                0x0801de58                lwip_netconn_do_close
 .text.lwip_netconn_do_join_leave_group
                0x0801df70       0xbc api_msg.o
                0x0801df70                lwip_netconn_do_join_leave_group
 .text.netconn_apimsg
                0x0801e02c       0x38 api_lib.o
 .text.netconn_new_with_proto_and_callback
                0x0801e064       0xb4 api_lib.o
                0x0801e064                netconn_new_with_proto_and_callback
 .text.netconn_delete
                0x0801e118       0x4c api_lib.o
                0x0801e118                netconn_delete
 .text.netconn_getaddr
                0x0801e164       0x5c api_lib.o
                0x0801e164                netconn_getaddr
 .text.netconn_bind
                0x0801e1c0       0x54 api_lib.o
                0x0801e1c0                netconn_bind
 .text.netconn_connect
                0x0801e214       0x54 api_lib.o
                0x0801e214                netconn_connect
 .text.netconn_disconnect
                0x0801e268       0x34 api_lib.o
                0x0801e268                netconn_disconnect
 .text.netconn_listen_with_backlog
                0x0801e29c       0x38 api_lib.o
                0x0801e29c                netconn_listen_with_backlog
 .text.netconn_accept
                0x0801e2d4       0xd4 api_lib.o
                0x0801e2d4                netconn_accept
 .text.netconn_recv_data
                0x0801e3a8      0x158 api_lib.o
 .text.netconn_recv_tcp_pbuf
                0x0801e500       0x30 api_lib.o
                0x0801e500                netconn_recv_tcp_pbuf
 .text.netconn_recv
                0x0801e530       0xa8 api_lib.o
                0x0801e530                netconn_recv
 .text.netconn_send
                0x0801e5d8       0x3c api_lib.o
                0x0801e5d8                netconn_send
 .text.netconn_write_partly
                0x0801e614       0xbc api_lib.o
                0x0801e614                netconn_write_partly
 .text.netconn_close_shutdown
                0x0801e6d0       0x40 api_lib.o
 .text.netconn_join_leave_group
                0x0801e710       0x64 api_lib.o
                0x0801e710                netconn_join_leave_group
 .text.err_to_errno
                0x0801e774       0x3c err.o
                0x0801e774                err_to_errno
 .text.netbuf_delete
                0x0801e7b0       0x3c netbuf.o
                0x0801e7b0                netbuf_delete
 .text.netbuf_free
                0x0801e7ec       0x38 netbuf.o
                0x0801e7ec                netbuf_free
 .text.netbuf_ref
                0x0801e824       0x78 netbuf.o
                0x0801e824                netbuf_ref
 .text.get_socket
                0x0801e89c       0x58 sockets.o
 .text.tryget_socket
                0x0801e8f4       0x50 sockets.o
 .text.alloc_socket
                0x0801e944      0x110 sockets.o
 .text.free_socket
                0x0801ea54       0x54 sockets.o
 .text.lwip_accept
                0x0801eaa8      0x26c sockets.o
                0x0801eaa8                lwip_accept
 .text.lwip_bind
                0x0801ed14       0xbc sockets.o
                0x0801ed14                lwip_bind
 .text.lwip_close
                0x0801edd0       0xa4 sockets.o
                0x0801edd0                lwip_close
 .text.lwip_connect
                0x0801ee74       0xe0 sockets.o
                0x0801ee74                lwip_connect
 .text.lwip_listen
                0x0801ef54       0xc4 sockets.o
                0x0801ef54                lwip_listen
 .text.lwip_recvfrom
                0x0801f018      0x354 sockets.o
                0x0801f018                lwip_recvfrom
 .text.lwip_recv
                0x0801f36c       0x2c sockets.o
                0x0801f36c                lwip_recv
 .text.lwip_send
                0x0801f398       0xcc sockets.o
                0x0801f398                lwip_send
 .text.lwip_sendto
                0x0801f464      0x120 sockets.o
                0x0801f464                lwip_sendto
 .text.lwip_socket
                0x0801f584       0xb0 sockets.o
                0x0801f584                lwip_socket
 .text.event_callback
                0x0801f634      0x224 sockets.o
 .text.lwip_getaddrname
                0x0801f858       0xec sockets.o
 .text.lwip_getsockname
                0x0801f944       0x24 sockets.o
                0x0801f944                lwip_getsockname
 .text.lwip_setsockopt
                0x0801f968       0xa4 sockets.o
                0x0801f968                lwip_setsockopt
 .text.lwip_setsockopt_impl
                0x0801fa0c      0x48c sockets.o
 .text.lwip_ioctl
                0x0801fe98       0xc0 sockets.o
                0x0801fe98                lwip_ioctl
 .text.lwip_socket_register_membership
                0x0801ff58       0x94 sockets.o
 .text.lwip_socket_unregister_membership
                0x0801ffec       0xbc sockets.o
 .text.lwip_socket_drop_registered_memberships
                0x080200a8       0xc0 sockets.o
 .text.lwip_geterr
                0x08020168       0x34 sockets.o
                0x08020168                lwip_geterr
 .text.tcpip_thread
                0x0802019c       0xb0 tcpip_lwip.o
 .text.tcpip_inpkt
                0x0802024c       0x70 tcpip_lwip.o
                0x0802024c                tcpip_inpkt
 .text.tcpip_input
                0x080202bc       0x44 tcpip_lwip.o
                0x080202bc                tcpip_input
 .text.tcpip_callback_with_block
                0x08020300       0x7c tcpip_lwip.o
                0x08020300                tcpip_callback_with_block
 .text.tcpip_send_msg_wait_sem
                0x0802037c       0x30 tcpip_lwip.o
                0x0802037c                tcpip_send_msg_wait_sem
 .text.tcpip_init
                0x080203ac       0x68 tcpip_lwip.o
                0x080203ac                tcpip_init
 .text.ethernet_input
                0x08020414      0x178 ethernet.o
                0x08020414                ethernet_input
 .text.ethernet_output
                0x0802058c       0x88 ethernet.o
                0x0802058c                ethernet_output
 .text.etharp_free_entry
                0x08020614       0x64 etharp.o
 .text.etharp_tmr
                0x08020678      0x150 etharp.o
                0x08020678                etharp_tmr
 .text.etharp_find_entry
                0x080207c8      0x22c etharp.o
 .text.etharp_update_arp_entry
                0x080209f4      0x130 etharp.o
 .text.etharp_cleanup_netif
                0x08020b24       0x60 etharp.o
                0x08020b24                etharp_cleanup_netif
 .text.etharp_input
                0x08020b84      0x13c etharp.o
                0x08020b84                etharp_input
 .text.etharp_output_to_arp_index
                0x08020cc0      0x11c etharp.o
 .text.etharp_output
                0x08020ddc      0x1ac etharp.o
                0x08020ddc                etharp_output
 .text.etharp_query
                0x08020f88      0x27c etharp.o
                0x08020f88                etharp_query
 .text.etharp_raw
                0x08021204      0x100 etharp.o
 .text.etharp_request_dst
                0x08021304       0x44 etharp.o
 .text.etharp_request
                0x08021348       0x24 etharp.o
                0x08021348                etharp_request
 .text.SuspendOSInterrupts
                0x0802136c       0x24 cirq_buffer.o
 .text.ResumeOSInterrupts
                0x08021390       0x34 cirq_buffer.o
 .text.CirqBuffStatCreate
                0x080213c4       0x54 cirq_buffer.o
                0x080213c4                CirqBuffStatCreate
 .text.CirqBuffPush
                0x08021418       0x78 cirq_buffer.o
                0x08021418                CirqBuffPush
 .text.CirqBuffPop
                0x08021490       0x74 cirq_buffer.o
                0x08021490                CirqBuffPop
 .text.CirqBuff_Peek
                0x08021504       0x68 cirq_buffer.o
                0x08021504                CirqBuff_Peek