Archive member included because of file (symbol)

d:/arcticstudio-21.0.0-win32.win32.x86_64/msys/opt/arm-none-eabi/bin/../lib/gcc/arm-none-eabi/4.9.3/../../../../arm-none-eabi/lib/thumb/armv7-m\libc.a(lib_a-abort.o)
                              clib_port.o (abort)
d:/arcticstudio-21.0.0-win32.win32.x86_64/msys/opt/arm-none-eabi/bin/../lib/gcc/arm-none-eabi/4.9.3/../../../../arm-none-eabi/lib/thumb/armv7-m\libc.a(lib_a-errno.o)
                              clib_port.o (__errno)
d:/arcticstudio-21.0.0-win32.win32.x86_64/msys/opt/arm-none-eabi/bin/../lib/gcc/arm-none-eabi/4.9.3/../../../../arm-none-eabi/lib/thumb/armv7-m\libc.a(lib_a-fopen.o)
                              ramlog.o (fopen)
d:/arcticstudio-21.0.0-win32.win32.x86_64/msys/opt/arm-none-eabi/bin/../lib/gcc/arm-none-eabi/4.9.3/../../../../arm-none-eabi/lib/thumb/armv7-m\libc.a(lib_a-fseek.o)
                              d:/arcticstudio-21.0.0-win32.win32.x86_64/msys/opt/arm-none-eabi/bin/../lib/gcc/arm-none-eabi/4.9.3/../../../../arm-none-eabi/lib/thumb/armv7-m\libc.a(lib_a-fopen.o) (_fseek_r)
d:/arcticstudio-21.0.0-win32.win32.x86_64/msys/opt/arm-none-eabi/bin/../lib/gcc/arm-none-eabi/4.9.3/../../../../arm-none-eabi/lib/thumb/armv7-m\libc.a(lib_a-fseeko.o)
                              d:/arcticstudio-21.0.0-win32.win32.x86_64/msys/opt/arm-none-eabi/bin/../lib/gcc/arm-none-eabi/4.9.3/../../../../arm-none-eabi/lib/thumb/armv7-m\libc.a(lib_a-fseek.o) (_fseeko_r)
d:/arcticstudio-21.0.0-win32.win32.x86_64/msys/opt/arm-none-eabi/bin/../lib/gcc/arm-none-eabi/4.9.3/../../../../arm-none-eabi/lib/thumb/armv7-m\libc.a(lib_a-fstatr.o)
                              d:/arcticstudio-21.0.0-win32.win32.x86_64/msys/opt/arm-none-eabi/bin/../lib/gcc/arm-none-eabi/4.9.3/../../../../arm-none-eabi/lib/thumb/armv7-m\libc.a(lib_a-fseeko.o) (_fstat_r)
d:/arcticstudio-21.0.0-win32.win32.x86_64/msys/opt/arm-none-eabi/bin/../lib/gcc/arm-none-eabi/4.9.3/../../../../arm-none-eabi/lib/thumb/armv7-m\libc.a(lib_a-impure.o)
                              d:/arcticstudio-21.0.0-win32.win32.x86_64/msys/opt/arm-none-eabi/bin/../lib/gcc/arm-none-eabi/4.9.3/../../../../arm-none-eabi/lib/thumb/armv7-m\libc.a(lib_a-errno.o) (_impure_ptr)
d:/arcticstudio-21.0.0-win32.win32.x86_64/msys/opt/arm-none-eabi/bin/../lib/gcc/arm-none-eabi/4.9.3/../../../../arm-none-eabi/lib/thumb/armv7-m\libc.a(lib_a-makebuf.o)
                              d:/arcticstudio-21.0.0-win32.win32.x86_64/msys/opt/arm-none-eabi/bin/../lib/gcc/arm-none-eabi/4.9.3/../../../../arm-none-eabi/lib/thumb/armv7-m\libc.a(lib_a-fseeko.o) (__smakebuf_r)
d:/arcticstudio-21.0.0-win32.win32.x86_64/msys/opt/arm-none-eabi/bin/../lib/gcc/arm-none-eabi/4.9.3/../../../../arm-none-eabi/lib/thumb/armv7-m\libc.a(lib_a-malloc.o)
                              cirq_buffer.o (malloc)
d:/arcticstudio-21.0.0-win32.win32.x86_64/msys/opt/arm-none-eabi/bin/../lib/gcc/arm-none-eabi/4.9.3/../../../../arm-none-eabi/lib/thumb/armv7-m\libc.a(lib_a-mallocr.o)
                              d:/arcticstudio-21.0.0-win32.win32.x86_64/msys/opt/arm-none-eabi/bin/../lib/gcc/arm-none-eabi/4.9.3/../../../../arm-none-eabi/lib/thumb/armv7-m\libc.a(lib_a-makebuf.o) (_malloc_r)
d:/arcticstudio-21.0.0-win32.win32.x86_64/msys/opt/arm-none-eabi/bin/../lib/gcc/arm-none-eabi/4.9.3/../../../../arm-none-eabi/lib/thumb/armv7-m\libc.a(lib_a-memcmp.o)
                              Com_Com.o (memcmp)
d:/arcticstudio-21.0.0-win32.win32.x86_64/msys/opt/arm-none-eabi/bin/../lib/gcc/arm-none-eabi/4.9.3/../../../../arm-none-eabi/lib/thumb/armv7-m\libc.a(lib_a-memcpy.o)
                              Rte_Fifo.o (memcpy)
d:/arcticstudio-21.0.0-win32.win32.x86_64/msys/opt/arm-none-eabi/bin/../lib/gcc/arm-none-eabi/4.9.3/../../../../arm-none-eabi/lib/thumb/armv7-m\libc.a(lib_a-memset.o)
                              os_init.o (memset)
d:/arcticstudio-21.0.0-win32.win32.x86_64/msys/opt/arm-none-eabi/bin/../lib/gcc/arm-none-eabi/4.9.3/../../../../arm-none-eabi/lib/thumb/armv7-m\libc.a(lib_a-mlock.o)
                              d:/arcticstudio-21.0.0-win32.win32.x86_64/msys/opt/arm-none-eabi/bin/../lib/gcc/arm-none-eabi/4.9.3/../../../../arm-none-eabi/lib/thumb/armv7-m\libc.a(lib_a-mallocr.o) (__malloc_lock)
d:/arcticstudio-21.0.0-win32.win32.x86_64/msys/opt/arm-none-eabi/bin/../lib/gcc/arm-none-eabi/4.9.3/../../../../arm-none-eabi/lib/thumb/armv7-m\libc.a(lib_a-openr.o)
                              d:/arcticstudio-21.0.0-win32.win32.x86_64/msys/opt/arm-none-eabi/bin/../lib/gcc/arm-none-eabi/4.9.3/../../../../arm-none-eabi/lib/thumb/armv7-m\libc.a(lib_a-fopen.o) (_open_r)
d:/arcticstudio-21.0.0-win32.win32.x86_64/msys/opt/arm-none-eabi/bin/../lib/gcc/arm-none-eabi/4.9.3/../../../../arm-none-eabi/lib/thumb/armv7-m\libc.a(lib_a-reent.o)
                              d:/arcticstudio-21.0.0-win32.win32.x86_64/msys/opt/arm-none-eabi/bin/../lib/gcc/arm-none-eabi/4.9.3/../../../../arm-none-eabi/lib/thumb/armv7-m\libc.a(lib_a-fstatr.o) (errno)
[...]
Memory Configuration

Name             Origin             Length             Attributes
L_FLASH_CODE_0   0x08000000         0x00030000
L_SRAM_0         0x20000000         0x00010000
*default*        0x00000000         0xffffffff

Linker script and memory map


.isr_vector     0x08000000      0x18c
                0x08000000                . = ALIGN (0x4)
 *(.isr_vector)
 .isr_vector    0x08000000      0x18c startup_cmx.o
                0x0800018c                . = ALIGN (0x4)

.text           0x0800018c     0x51c0
                0x0800018c                . = ALIGN (0x4)
 *(.ti_sdo_ipc_init)
 *(.data_ti_ipc_namesrv_NameServerRemoteRpmsg_Module__state__V)
 *(.data_ti_sdo_ipc_SharedRegion_Module__state__V)
 *(.data_ti_sdo_ipc_Ipc_Module__state__V)
 *(.data_ti_sdo_ipc_Notify_Module__state__V)
 *(.data_ti_sdo_ipc_family_vayu_arc_NotifyDriverMbx_Module__state__V)
 *(.data_ti_sdo_ipc_heaps_HeapMemMP_Module__state__V)
 *(.data_ti_ipc_remoteproc_Resource_Module__state__V)
 *(.data_ti_ipc_transports_TransportRpmsgSetup_Module__state__V)
 *(.data_ti_sdo_ipc_MessageQ_Module__state__V)
 *(.data_ti_sdo_ipc_family_vayu_arc_InterruptIpu_Module__state__V)
 *(.data_ti_sdo_ipc_family_vayu_arc_NotifySetup_Module__state__V)
 *(.data_ti_sdo_utils_MultiProc_Module__state__V)
 *(.data_ti_sdo_utils_NameServer_Module__state__V)
 *(.data_xdc_runtime_Startup_Module__state__V)
 *(.data_xdc_runtime_System_Module__state__V)
 *(.data_ti_sdo_ipc_GateMP_Module__state__V)
 *(.text .text.*)
 .text.OsRteTask
                0x0800018c       0x48 Rte.o
                0x0800018c                OsRteTask
 .text.Rte_Call_IoHwAb_serviceIoHwAb_Digital_LED1_Write
                0x080001d4       0x20 Rte_Internal_IoHwAb.o
                0x080001d4                Rte_Call_IoHwAb_serviceIoHwAb_Digital_LED1_Write
 .text.Rte_Call_LedBlinkerSWC_ledBlinkerSWC_Digital_LED1_Write
                0x080001f4       0x1c Rte_Internal_LedBlinkerSWC.o
                0x080001f4                Rte_Call_LedBlinkerSWC_ledBlinkerSWC_Digital_LED1_Write
 .text.Rte_serviceIoHwAb_DigitalWrite
                0x08000210       0x24 Rte_IoHwAb.o
                0x08000210                Rte_serviceIoHwAb_DigitalWrite
 .text.Rte_ledBlinkerSWC_LedBlinkerSWCMain
                0x08000234        0xc Rte_LedBlinkerSWC.o
                0x08000234                Rte_ledBlinkerSWC_LedBlinkerSWCMain
 .text.Rte_Call_Digital_LED1_Write
                0x08000240       0x1c LedBlinkerSWC.o
 .text.ledBlinkerSWCMain
                0x0800025c       0x34 LedBlinkerSWC.o
                0x0800025c                ledBlinkerSWCMain
 .text.OsIdle   0x08000290        0x8 OsIdleTask.o
                0x08000290                OsIdle
 .text.Reset_Handler
                0x08000298       0x74 startup_cmx.o
                0x08000298                Reset_Handler
 .text.Default_Handler
                0x0800030c        0x2 startup_cmx.o
                0x0800030c                Default_Handler
                0x0800030c                SVC_Handler
                0x0800030c                DebugMon_Handler
 *fill*         0x0800030e        0x2 
 .text.RCC_GetClocksFreq
                0x08000310      0x1c4 stm32f10x_rcc.o
                0x08000310                RCC_GetClocksFreq
 .text.RCC_APB2PeriphClockCmd
                0x080004d4       0x3c stm32f10x_rcc.o
                0x080004d4                RCC_APB2PeriphClockCmd
 .text.Arc_Assert
                0x08000510       0x18 arc_assert.o
                0x08000510                Arc_Assert
 .text.EcuM_Init
                0x08000528       0xcc EcuM.o
                0x08000528                EcuM_Init
 .text.EcuM_SelectShutdownTarget
                0x080005f4       0x44 EcuM.o
                0x080005f4                EcuM_SelectShutdownTarget
 .text.EcuM_ValidateWakeupEvent
                0x08000638       0x24 EcuM.o
                0x08000638                EcuM_ValidateWakeupEvent
 .text.SuspendOSInterrupts
                0x0800065c       0x24 EcuM_Main.o
 .text.ResumeOSInterrupts
                0x08000680       0x34 EcuM_Main.o
 .text.GetMainStateAsString
                0x080006b4      0x314 EcuM_Main.o
                0x080006b4                GetMainStateAsString
 .text.SetCurrentState
                0x080009c8       0x44 EcuM_Main.o
                0x080009c8                SetCurrentState
 .text._dummy   0x08000a0c        0xc EcuM_Callout_Stubs.o
 .text.EcuM_DeterminePbConfiguration
                0x08000a18       0x20 EcuM_Callout_Stubs.o
                0x08000a18                EcuM_DeterminePbConfiguration
 .text.EcuM_AL_DriverInitOne
                0x08000a38       0x58 EcuM_Callout_Stubs.o
                0x08000a38                EcuM_AL_DriverInitOne
 .text.EcuM_Arc_RememberWakeupEvent
                0x08000a90       0x18 EcuM_Callout_Stubs.o
                0x08000a90                EcuM_Arc_RememberWakeupEvent
 .text.NMI_Handler
                0x08000aa8       0x10 arm_cortex_mx_handlers.o
                0x08000aa8                NMI_Handler
 .text.regs     0x08000ab8       0x70 arm_cortex_mx_handlers.o
                0x08000ab8                regs
 .text.HardFault_Handler
                0x08000b28       0x18 arm_cortex_mx_handlers.o
                0x08000b28                HardFault_Handler
 .text.MemManage_Handler
                0x08000b40       0x14 arm_cortex_mx_handlers.o
                0x08000b40                MemManage_Handler
 .text.BusFault_Handler
                0x08000b54       0x14 arm_cortex_mx_handlers.o
                0x08000b54                BusFault_Handler
 .text.UsageFault_Handler
                0x08000b68       0x14 arm_cortex_mx_handlers.o
                0x08000b68                UsageFault_Handler
 .text.Os_ArchGetProtectionType
                0x08000b7c       0x18 arm_cortex_mx_callout_stubs.o
                0x08000b7c                Os_ArchGetProtectionType
 .text          0x08000b94       0x44 arch_krn.o
                0x08000b94                Os_ArchSwapAndTrigPendSv
                0x08000b98                Os_ArchTrigPendSV
                0x08000baa                Os_ArchSetSpAndCall
                0x08000bb4                Os_ArchSwapContext
                0x08000bbe                Os_ArchSwapContextTo
 .text._Irq_Save
                0x08000bd8       0x20 os_event.o
 .text._Irq_Restore
                0x08000bf8       0x1c os_event.o
 .text.Os_SysTaskGetCurr
                0x08000c14       0x18 os_event.o
 .text.Os_SysIntAnyDisabled
                0x08000c2c       0x30 os_event.o
 .text.Os_SchedulerResourceIsFree
                0x08000c5c       0x28 os_event.o
 .text.Os_TaskGet
                0x08000c84       0x28 os_event.o
 .text.Os_TaskOccupiesResources
                0x08000cac       0x24 os_event.o
 .text.Os_CallErrorHook
                0x08000cd0       0x34 os_event.o
 .text.WaitEvent
                0x08000d04      0x120 os_event.o
                0x08000d04                WaitEvent
 .text.SetEvent
                0x08000e24      0x16c os_event.o
                0x08000e24                SetEvent
 .text.GetEvent
                0x08000f90      0x118 os_event.o
                0x08000f90                GetEvent
 .text.ClearEvent
                0x080010a8       0xc4 os_event.o
                0x080010a8                ClearEvent
 .text.Os_SysIntClearAll
                0x0800116c       0x20 os_init.o
 .text.Os_TaskGet
                0x0800118c       0x28 os_init.o
 .text.copyPcbParts
                0x080011b4       0x30 os_init.o
 .text.InitOS   0x080011e4      0x10c os_init.o
                0x080011e4                InitOS
 .text.os_start
                0x080012f0      0x11c os_init.o
 .text.main     0x0800140c       0x10 os_init.o
                0x0800140c                main
 .text.StartOS  0x0800141c       0x38 os_init.o
                0x0800141c                StartOS
 .text.ShutdownOS
                0x08001454       0x30 os_init.o
                0x08001454                ShutdownOS
 .text.Os_SysTaskSetCurr
                0x08001484       0x1c arch.o
 .text.Os_SysIntAnyDisabled
                0x080014a0       0x30 arch.o
 .text.NVIC_GetPriority
                0x080014d0       0x50 arch.o
 .text.Os_SchedulerResourceIsFree
                0x08001520       0x28 arch.o
 .text.Os_TaskMakeRunning
                0x08001548       0x18 arch.o
 .text.Os_StackIsEndmarkOk
                0x08001560       0x30 arch.o
 .text.Os_StackIsStartmarkOk
                0x08001590       0x38 arch.o
 .text.Os_StackPerformCheck
                0x080015c8       0x2c arch.o
 .text.Os_ArchFirstCall
                0x080015f4       0x18 arch.o
                0x080015f4                Os_ArchFirstCall
 .text.Os_ArchGetScSize
                0x0800160c       0x10 arch.o
                0x0800160c                Os_ArchGetScSize
 .text.PendSV_Handler
                0x0800161c       0x28 arch.o
                0x0800161c                PendSV_Handler
 .text.Os_ArchDoSwap
                0x08001644       0x1c arch.o
                0x08001644                Os_ArchDoSwap
 .text.Irq_Handler
                0x08001660      0x1f4 arch.o
                0x08001660                Irq_Handler
 .text.Os_ArchSetupContext
                0x08001854       0x44 arch.o
                0x08001854                Os_ArchSetupContext
 .text.Os_ArchInit
                0x08001898        0xc arch.o
                0x08001898                Os_ArchInit
 .text._Irq_Save
                0x080018a4       0x20 os_task.o
 .text._Irq_Restore
                0x080018c4       0x1c os_task.o
 .text.Os_SysTaskSetCurr
                0x080018e0       0x1c os_task.o
 .text.Os_SysTaskGetCurr
                0x080018fc       0x18 os_task.o
 .text.Os_SysIntAnyDisabled
                0x08001914       0x30 os_task.o
 .text.Os_SysIntClearAll
                0x08001944       0x20 os_task.o
 .text.Os_SchedulerResourceIsFree
                0x08001964       0x28 os_task.o
 .text.Os_TaskMakeRunning
                0x0800198c       0x18 os_task.o
 .text.Os_TaskGet
                0x080019a4       0x28 os_task.o
 .text.Os_TaskResourceRemove
                0x080019cc       0xa8 os_task.o
 .text.Os_TaskResourceFreeAll
                0x08001a74       0x2c os_task.o
 .text.Os_StackSetStartmark
                0x08001aa0       0x28 os_task.o
 .text.Os_StackSetEndmark
                0x08001ac8       0x20 os_task.o
 .text.Os_StackIsEndmarkOk
                0x08001ae8       0x30 os_task.o
 .text.Os_StackIsStartmarkOk
                0x08001b18       0x38 os_task.o
 .text.Os_StackPerformCheck
                0x08001b50       0x2c os_task.o
 .text.Os_TaskOccupiesResources
                0x08001b7c       0x24 os_task.o
 .text.Os_CallErrorHook
                0x08001ba0       0x34 os_task.o
 .text.Os_TaskRunningToReady
                0x08001bd4       0x30 os_task.o
 .text.Os_ReadyQRemove
                0x08001c04       0x4c os_task.o
 .text.Os_ReadyQEnqueue
                0x08001c50       0x38 os_task.o
 .text.Os_TaskMakeSuspended
                0x08001c88       0x38 os_task.o
 .text.Os_Arc_SetCleanContext
                0x08001cc0       0x40 os_task.o
 .text.Os_TaskMakeReady
                0x08001d00       0x28 os_task.o
                0x08001d00                Os_TaskMakeReady
 .text.Os_TaskMakeWaiting
                0x08001d28       0x38 os_task.o
                0x08001d28                Os_TaskMakeWaiting
 .text.Os_StackFill
                0x08001d60       0x48 os_task.o
 .text.Os_TaskStartExtended
                0x08001da8       0x44 os_task.o
                0x08001da8                Os_TaskStartExtended
 .text.Os_TaskStartBasic
                0x08001dec        0xc os_task.o
                0x08001dec                Os_TaskStartBasic
 .text.Os_StackSetup
                0x08001df8       0x60 os_task.o
                0x08001df8                Os_StackSetup
 .text.Os_TaskContextInit
                0x08001e58       0x48 os_task.o
                0x08001e58                Os_TaskContextInit
 .text.Os_TaskGetTop
                0x08001ea0       0x98 os_task.o
                0x08001ea0                Os_TaskGetTop
 .text.Os_TaskStartFromBeginning
                0x08001f38       0x9c os_task.o
                0x08001f38                Os_TaskStartFromBeginning
 .text.Os_Dispatch
                0x08001fd4      0x320 os_task.o
                0x08001fd4                Os_Dispatch
 .text.Os_TaskSwapContext
                0x080022f4       0x94 os_task.o
                0x080022f4                Os_TaskSwapContext
 .text.Os_TaskSwapContextTo
                0x08002388       0x9c os_task.o
                0x08002388                Os_TaskSwapContextTo
 .text.ActivateTask
                0x08002424      0x140 os_task.o
                0x08002424                ActivateTask
 .text.TerminateTask
                0x08002564       0xa0 os_task.o
                0x08002564                TerminateTask
 .text.Os_SysTaskGetCurr
                0x08002604       0x18 os_resource.o
 .text.Os_TaskResourceAdd
                0x0800261c       0x58 os_resource.o
 .text.Os_TaskResourceRemove
                0x08002674       0xa8 os_resource.o
 .text.Os_ResourceGetInternal
                0x0800271c       0x28 os_resource.o
                0x0800271c                Os_ResourceGetInternal
 .text.Os_ResourceReleaseInternal
                0x08002744       0x28 os_resource.o
                0x08002744                Os_ResourceReleaseInternal
 .text.Os_ResourceInit
                0x0800276c       0x38 os_resource.o
                0x0800276c                Os_ResourceInit
 .text._Irq_Save
                0x080027a4       0x20 os_alarm.o
 .text._Irq_Restore
                0x080027c4       0x1c os_alarm.o
 .text.Os_SysIntAnyDisabled
                0x080027e0       0x30 os_alarm.o
 .text.Os_CounterGetMaxValue
                0x08002810       0x18 os_alarm.o
 .text.Os_CounterGetValue
                0x08002828       0x18 os_alarm.o
 .text.Os_CounterAdd
                0x08002840       0x44 os_alarm.o
 .text.Os_AlarmGet
                0x08002884       0x28 os_alarm.o
 .text.Os_CallErrorHook
                0x080028ac       0x34 os_alarm.o
 .text.Os_AlarmCheckCycle
                0x080028e0       0x40 os_alarm.o
 .text.AlarmProcess
                0x08002920       0x4c os_alarm.o
 .text.Os_internalSetRelAlarm
                0x0800296c      0x17c os_alarm.o
 .text.Os_internalSetAbsAlarm
                0x08002ae8      0x158 os_alarm.o
 .text.Os_AlarmCheck
                0x08002c40       0xc0 os_alarm.o
                0x08002c40                Os_AlarmCheck
 .text.Os_AlarmAutostart
                0x08002d00       0x80 os_alarm.o
                0x08002d00                Os_AlarmAutostart
 .text._Irq_Save
                0x08002d80       0x20 os_counter.o
 .text._Irq_Restore
                0x08002da0       0x1c os_counter.o
 .text.Os_SysIntAnyDisabled
                0x08002dbc       0x30 os_counter.o
 .text.Os_CounterGetMaxValue
                0x08002dec       0x18 os_counter.o
 .text.Os_CounterGet
                0x08002e04       0x28 os_counter.o
 .text.Os_CounterAdd
                0x08002e2c       0x44 os_counter.o
 .text.Os_AlarmGet
                0x08002e70       0x28 os_counter.o
 .text.Os_CallErrorHook
                0x08002e98       0x34 os_counter.o
 .text.IsCounterValid
                0x08002ecc       0x20 os_counter.o
 .text.IncrementCounter
                0x08002eec       0xc8 os_counter.o
                0x08002eec                IncrementCounter
 .text.OsTick   0x08002fb4       0x4c os_counter.o
                0x08002fb4                OsTick
 .text.Os_CounterInit
                0x08003000       0x50 os_counter.o
                0x08003000                Os_CounterInit
 .text.NVIC_SetPriority
                0x08003050       0x54 sys_tick.o
 .text.SysTick_Config
                0x080030a4       0x44 sys_tick.o
 .text.Os_SysTickInit
                0x080030e8       0x10 sys_tick.o
                0x080030e8                Os_SysTickInit
 .text.Os_SysTickStart
                0x080030f8       0x14 sys_tick.o
                0x080030f8                Os_SysTickStart
 .text.Os_SysTaskGetCurr
                0x0800310c       0x18 os_isr.o
 .text.Os_SysIntAnyDisabled
                0x08003124       0x30 os_isr.o
 .text.Os_SysIntClearAll
                0x08003154       0x20 os_isr.o
 .text.Os_ApplGetCore
                0x08003174       0x2c os_isr.o
 .text.Os_StackIsEndmarkOk
                0x080031a0       0x30 os_isr.o
 .text.Os_StackIsStartmarkOk
                0x080031d0       0x38 os_isr.o
 .text.Os_StackPerformCheck
                0x08003208       0x2c os_isr.o
 .text.Os_CallErrorHook
                0x08003234       0x34 os_isr.o
 .text.Os_IsrResourceFreeAll
                0x08003268       0x2c os_isr.o
 .text.Os_IsrOccupiesResources
                0x08003294       0x24 os_isr.o
 .text.Os_CheckISRinstalled
                0x080032b8       0x2c os_isr.o
 .text.Os_GetIsrVarType
                0x080032e4       0x50 os_isr.o
 .text.Os_IsrResourceRemove
                0x08003334       0x9c os_isr.o
                0x08003334                Os_IsrResourceRemove
 .text.Os_IsrAddWithId
                0x080033d0       0x8c os_isr.o
                0x080033d0                Os_IsrAddWithId
 .text.Os_IsrInit
                0x0800345c       0x24 os_isr.o
                0x0800345c                Os_IsrInit
 .text.Os_IsrAdd
                0x08003480       0xa0 os_isr.o
                0x08003480                Os_IsrAdd
 .text.Os_IsrGetStackInfo
                0x08003520       0x24 os_isr.o
                0x08003520                Os_IsrGetStackInfo
 .text.Os_Isr   0x08003544      0x1b4 os_isr.o
                0x08003544                Os_Isr
 .text.Os_ApplStart
                0x080036f8       0x7c os_application.o
                0x080036f8                Os_ApplStart
 .text.Os_Arc_Panic
                0x08003774       0x58 os_panic.o
                0x08003774                Os_Arc_Panic
 .text.NVIC_SetPriorityGrouping
                0x080037cc       0x48 irq.o
 .text.NVIC_SetPriority
                0x08003814       0x54 irq.o
 .text.osPrioToCpuPrio
                0x08003868       0x38 irq.o
 .text.NVIC_InitVector
                0x080038a0       0x44 irq.o
 .text.Irq_Init
                0x080038e4       0x30 irq.o
                0x080038e4                Irq_Init
 .text.Irq_EOI  0x08003914       0x14 irq.o
                0x08003914                Irq_EOI
 .text.Irq_EnableVector2
                0x08003928       0x98 irq.o
                0x08003928                Irq_EnableVector2
 .text.SuspendOSInterrupts
                0x080039c0       0x24 Det.o
 .text.ResumeOSInterrupts
                0x080039e4       0x34 Det.o
 .text.Det_ReportError
                0x08003a18       0xb8 Det.o
                0x08003a18                Det_ReportError
 .text.IoHwAb_Digital_Write_LED1
                0x08003ad0       0x40 IoHwAb_Digital.o
                0x08003ad0                IoHwAb_Digital_Write_LED1
 .text.IoHwAb_Digital_Write
                0x08003b10       0x30 IoHwAb_Digital.o
                0x08003b10                IoHwAb_Digital_Write
 .text.ramlog_chr
                0x08003b40       0x18 ramlog.o
                0x08003b40                ramlog_chr
 .text.Ramlog_Write
                0x08003b58       0x38 ramlog.o
 .text.Ramlog_Open
                0x08003b90       0x1c ramlog.o
 .text.validFileNo
                0x08003bac       0x38 clib_port.o
 .text.fileno   0x08003be4       0x18 clib_port.o
                0x08003be4                fileno
 .text._write   0x08003bfc       0xbc clib_port.o
                0x08003bfc                _write
 .text.fputc    0x08003cb8       0x30 printf.o
                0x08003cb8                fputc
 .text.printf   0x08003ce8       0x34 printf.o
                0x08003ce8                printf
 .text.vfprintf
                0x08003d1c       0x2c printf.o
                0x08003d1c                vfprintf
 .text.emitChar
                0x08003d48       0x60 printf.o
 .text.emitString
                0x08003da8       0xe0 printf.o
 .text.emitInt  0x08003e88       0x5c printf.o
                0x08003e88                emitInt
 .text.print    0x08003ee4      0x29c printf.o
                0x08003ee4                print
 .text.xtoa     0x08004180       0xc4 xtoa.o
                0x08004180                xtoa
 .text.GPIO_Init
                0x08004244      0x180 stm32f10x_gpio.o
                0x08004244                GPIO_Init
 .text.GPIO_ReadOutputData
                0x080043c4       0x1c stm32f10x_gpio.o
                0x080043c4                GPIO_ReadOutputData
 .text.GPIO_Write
                0x080043e0       0x1c stm32f10x_gpio.o
                0x080043e0                GPIO_Write
 .text.GPIO_PinRemapConfig
                0x080043fc       0xe0 stm32f10x_gpio.o
                0x080043fc                GPIO_PinRemapConfig
 .text.NVIC_SystemReset
                0x080044dc       0x28 Mcu_stm32.o
 .text.Mcu_IdentifyCore
                0x08004504       0x54 Mcu_stm32.o
 .text.Mcu_CheckCpu
                0x08004558       0x24 Mcu_stm32.o
 .text.GetPllValueFromMult
                0x0800457c       0x1c Mcu_stm32.o
 .text.GetPll2ValueFromMult
                0x08004598       0x1c Mcu_stm32.o
 .text.SetClocks
                0x080045b4      0x158 Mcu_stm32.o
 .text.InitPerClocks
                0x0800470c       0x40 Mcu_stm32.o
 .text.InitMcuClocks
                0x0800474c       0x78 Mcu_stm32.o
 .text.Mcu_Init
                0x080047c4       0x48 Mcu_stm32.o
                0x080047c4                Mcu_Init
 .text.Mcu_InitClock
                0x0800480c       0x74 Mcu_stm32.o
                0x0800480c                Mcu_InitClock
 .text.Mcu_DistributePllClock
                0x08004880       0x28 Mcu_stm32.o
                0x08004880                Mcu_DistributePllClock
 .text.Mcu_GetPllStatus
                0x080048a8       0x48 Mcu_stm32.o
                0x080048a8                Mcu_GetPllStatus
 .text.Mcu_GetResetReason
                0x080048f0       0x6c Mcu_stm32.o
                0x080048f0                Mcu_GetResetReason
 .text.Mcu_Arc_GetSystemClock
                0x0800495c       0x8c Mcu_stm32.o
                0x0800495c                Mcu_Arc_GetSystemClock
 .text.Port_Init
                0x080049e8       0xb8 Port_stm32.o
                0x080049e8                Port_Init
 .text.usart_Configuration
                0x08004aa0       0xc0 Port_stm32.o
                0x08004aa0                usart_Configuration
 .text.usart_send_char
                0x08004b60       0x34 Port_stm32.o
                0x08004b60                usart_send_char
 .text.USART_Init
                0x08004b94      0x174 stm32f10x_usart.o
                0x08004b94                USART_Init
 .text.USART_Cmd
                0x08004d08       0x40 stm32f10x_usart.o
                0x08004d08                USART_Cmd
 .text.USART_ITConfig
                0x08004d48       0x90 stm32f10x_usart.o
                0x08004d48                USART_ITConfig
 .text.USART_SendData
                0x08004dd8       0x24 stm32f10x_usart.o
                0x08004dd8                USART_SendData
 .text.USART_GetFlagStatus
                0x08004dfc       0x38 stm32f10x_usart.o
                0x08004dfc                USART_GetFlagStatus
 .text.NVIC_PriorityGroupConfig
                0x08004e34       0x24 misc.o
                0x08004e34                NVIC_PriorityGroupConfig
 .text.NVIC_Init
                0x08004e58       0xc4 misc.o
                0x08004e58                NVIC_Init
 .text.NVIC_SetVectorTable
                0x08004f1c       0x2c misc.o
                0x08004f1c                NVIC_SetVectorTable
 .text.Dio_WritePort
                0x08004f48       0x2c Dio_stm32.o
                0x08004f48                Dio_WritePort
 .text.Dio_WriteChannel
                0x08004f74       0x68 Dio_stm32.o
                0x08004f74                Dio_WriteChannel
 .text.Dio_Init
                0x08004fdc       0x24 Dio_stm32.o
                0x08004fdc                Dio_Init
 .text          0x08005000        0xc d:/arcticstudio-21.0.0-win32.win32.x86_64/msys/opt/arm-none-eabi/bin/../lib/gcc/arm-none-eabi/4.9.3/../../../../arm-none-eabi/lib/thumb/armv7-m\libc.a(lib_a-errno.o)
                0x08005000                __errno
 .text          0x0800500c       0x9c d:/arcticstudio-21.0.0-win32.win32.x86_64/msys/opt/arm-none-eabi/bin/../lib/gcc/arm-none-eabi/4.9.3/../../../../arm-none-eabi/lib/thumb/armv7-m\libc.a(lib_a-memset.o)
                0x0800500c                memset
 .text          0x080050a8       0xbc d:/arcticstudio-21.0.0-win32.win32.x86_64/msys/opt/arm-none-eabi/bin/../lib/gcc/arm-none-eabi/4.9.3/../../../../arm-none-eabi/lib/thumb/armv7-m\libc.a(lib_a-strcpy.o)
                0x080050a8                strcpy
 .text          0x08005164       0x5c d:/arcticstudio-21.0.0-win32.win32.x86_64/msys/opt/arm-none-eabi/bin/../lib/gcc/arm-none-eabi/4.9.3/../../../../arm-none-eabi/lib/thumb/armv7-m\libc.a(lib_a-strlen.o)
                0x08005164                strlen
 .text          0x080051c0      0x14c d:/arcticstudio-21.0.0-win32.win32.x86_64/msys/opt/arm-none-eabi/bin/../lib/gcc/arm-none-eabi/4.9.3/../../../../arm-none-eabi/lib/thumb/armv7-m\libc.a(lib_a-strtoul.o)
                0x080051c0                _strtoul_r
                0x080052f4                strtoul
 .text          0x0800530c       0x18 d:/arcticstudio-21.0.0-win32.win32.x86_64/msys/opt/arm-none-eabi/bin/../lib/gcc/arm-none-eabi/4.9.3/../../../../arm-none-eabi/lib/thumb/armv7-m\libc.a(lib_a-syswrite.o)
                0x0800530c                write
 .text          0x08005324       0x28 d:/arcticstudio-21.0.0-win32.win32.x86_64/msys/opt/arm-none-eabi/bin/../lib/gcc/arm-none-eabi/4.9.3/../../../../arm-none-eabi/lib/thumb/armv7-m\libc.a(lib_a-writer.o)
                0x08005324                _write_r
 *(.glue_7)
 .glue_7        0x00000000        0x0 linker stubs
 *(.glue_7t)
 .glue_7t       0x00000000        0x0 linker stubs
                0x0800534c                . = ALIGN (0x4)
                0x0800534c                _etext = .

.vfp11_veneer   0x0800534c        0x0
 .vfp11_veneer  0x00000000        0x0 linker stubs

.v4_bx          0x0800534c        0x0
 .v4_bx         0x00000000        0x0 linker stubs

.iplt           0x0800534c        0x0
 .iplt          0x00000000        0x0 Rte.o

.T1_code        0x0800534c        0x0
                0x0800534c                . = ALIGN (0x4)
 *(.T1_code .T1_code.*)
 *(.T1_codeFast .T1_codeFast.*)

.fls_rom        0x0800534c        0x0
                0x0800534c                __FLS_ERASE_ROM__ = .
 *(.fls_erase)
                0x0800534c                __FLS_WRITE_ROM__ = .
 *(.fls_write)
                0x0800534c                __FLS_END_ROM__ = .

.ARM.exidx
 *(.ARM.exidx* .gnu.linkonce.armexidx.*)
                0x0800534c                __exidx_start = .

.rodata         0x08005350     0x1680
                0x08005350                . = ALIGN (0x4)
 *(.rodata .rodata.* .gnu.linkonce.r.*)
 .rodata        0x08005350        0x8 LedBlinkerSWC.o
 .rodata        0x08005358       0xf8 Os_Cfg.o
                0x08005358                OsTickFreq
                0x08005370                Os_AppConst
                0x0800537c                Os_AlarmAutoStart_ALARM_ID_OsRteAlarm1000ms
                0x080053b8                Os_TaskConstList
                0x08005438                os_conf_global_hooks
 .rodata        0x08005450       0x7c EcuM.o
 .rodata        0x080054cc      0x5a0 EcuM_Main.o
 *fill*         0x08005a6c        0x4 
 .rodata        0x08005a70       0x60 EcuM_PBcfg.o
                0x08005a70                EcuM_SleepModeConfig
                0x08005a7c                EcuM_WakeupSourceConfig
                0x08005a88                EcuMConfig
 .rodata        0x08005ad0       0x28 EcuM_PBHeader.o
                0x08005ad0                Postbuild_Config
 .rodata        0x08005af8       0x24 Mcu_PBcfg.o
                0x08005af8                Mcu_ClockSettingConfigData
                0x08005b04                McuPerClockConfigData
                0x08005b10                McuConfigData
 .rodata        0x08005b1c       0x5c Port_PBcfg.o
                0x08005b1c                GPIOConf
                0x08005b1c                remaps
                0x08005b54                GPIOOutConf
                0x08005b64                PortConfigData
 .rodata        0x08005b78       0x24 Dio_Lcfg.o
                0x08005b78                DioChannelConfigData
                0x08005b80                DioPortConfigData
                0x08005b88                DioGroupConfigData
                0x08005b90                DioConfigData
 .rodata        0x08005b9c       0x8c os_event.o
 .rodata        0x08005c28      0x108 os_init.o
 .rodata        0x08005d30      0x114 arch.o
 .rodata        0x08005e44      0x3e8 os_task.o
 .rodata        0x0800622c      0x120 os_resource.o
 .rodata        0x0800634c       0x68 os_alarm.o
 .rodata        0x080063b4       0x20 sys_tick.o
 .rodata        0x080063d4      0x1dc os_isr.o
 .rodata        0x080065b0       0xa0 irq.o
 .rodata        0x08006650       0x88 ramlog.o
 .rodata        0x080066d8        0x8 printf.o
 .rodata        0x080066e0       0x14 xtoa.o
 .rodata        0x080066f4       0x4c Mcu_stm32.o
                0x080066fc                cpu_info_list
                0x08006728                core_info_list
 .rodata        0x08006740       0x3c Port_stm32.o
                0x08006740                GpioBaseAddr
                0x0800675c                GpioODRAddr
 .rodata        0x0800677c       0x18 Dio_stm32.o
                0x0800677c                GPIO_ports
 .rodata        0x08006794      0x110 Com_PbCfg.o
                0x08006794                ComGroupSignal
                0x080067a8                ComSignal
                0x080067ec                ComGwSourceDescs
                0x08006804                ComGwDestinationDescs
                0x08006818                ComGwMapping
                0x08006824                ComIPduGroup
                0x08006828                ComIPdu
                0x08006880                ComConfiguration
 .rodata        0x080068a4       0x24 PduR_PbCfg.o
                0x080068a4                PduRRoutingPaths
                0x080068a8                PduRTxBufferDefaultValues
                0x080068ac                PduRTxBufferDefaultValueLengths
                0x080068b0                PduR_Config
 .rodata.str1.4
                0x080068c8        0x4 d:/arcticstudio-21.0.0-win32.win32.x86_64/msys/opt/arm-none-eabi/bin/../lib/gcc/arm-none-eabi/4.9.3/../../../../arm-none-eabi/lib/thumb/armv7-m\libc.a(lib_a-impure.o)
 .rodata        0x080068cc      0x104 d:/arcticstudio-21.0.0-win32.win32.x86_64/msys/opt/arm-none-eabi/bin/../lib/gcc/arm-none-eabi/4.9.3/../../../../arm-none-eabi/lib/thumb/armv7-m\libc.a(lib_a-ctype_.o)
                0x080068cc                _ctype_
                0x080069d0                . = ALIGN (0x4)
 *(.T1_const .T1_const.*)
                0x080069d0                . = ALIGN (0x4)
                0x080069d0                _sidata = ALIGN (., 0x4)

.rel.dyn        0x080069d0        0x0
 .rel.iplt      0x00000000        0x0 Rte.o

.data           0x20000000      0x62c load address 0x080069d0
                0x20000000                . = ALIGN (0x4)
                0x20000000                _sdata = .
 *(.data .data.* .gnu.linkonce.d.* .gnu.linkonce.r.* .eh_frame)
 .data          0x20000000        0x1 LedBlinkerSWC.o
 *fill*         0x20000001        0x3 
 .data          0x20000004       0x14 stm32f10x_rcc.o
 .data          0x20000018       0x80 Os_Cfg.o
                0x20000018                counter_list
                0x20000050                alarm_list
 .data          0x20000098       0x34 ramlog.o
                0x20000098                Ramlog_Device
 .data          0x200000cc      0x118 clib_port.o
                0x200000cc                Dummy_Device
                0x20000100                openFiles
                0x200001c8                __Env
                0x200001d4                _EnvPtr
                0x200001d8                deviceList
 .data          0x200001e4       0x14 Mcu_stm32.o
                0x200001e4                Mcu_Global
 .data          0x200001f8      0x430 d:/arcticstudio-21.0.0-win32.win32.x86_64/msys/opt/arm-none-eabi/bin/../lib/gcc/arm-none-eabi/4.9.3/../../../../arm-none-eabi/lib/thumb/armv7-m\libc.a(lib_a-impure.o)
                0x200001f8                _impure_ptr
 .data          0x20000628        0x4 d:/arcticstudio-21.0.0-win32.win32.x86_64/msys/opt/arm-none-eabi/bin/../lib/gcc/arm-none-eabi/4.9.3/../../../../arm-none-eabi/lib/thumb/armv7-m\libc.a(lib_a-ctype_.o)
                0x20000628                __ctype_ptr__
                0x2000062c                . = ALIGN (0x4)
                0x2000062c                _edata = .

.igot.plt       0x2000062c        0x0 load address 0x08006ffc
 .igot.plt      0x00000000        0x0 Rte.o

.bss            0x20000630     0x16f4 load address 0x08007000
                0x20000630                . = ALIGN (0x4)
                0x20000630                _sbss = .
 *(.bss .bss.* COMMON .gnu.linkonce.b.*)
 .bss           0x20000630       0x5c Os_Cfg.o
                0x20000630                os_dbg_mask
                0x20000634                Os_Arc_OsTickCounter
                0x20000638                Os_VectorToIsr
 *fill*         0x2000068c        0x4 
 COMMON         0x20000690      0xa00 Os_Cfg.o
                0x20000690                stack_OsRteTask
                0x20000e90                stack_OsIdle
 .bss           0x20001090        0x4 EcuM.o
                0x20001090                EcuM_World_run_state_timeout
 COMMON         0x20001094       0x34 EcuM.o
                0x20001094                EcuM_World_ComM_NVM
                0x20001098                EcuM_World
 .bss           0x200010c8        0x1 EcuM_Callout_Stubs.o
 *fill*         0x200010c9        0x3 
 COMMON         0x200010cc       0x71 os_init.o
                0x200010cc                os_error
                0x200010dc                Os_IntSuspendAllCnt
                0x200010dd                Os_IntDisableAllCnt
                0x200010e0                Os_Sys
                0x2000113c                Os_IntSuspendOsCnt
 *fill*         0x2000113d        0x3 
 .bss           0x20001140        0x4 arch.o
                0x20001140                Os_ArchNestedIsr
 *fill*         0x20001144        0x4 
 COMMON         0x20001148      0x120 os_task.o
                0x20001148                Os_TaskVarList
 COMMON         0x20001268       0x30 os_resource.o
                0x20001268                resScheduler
 .bss           0x20001298        0x2 os_isr.o
                0x20001298                isrCnt
 *fill*         0x2000129a        0x6 
 COMMON         0x200012a0      0x8d0 os_isr.o
                0x200012a0                Os_IsrVarList
                0x20001370                Os_IsrStack
 COMMON         0x20001b70       0x4c os_application.o
                0x20001b70                Os_AppVar
 COMMON         0x20001bbc      0x150 irq.o
                0x20001bbc                Irq_VectorTable
 .bss           0x20001d0c        0x1 Det.o
 .bss           0x20001d0d        0x2 IoHwAb_Digital.o
                0x20001d0d                IoHwAb_LED1_Locked
                0x20001d0e                IoHwAb_LED1_Saved
 *fill*         0x20001d0f        0x1 
 .bss           0x20001d10        0x8 Port_stm32.o
 .bss           0x20001d18        0x8 Dio_stm32.o
 COMMON         0x20001d20        0x4 d:/arcticstudio-21.0.0-win32.win32.x86_64/msys/opt/arm-none-eabi/bin/../lib/gcc/arm-none-eabi/4.9.3/../../../../arm-none-eabi/lib/thumb/armv7-m\libc.a(lib_a-reent.o)
                0x20001d20                errno
 *(.T1_bss .T1_bss.*)
 *(.T1_traceBuffer .T1_traceBuffer.*)
                0x20001d24                . = ALIGN (0x4)
                0x20001d24                _ebss = .

.init_stack     0x20001d30      0x190 load address 0x08008700
                0x20001ec0                . = (. + 0x190)
 *fill*         0x20001d30      0x190 
                0x20001ec0                _estack = .

.msp_stack      0x20001ec0     0x1000 load address 0x08008890
                0x20001ec0                _smspstack = .
                0x20002ec0                . = (. + 0x1000)
 *fill*         0x20001ec0     0x1000 
                0x20002ec0                _emspstack = .

.fls_ram        0x20002ec0        0x0
                0x20002ec0                __FLS_ERASE_RAM__ = .
                0x20002ec0                . = (. + SIZEOF (.fls_rom))

.ctors
 *(SORT(.ctors.*))

.uninit         0x20002ec0       0x64 load address 0x08009890
 *(.winidea_port .ramlog .dem_eventmemory_pri)
 .ramlog        0x20002ec0       0x64 Det.o
                0x20002ec0                Det_RamlogIndex
                0x20002ec4                Det_RamLog
                0x00000000                __FLS_SIZE__ = SIZEOF (.fls_rom)
                0x20002ec0                __FLS_WRITE_RAM__ = (__FLS_ERASE_RAM__ + (__FLS_WRITE_ROM__ - __FLS_ERASE_ROM__))
                0x00000000                __EXCEPT_START__ = 0x0
                0x00000000                __EXCEPT_END__ = 0x0
START GROUP
LOAD Rte.o
LOAD Rte_Main.o
LOAD Rte_Calprms.o
LOAD Rte_Internal.o
LOAD Rte_Buffers.o
LOAD Rte_Internal_IoHwAb.o
LOAD Rte_Internal_LedBlinkerSWC.o
LOAD Rte_Cbk.o
LOAD Rte_Fifo.o
LOAD Ioc.o
LOAD Rte_IoHwAb.o
LOAD Rte_LedBlinkerSWC.o
LOAD IoHwAb.o
LOAD LedBlinkerSWC.o
LOAD OsIdleTask.o
LOAD startup_cmx.o
LOAD stm32f10x_rcc.o
LOAD Os_Cfg.o
LOAD arc_assert.o
LOAD EcuM.o
LOAD EcuM_Fixed.o
LOAD EcuM_Main.o
LOAD EcuM_PBcfg.o
LOAD EcuM_PBHeader.o
LOAD EcuM_GeneratedCallouts.o
LOAD EcuM_Callout_Stubs.o
LOAD Mcu_LCfg.o
LOAD Mcu_PBcfg.o
LOAD Port_Lcfg.o
LOAD Port_PBcfg.o
LOAD arm_cortex_mx_handlers.o
LOAD arm_cortex_mx_callout_stubs.o
LOAD Dio_Lcfg.o
LOAD arch_krn.o
LOAD os_event.o
LOAD os_init.o
LOAD arch.o
LOAD os_task.o
LOAD os_resource.o
LOAD os_alarm.o
LOAD os_sched_table.o
LOAD os_counter.o
LOAD sys_tick.o
LOAD os_isr.o
LOAD os_application.o
LOAD os_panic.o
LOAD os_trap.o
LOAD os_peripheral.o
LOAD irq.o
LOAD Det.o
LOAD Det_Cfg.o
LOAD Com_Cfg.o
LOAD Com_Com.o
LOAD Com_Sched.o
LOAD Com.o
LOAD Com_misc.o
LOAD PduR_CanNm.o
LOAD PduR_Com.o
LOAD PduR_Logic.o
LOAD PduR_LinIf.o
LOAD PduR_CDD_LinSlvIf.o
LOAD PduR_CddPduR.o
LOAD PduR_Cfg.o
LOAD PduR_CanIf.o
LOAD PduR_CanTp.o
LOAD PduR_J1939Tp.o
LOAD PduR_IpduM.o
LOAD PduR_Dcm.o
LOAD PduR_SoAd.o
LOAD PduR_DoIP.o
LOAD PduR_Routing.o
LOAD PduR.o
LOAD PduR_FrIf.o
LOAD PduR_FrNm.o
LOAD PduR_FrTp.o
LOAD PduR_UdpNm.o
LOAD PduR_LdCom.o
LOAD PduR_SecOC.o
LOAD IoHwAb_Digital.o
LOAD IoHwAb_Analog.o
LOAD IoHwAb_Pwm.o
LOAD ramlog.o
LOAD cirq_buffer.o
LOAD version.o
LOAD clib_port.o
LOAD printf.o
LOAD xtoa.o
LOAD stm32f10x_gpio.o
LOAD Mcu_stm32.o
LOAD Mcu_Arc_Common_arm.o
LOAD stm32f10x_gpio.o
LOAD Port_stm32.o
LOAD stm32f10x_usart.o
LOAD misc.o
LOAD Dio_stm32.o
LOAD Com_PbCfg.o
LOAD PduR_PbCfg.o
LOAD d:/arcticstudio-21.0.0-win32.win32.x86_64/msys/opt/arm-none-eabi/bin/../lib/gcc/arm-none-eabi/4.9.3/thumb/armv7-m\libgcc.a
LOAD d:/arcticstudio-21.0.0-win32.win32.x86_64/msys/opt/arm-none-eabi/bin/../lib/gcc/arm-none-eabi/4.9.3/../../../../arm-none-eabi/lib/thumb/armv7-m\libc.a
END GROUP
OUTPUT(LedBlinker.elf elf32-littlearm)

.debug_info     0x00000000    0x29a29
 .debug_info    0x00000000      0x331 Rte.o
 .debug_info    0x00000331      0x314 Rte_Internal_IoHwAb.o
 .debug_info    0x00000645      0x314 Rte_Internal_LedBlinkerSWC.o
 .debug_info    0x00000959      0x39c Rte_IoHwAb.o
 .debug_info    0x00000cf5      0x348 Rte_LedBlinkerSWC.o
 .debug_info    0x0000103d      0x116 LedBlinkerSWC.o
 .debug_info    0x00001153       0x3c OsIdleTask.o
 .debug_info    0x0000118f       0xa2 startup_cmx.o
 .debug_info    0x00001231      0xb8a stm32f10x_rcc.o
 .debug_info    0x00001dbb     0x153b Os_Cfg.o
 .debug_info    0x000032f6      0x377 arc_assert.o
 .debug_info    0x0000366d     0x1b7f EcuM.o
 .debug_info    0x000051ec     0x1df8 EcuM_Main.o
 .debug_info    0x00006fe4     0x183a EcuM_PBcfg.o
 .debug_info    0x0000881e      0xed9 EcuM_PBHeader.o
 .debug_info    0x000096f7     0x1cc1 EcuM_Callout_Stubs.o
 .debug_info    0x0000b3b8      0x2dd Mcu_PBcfg.o
 .debug_info    0x0000b695      0x44c Port_PBcfg.o
 .debug_info    0x0000bae1      0x777 arm_cortex_mx_handlers.o
 .debug_info    0x0000c258      0x309 arm_cortex_mx_callout_stubs.o
 .debug_info    0x0000c561      0x25b Dio_Lcfg.o
 .debug_info    0x0000c7bc       0xa3 arch_krn.o
 .debug_info    0x0000c85f     0x1640 os_event.o
 .debug_info    0x0000de9f     0x1537 os_init.o
 .debug_info    0x0000f3d6     0x1cca arch.o
 .debug_info    0x000110a0     0x1e81 os_task.o
 .debug_info    0x00012f21     0x168a os_resource.o
 .debug_info    0x000145ab     0x1965 os_alarm.o
 .debug_info    0x00015f10     0x17ce os_counter.o
 .debug_info    0x000176de     0x1881 sys_tick.o
 .debug_info    0x00018f5f     0x1bc9 os_isr.o
 .debug_info    0x0001ab28     0x1521 os_application.o
 .debug_info    0x0001c049     0x12f2 os_panic.o
 .debug_info    0x0001d33b     0x19c5 irq.o
 .debug_info    0x0001ed00      0x4cd Det.o
 .debug_info    0x0001f1cd      0x573 IoHwAb_Digital.o
 .debug_info    0x0001f740      0x4c4 ramlog.o
 .debug_info    0x0001fc04      0xe03 clib_port.o
 .debug_info    0x00020a07      0xadb printf.o
 .debug_info    0x000214e2      0x183 xtoa.o
 .debug_info    0x00021665      0x765 stm32f10x_gpio.o
 .debug_info    0x00021dca      0xcf4 Mcu_stm32.o
 .debug_info    0x00022abe      0xa2c Port_stm32.o
 .debug_info    0x000234ea      0xab9 stm32f10x_usart.o
 .debug_info    0x00023fa3      0x5b3 misc.o
 .debug_info    0x00024556      0x4c7 Dio_stm32.o
 .debug_info    0x00024a1d      0xba9 Com_PbCfg.o
 .debug_info    0x000255c6      0x501 PduR_PbCfg.o
 .debug_info    0x00025ac7      0x969 d:/arcticstudio-21.0.0-win32.win32.x86_64/msys/opt/arm-none-eabi/bin/../lib/gcc/arm-none-eabi/4.9.3/../../../../arm-none-eabi/lib/thumb/armv7-m\libc.a(lib_a-errno.o)
 .debug_info    0x00026430      0x970 d:/arcticstudio-21.0.0-win32.win32.x86_64/msys/opt/arm-none-eabi/bin/../lib/gcc/arm-none-eabi/4.9.3/../../../../arm-none-eabi/lib/thumb/armv7-m\libc.a(lib_a-impure.o)
 .debug_info    0x00026da0      0x11c d:/arcticstudio-21.0.0-win32.win32.x86_64/msys/opt/arm-none-eabi/bin/../lib/gcc/arm-none-eabi/4.9.3/../../../../arm-none-eabi/lib/thumb/armv7-m\libc.a(lib_a-memset.o)
 .debug_info    0x00026ebc      0xae7 d:/arcticstudio-21.0.0-win32.win32.x86_64/msys/opt/arm-none-eabi/bin/../lib/gcc/arm-none-eabi/4.9.3/../../../../arm-none-eabi/lib/thumb/armv7-m\libc.a(lib_a-reent.o)
 .debug_info    0x000279a3       0xc5 d:/arcticstudio-21.0.0-win32.win32.x86_64/msys/opt/arm-none-eabi/bin/../lib/gcc/arm-none-eabi/4.9.3/../../../../arm-none-eabi/lib/thumb/armv7-m\libc.a(lib_a-strcpy.o)
 .debug_info    0x00027a68       0xbd d:/arcticstudio-21.0.0-win32.win32.x86_64/msys/opt/arm-none-eabi/bin/../lib/gcc/arm-none-eabi/4.9.3/../../../../arm-none-eabi/lib/thumb/armv7-m\libc.a(lib_a-strlen.o)
 .debug_info    0x00027b25      0xa90 d:/arcticstudio-21.0.0-win32.win32.x86_64/msys/opt/arm-none-eabi/bin/../lib/gcc/arm-none-eabi/4.9.3/../../../../arm-none-eabi/lib/thumb/armv7-m\libc.a(lib_a-strtoul.o)
 .debug_info    0x000285b5      0x9f5 d:/arcticstudio-21.0.0-win32.win32.x86_64/msys/opt/arm-none-eabi/bin/../lib/gcc/arm-none-eabi/4.9.3/../../../../arm-none-eabi/lib/thumb/armv7-m\libc.a(lib_a-syswrite.o)
 .debug_info    0x00028faa      0xa0e d:/arcticstudio-21.0.0-win32.win32.x86_64/msys/opt/arm-none-eabi/bin/../lib/gcc/arm-none-eabi/4.9.3/../../../../arm-none-eabi/lib/thumb/armv7-m\libc.a(lib_a-writer.o)
 .debug_info    0x000299b8       0x71 d:/arcticstudio-21.0.0-win32.win32.x86_64/msys/opt/arm-none-eabi/bin/../lib/gcc/arm-none-eabi/4.9.3/../../../../arm-none-eabi/lib/thumb/armv7-m\libc.a(lib_a-ctype_.o)

.debug_abbrev   0x00000000     0x5af9
 .debug_abbrev  0x00000000       0xb2 Rte.o
 .debug_abbrev  0x000000b2       0xb4 Rte_Internal_IoHwAb.o
 .debug_abbrev  0x00000166       0xb4 Rte_Internal_LedBlinkerSWC.o
 .debug_abbrev  0x0000021a      0x100 Rte_IoHwAb.o
 .debug_abbrev  0x0000031a       0xde Rte_LedBlinkerSWC.o
 .debug_abbrev  0x000003f8       0x89 LedBlinkerSWC.o
 .debug_abbrev  0x00000481       0x2c OsIdleTask.o
 .debug_abbrev  0x000004ad       0x12 startup_cmx.o
 .debug_abbrev  0x000004bf      0x1ad stm32f10x_rcc.o
 .debug_abbrev  0x0000066c      0x177 Os_Cfg.o
 .debug_abbrev  0x000007e3       0xd1 arc_assert.o
 .debug_abbrev  0x000008b4      0x216 EcuM.o
 .debug_abbrev  0x00000aca      0x30c EcuM_Main.o
 .debug_abbrev  0x00000dd6      0x13b EcuM_PBcfg.o
 .debug_abbrev  0x00000f11       0xe0 EcuM_PBHeader.o
 .debug_abbrev  0x00000ff1      0x220 EcuM_Callout_Stubs.o
 .debug_abbrev  0x00001211       0xc1 Mcu_PBcfg.o
 .debug_abbrev  0x000012d2       0xc7 Port_PBcfg.o
 .debug_abbrev  0x00001399      0x154 arm_cortex_mx_handlers.o
 .debug_abbrev  0x000014ed       0xb4 arm_cortex_mx_callout_stubs.o
 .debug_abbrev  0x000015a1       0xa5 Dio_Lcfg.o
 .debug_abbrev  0x00001646       0x14 arch_krn.o
 .debug_abbrev  0x0000165a      0x326 os_event.o
 .debug_abbrev  0x00001980      0x2ae os_init.o
 .debug_abbrev  0x00001c2e      0x396 arch.o
 .debug_abbrev  0x00001fc4      0x3ad os_task.o
 .debug_abbrev  0x00002371      0x338 os_resource.o
 .debug_abbrev  0x000026a9      0x340 os_alarm.o
 .debug_abbrev  0x000029e9      0x306 os_counter.o
 .debug_abbrev  0x00002cef      0x20a sys_tick.o
 .debug_abbrev  0x00002ef9      0x393 os_isr.o
 .debug_abbrev  0x0000328c      0x245 os_application.o
 .debug_abbrev  0x000034d1      0x1b3 os_panic.o
 .debug_abbrev  0x00003684      0x25c irq.o
 .debug_abbrev  0x000038e0      0x191 Det.o
 .debug_abbrev  0x00003a71      0x14e IoHwAb_Digital.o
 .debug_abbrev  0x00003bbf      0x1a8 ramlog.o
 .debug_abbrev  0x00003d67      0x28c clib_port.o
 .debug_abbrev  0x00003ff3      0x214 printf.o
 .debug_abbrev  0x00004207       0xbd xtoa.o
 .debug_abbrev  0x000042c4      0x1ca stm32f10x_gpio.o
 .debug_abbrev  0x0000448e      0x2d5 Mcu_stm32.o
 .debug_abbrev  0x00004763      0x1ef Port_stm32.o
 .debug_abbrev  0x00004952      0x164 stm32f10x_usart.o
 .debug_abbrev  0x00004ab6      0x129 misc.o
 .debug_abbrev  0x00004bdf      0x155 Dio_stm32.o
 .debug_abbrev  0x00004d34       0xd1 Com_PbCfg.o
 .debug_abbrev  0x00004e05       0x9d PduR_PbCfg.o
 .debug_abbrev  0x00004ea2      0x171 d:/arcticstudio-21.0.0-win32.win32.x86_64/msys/opt/arm-none-eabi/bin/../lib/gcc/arm-none-eabi/4.9.3/../../../../arm-none-eabi/lib/thumb/armv7-m\libc.a(lib_a-errno.o)
 .debug_abbrev  0x00005013      0x162 d:/arcticstudio-21.0.0-win32.win32.x86_64/msys/opt/arm-none-eabi/bin/../lib/gcc/arm-none-eabi/4.9.3/../../../../arm-none-eabi/lib/thumb/armv7-m\libc.a(lib_a-impure.o)
 .debug_abbrev  0x00005175       0x9f d:/arcticstudio-21.0.0-win32.win32.x86_64/msys/opt/arm-none-eabi/bin/../lib/gcc/arm-none-eabi/4.9.3/../../../../arm-none-eabi/lib/thumb/armv7-m\libc.a(lib_a-memset.o)
 .debug_abbrev  0x00005214      0x23e d:/arcticstudio-21.0.0-win32.win32.x86_64/msys/opt/arm-none-eabi/bin/../lib/gcc/arm-none-eabi/4.9.3/../../../../arm-none-eabi/lib/thumb/armv7-m\libc.a(lib_a-reent.o)
 .debug_abbrev  0x00005452       0x74 d:/arcticstudio-21.0.0-win32.win32.x86_64/msys/opt/arm-none-eabi/bin/../lib/gcc/arm-none-eabi/4.9.3/../../../../arm-none-eabi/lib/thumb/armv7-m\libc.a(lib_a-strcpy.o)
 .debug_abbrev  0x000054c6       0x72 d:/arcticstudio-21.0.0-win32.win32.x86_64/msys/opt/arm-none-eabi/bin/../lib/gcc/arm-none-eabi/4.9.3/../../../../arm-none-eabi/lib/thumb/armv7-m\libc.a(lib_a-strlen.o)
 .debug_abbrev  0x00005538      0x1e9 d:/arcticstudio-21.0.0-win32.win32.x86_64/msys/opt/arm-none-eabi/bin/../lib/gcc/arm-none-eabi/4.9.3/../../../../arm-none-eabi/lib/thumb/armv7-m\libc.a(lib_a-strtoul.o)
 .debug_abbrev  0x00005721      0x1b4 d:/arcticstudio-21.0.0-win32.win32.x86_64/msys/opt/arm-none-eabi/bin/../lib/gcc/arm-none-eabi/4.9.3/../../../../arm-none-eabi/lib/thumb/armv7-m\libc.a(lib_a-syswrite.o)
 .debug_abbrev  0x000058d5      0x1d6 d:/arcticstudio-21.0.0-win32.win32.x86_64/msys/opt/arm-none-eabi/bin/../lib/gcc/arm-none-eabi/4.9.3/../../../../arm-none-eabi/lib/thumb/armv7-m\libc.a(lib_a-writer.o)
 .debug_abbrev  0x00005aab       0x4e d:/arcticstudio-21.0.0-win32.win32.x86_64/msys/opt/arm-none-eabi/bin/../lib/gcc/arm-none-eabi/4.9.3/../../../../arm-none-eabi/lib/thumb/armv7-m\libc.a(lib_a-ctype_.o)

.debug_loc      0x00000000     0x9441
 .debug_loc     0x00000000       0x38 Rte.o
 .debug_loc     0x00000038       0x50 Rte_Internal_IoHwAb.o
 .debug_loc     0x00000088       0x50 Rte_Internal_LedBlinkerSWC.o
 .debug_loc     0x000000d8       0x50 Rte_IoHwAb.o
 .debug_loc     0x00000128       0x2c Rte_LedBlinkerSWC.o
 .debug_loc     0x00000154       0x7c LedBlinkerSWC.o
 .debug_loc     0x000001d0       0x2c OsIdleTask.o
 .debug_loc     0x000001fc      0xe68 stm32f10x_rcc.o
 .debug_loc     0x00001064       0xa0 arc_assert.o
 .debug_loc     0x00001104      0x3cc EcuM.o
 .debug_loc     0x000014d0      0x4e8 EcuM_Main.o
 .debug_loc     0x000019b8      0x880 EcuM_Callout_Stubs.o
 .debug_loc     0x00002238       0xe8 arm_cortex_mx_handlers.o
 .debug_loc     0x00002320       0x5c arm_cortex_mx_callout_stubs.o
 .debug_loc     0x0000237c      0x3cc os_event.o
 .debug_loc     0x00002748      0x250 os_init.o
 .debug_loc     0x00002998      0x4d0 arch.o
 .debug_loc     0x00002e68      0xe58 os_task.o
 .debug_loc     0x00003cc0      0x448 os_resource.o
 .debug_loc     0x00004108      0x6f0 os_alarm.o
 .debug_loc     0x000047f8      0x5e8 os_counter.o
 .debug_loc     0x00004de0      0x128 sys_tick.o
 .debug_loc     0x00004f08      0x838 os_isr.o
 .debug_loc     0x00005740      0x374 os_application.o
 .debug_loc     0x00005ab4       0x50 os_panic.o
 .debug_loc     0x00005b04      0x2dc irq.o
 .debug_loc     0x00005de0      0x178 Det.o
 .debug_loc     0x00005f58      0x218 IoHwAb_Digital.o
 .debug_loc     0x00006170      0x23c ramlog.o
 .debug_loc     0x000063ac      0x50c clib_port.o
 .debug_loc     0x000068b8      0x591 printf.o
 .debug_loc     0x00006e49       0xfc xtoa.o
 .debug_loc     0x00006f45      0x63c stm32f10x_gpio.o
 .debug_loc     0x00007581      0x630 Mcu_stm32.o
 .debug_loc     0x00007bb1      0x160 Port_stm32.o
 .debug_loc     0x00007d11      0xa54 stm32f10x_usart.o
 .debug_loc     0x00008765      0x1cc misc.o
 .debug_loc     0x00008931      0x23c Dio_stm32.o
 .debug_loc     0x00008b6d      0x1e6 d:/arcticstudio-21.0.0-win32.win32.x86_64/msys/opt/arm-none-eabi/bin/../lib/gcc/arm-none-eabi/4.9.3/../../../../arm-none-eabi/lib/thumb/armv7-m\libc.a(lib_a-memset.o)
 .debug_loc     0x00008d53      0x175 d:/arcticstudio-21.0.0-win32.win32.x86_64/msys/opt/arm-none-eabi/bin/../lib/gcc/arm-none-eabi/4.9.3/../../../../arm-none-eabi/lib/thumb/armv7-m\libc.a(lib_a-reent.o)
 .debug_loc     0x00008ec8       0x21 d:/arcticstudio-21.0.0-win32.win32.x86_64/msys/opt/arm-none-eabi/bin/../lib/gcc/arm-none-eabi/4.9.3/../../../../arm-none-eabi/lib/thumb/armv7-m\libc.a(lib_a-strcpy.o)
 .debug_loc     0x00008ee9       0x21 d:/arcticstudio-21.0.0-win32.win32.x86_64/msys/opt/arm-none-eabi/bin/../lib/gcc/arm-none-eabi/4.9.3/../../../../arm-none-eabi/lib/thumb/armv7-m\libc.a(lib_a-strlen.o)
 .debug_loc     0x00008f0a      0x3b7 d:/arcticstudio-21.0.0-win32.win32.x86_64/msys/opt/arm-none-eabi/bin/../lib/gcc/arm-none-eabi/4.9.3/../../../../arm-none-eabi/lib/thumb/armv7-m\libc.a(lib_a-strtoul.o)
 .debug_loc     0x000092c1       0xbb d:/arcticstudio-21.0.0-win32.win32.x86_64/msys/opt/arm-none-eabi/bin/../lib/gcc/arm-none-eabi/4.9.3/../../../../arm-none-eabi/lib/thumb/armv7-m\libc.a(lib_a-syswrite.o)
 .debug_loc     0x0000937c       0xc5 d:/arcticstudio-21.0.0-win32.win32.x86_64/msys/opt/arm-none-eabi/bin/../lib/gcc/arm-none-eabi/4.9.3/../../../../arm-none-eabi/lib/thumb/armv7-m\libc.a(lib_a-writer.o)

.debug_aranges  0x00000000     0x1390
 .debug_aranges
                0x00000000       0x20 Rte.o
 .debug_aranges
                0x00000020       0x20 Rte_Internal_IoHwAb.o
 .debug_aranges
                0x00000040       0x20 Rte_Internal_LedBlinkerSWC.o
 .debug_aranges
                0x00000060       0x20 Rte_IoHwAb.o
 .debug_aranges
                0x00000080       0x20 Rte_LedBlinkerSWC.o
 .debug_aranges
                0x000000a0       0x28 LedBlinkerSWC.o
 .debug_aranges
                0x000000c8       0x20 OsIdleTask.o
 .debug_aranges
                0x000000e8       0x28 startup_cmx.o
 .debug_aranges
                0x00000110      0x160 stm32f10x_rcc.o
 .debug_aranges
                0x00000270       0x18 Os_Cfg.o
 .debug_aranges
                0x00000288       0x28 arc_assert.o
 .debug_aranges
                0x000002b0       0x78 EcuM.o
 .debug_aranges
                0x00000328       0xb0 EcuM_Main.o
 .debug_aranges
                0x000003d8       0x18 EcuM_PBcfg.o
 .debug_aranges
                0x000003f0       0x18 EcuM_PBHeader.o
 .debug_aranges
                0x00000408      0x100 EcuM_Callout_Stubs.o
 .debug_aranges
                0x00000508       0x18 Mcu_PBcfg.o
 .debug_aranges
                0x00000520       0x18 Port_PBcfg.o
 .debug_aranges
                0x00000538       0x48 arm_cortex_mx_handlers.o
 .debug_aranges
                0x00000580       0x20 arm_cortex_mx_callout_stubs.o
 .debug_aranges
                0x000005a0       0x18 Dio_Lcfg.o
 .debug_aranges
                0x000005b8       0x20 arch_krn.o
 .debug_aranges
                0x000005d8       0x78 os_event.o
 .debug_aranges
                0x00000650       0x58 os_init.o
 .debug_aranges
                0x000006a8       0x98 arch.o
 .debug_aranges
                0x00000740      0x180 os_task.o
 .debug_aranges
                0x000008c0       0x88 os_resource.o
 .debug_aranges
                0x00000948       0xc0 os_alarm.o
 .debug_aranges
                0x00000a08       0xa8 os_counter.o
 .debug_aranges
                0x00000ab0       0x38 sys_tick.o
 .debug_aranges
                0x00000ae8       0xe8 os_isr.o
 .debug_aranges
                0x00000bd0       0x68 os_application.o
 .debug_aranges
                0x00000c38       0x20 os_panic.o
 .debug_aranges
                0x00000c58       0x60 irq.o
 .debug_aranges
                0x00000cb8       0x40 Det.o
 .debug_aranges
                0x00000cf8       0x50 IoHwAb_Digital.o
 .debug_aranges
                0x00000d48       0x50 ramlog.o
 .debug_aranges
                0x00000d98       0x98 clib_port.o
 .debug_aranges
                0x00000e30       0x98 printf.o
 .debug_aranges
                0x00000ec8       0x30 xtoa.o
 .debug_aranges
                0x00000ef8       0xa8 stm32f10x_gpio.o
 .debug_aranges
                0x00000fa0       0xc0 Mcu_stm32.o
 .debug_aranges
                0x00001060       0x40 Port_stm32.o
 .debug_aranges
                0x000010a0      0x100 stm32f10x_usart.o
 .debug_aranges
                0x000011a0       0x40 misc.o
 .debug_aranges
                0x000011e0       0x50 Dio_stm32.o
 .debug_aranges
                0x00001230       0x18 Com_PbCfg.o
 .debug_aranges
                0x00001248       0x18 PduR_PbCfg.o
 .debug_aranges
                0x00001260       0x20 d:/arcticstudio-21.0.0-win32.win32.x86_64/msys/opt/arm-none-eabi/bin/../lib/gcc/arm-none-eabi/4.9.3/../../../../arm-none-eabi/lib/thumb/armv7-m\libc.a(lib_a-errno.o)
 .debug_aranges
                0x00001280       0x18 d:/arcticstudio-21.0.0-win32.win32.x86_64/msys/opt/arm-none-eabi/bin/../lib/gcc/arm-none-eabi/4.9.3/../../../../arm-none-eabi/lib/thumb/armv7-m\libc.a(lib_a-impure.o)
 .debug_aranges
                0x00001298       0x20 d:/arcticstudio-21.0.0-win32.win32.x86_64/msys/opt/arm-none-eabi/bin/../lib/gcc/arm-none-eabi/4.9.3/../../../../arm-none-eabi/lib/thumb/armv7-m\libc.a(lib_a-memset.o)
 .debug_aranges
                0x000012b8       0x20 d:/arcticstudio-21.0.0-win32.win32.x86_64/msys/opt/arm-none-eabi/bin/../lib/gcc/arm-none-eabi/4.9.3/../../../../arm-none-eabi/lib/thumb/armv7-m\libc.a(lib_a-reent.o)
 .debug_aranges
                0x000012d8       0x20 d:/arcticstudio-21.0.0-win32.win32.x86_64/msys/opt/arm-none-eabi/bin/../lib/gcc/arm-none-eabi/4.9.3/../../../../arm-none-eabi/lib/thumb/armv7-m\libc.a(lib_a-strcpy.o)
 .debug_aranges
                0x000012f8       0x20 d:/arcticstudio-21.0.0-win32.win32.x86_64/msys/opt/arm-none-eabi/bin/../lib/gcc/arm-none-eabi/4.9.3/../../../../arm-none-eabi/lib/thumb/armv7-m\libc.a(lib_a-strlen.o)
 .debug_aranges
                0x00001318       0x20 d:/arcticstudio-21.0.0-win32.win32.x86_64/msys/opt/arm-none-eabi/bin/../lib/gcc/arm-none-eabi/4.9.3/../../../../arm-none-eabi/lib/thumb/armv7-m\libc.a(lib_a-strtoul.o)
 .debug_aranges
                0x00001338       0x20 d:/arcticstudio-21.0.0-win32.win32.x86_64/msys/opt/arm-none-eabi/bin/../lib/gcc/arm-none-eabi/4.9.3/../../../../arm-none-eabi/lib/thumb/armv7-m\libc.a(lib_a-syswrite.o)
 .debug_aranges
                0x00001358       0x20 d:/arcticstudio-21.0.0-win32.win32.x86_64/msys/opt/arm-none-eabi/bin/../lib/gcc/arm-none-eabi/4.9.3/../../../../arm-none-eabi/lib/thumb/armv7-m\libc.a(lib_a-writer.o)
 .debug_aranges
                0x00001378       0x18 d:/arcticstudio-21.0.0-win32.win32.x86_64/msys/opt/arm-none-eabi/bin/../lib/gcc/arm-none-eabi/4.9.3/../../../../arm-none-eabi/lib/thumb/armv7-m\libc.a(lib_a-ctype_.o)

.debug_ranges   0x00000000      0xf68
 .debug_ranges  0x00000000       0x10 Rte.o
 .debug_ranges  0x00000010       0x10 Rte_Internal_IoHwAb.o
 .debug_ranges  0x00000020       0x10 Rte_Internal_LedBlinkerSWC.o
 .debug_ranges  0x00000030       0x10 Rte_IoHwAb.o
 .debug_ranges  0x00000040       0x10 Rte_LedBlinkerSWC.o
 .debug_ranges  0x00000050       0x18 LedBlinkerSWC.o
 .debug_ranges  0x00000068       0x10 OsIdleTask.o
 .debug_ranges  0x00000078       0x20 startup_cmx.o
 .debug_ranges  0x00000098      0x150 stm32f10x_rcc.o
 .debug_ranges  0x000001e8       0x18 arc_assert.o
 .debug_ranges  0x00000200       0x68 EcuM.o
 .debug_ranges  0x00000268       0xa0 EcuM_Main.o
 .debug_ranges  0x00000308       0xf0 EcuM_Callout_Stubs.o
 .debug_ranges  0x000003f8       0x38 arm_cortex_mx_handlers.o
 .debug_ranges  0x00000430       0x10 arm_cortex_mx_callout_stubs.o
 .debug_ranges  0x00000440       0x68 os_event.o
 .debug_ranges  0x000004a8       0x48 os_init.o
 .debug_ranges  0x000004f0       0x88 arch.o
 .debug_ranges  0x00000578      0x170 os_task.o
 .debug_ranges  0x000006e8       0x78 os_resource.o
 .debug_ranges  0x00000760       0xb0 os_alarm.o
 .debug_ranges  0x00000810       0x98 os_counter.o
 .debug_ranges  0x000008a8       0x28 sys_tick.o
 .debug_ranges  0x000008d0       0xd8 os_isr.o
 .debug_ranges  0x000009a8       0x58 os_application.o
 .debug_ranges  0x00000a00       0x10 os_panic.o
 .debug_ranges  0x00000a10       0x50 irq.o
 .debug_ranges  0x00000a60       0x30 Det.o
 .debug_ranges  0x00000a90       0x58 IoHwAb_Digital.o
 .debug_ranges  0x00000ae8       0x40 ramlog.o
 .debug_ranges  0x00000b28       0xa0 clib_port.o
 .debug_ranges  0x00000bc8       0x88 printf.o
 .debug_ranges  0x00000c50       0x20 xtoa.o
 .debug_ranges  0x00000c70       0x98 stm32f10x_gpio.o
 .debug_ranges  0x00000d08       0xb0 Mcu_stm32.o
 .debug_ranges  0x00000db8       0x30 Port_stm32.o
 .debug_ranges  0x00000de8       0xf0 stm32f10x_usart.o
 .debug_ranges  0x00000ed8       0x30 misc.o
 .debug_ranges  0x00000f08       0x40 Dio_stm32.o
 .debug_ranges  0x00000f48       0x10 d:/arcticstudio-21.0.0-win32.win32.x86_64/msys/opt/arm-none-eabi/bin/../lib/gcc/arm-none-eabi/4.9.3/../../../../arm-none-eabi/lib/thumb/armv7-m\libc.a(lib_a-strcpy.o)
 .debug_ranges  0x00000f58       0x10 d:/arcticstudio-21.0.0-win32.win32.x86_64/msys/opt/arm-none-eabi/bin/../lib/gcc/arm-none-eabi/4.9.3/../../../../arm-none-eabi/lib/thumb/armv7-m\libc.a(lib_a-strlen.o)

.debug_line     0x00000000     0xd60d
 .debug_line    0x00000000      0x24c Rte.o
 .debug_line    0x0000024c      0x274 Rte_Internal_IoHwAb.o
 .debug_line    0x000004c0      0x27b Rte_Internal_LedBlinkerSWC.o
 .debug_line    0x0000073b      0x2f0 Rte_IoHwAb.o
 .debug_line    0x00000a2b      0x2e0 Rte_LedBlinkerSWC.o
 .debug_line    0x00000d0b      0x311 LedBlinkerSWC.o
 .debug_line    0x0000101c       0xa4 OsIdleTask.o
 .debug_line    0x000010c0       0x79 startup_cmx.o
 .debug_line    0x00001139      0x62c stm32f10x_rcc.o
 .debug_line    0x00001765      0x40e Os_Cfg.o
 .debug_line    0x00001b73      0x23a arc_assert.o
 .debug_line    0x00001dad      0x6eb EcuM.o
 .debug_line    0x00002498      0x8c2 EcuM_Main.o
 .debug_line    0x00002d5a      0x633 EcuM_PBcfg.o
 .debug_line    0x0000338d      0x315 EcuM_PBHeader.o
 .debug_line    0x000036a2      0x880 EcuM_Callout_Stubs.o
 .debug_line    0x00003f22      0x30f Mcu_PBcfg.o
 .debug_line    0x00004231      0x2b6 Port_PBcfg.o
 .debug_line    0x000044e7      0x2f1 arm_cortex_mx_handlers.o
 .debug_line    0x000047d8      0x255 arm_cortex_mx_callout_stubs.o
 .debug_line    0x00004a2d      0x242 Dio_Lcfg.o
 .debug_line    0x00004c6f       0x51 arch_krn.o
 .debug_line    0x00004cc0      0x5dc os_event.o
 .debug_line    0x0000529c      0x565 os_init.o
 .debug_line    0x00005801      0x5e9 arch.o
 .debug_line    0x00005dea      0xb17 os_task.o
 .debug_line    0x00006901      0x5e6 os_resource.o
 .debug_line    0x00006ee7      0x70c os_alarm.o
 .debug_line    0x000075f3      0x662 os_counter.o
 .debug_line    0x00007c55      0x3fc sys_tick.o
 .debug_line    0x00008051      0x6e3 os_isr.o
 .debug_line    0x00008734      0x4b9 os_application.o
 .debug_line    0x00008bed      0x3b9 os_panic.o
 .debug_line    0x00008fa6      0x498 irq.o
 .debug_line    0x0000943e      0x3b1 Det.o
 .debug_line    0x000097ef      0x452 IoHwAb_Digital.o
 .debug_line    0x00009c41      0x2f2 ramlog.o
 .debug_line    0x00009f33      0x4ef clib_port.o
 .debug_line    0x0000a422      0x4b1 printf.o
 .debug_line    0x0000a8d3      0x130 xtoa.o
 .debug_line    0x0000aa03      0x471 stm32f10x_gpio.o
 .debug_line    0x0000ae74      0x5f3 Mcu_stm32.o
 .debug_line    0x0000b467      0x421 Port_stm32.o
 .debug_line    0x0000b888      0x554 stm32f10x_usart.o
 .debug_line    0x0000bddc      0x2ff misc.o
 .debug_line    0x0000c0db      0x330 Dio_stm32.o
 .debug_line    0x0000c40b      0x24f Com_PbCfg.o
 .debug_line    0x0000c65a      0x252 PduR_PbCfg.o
 .debug_line    0x0000c8ac      0x151 d:/arcticstudio-21.0.0-win32.win32.x86_64/msys/opt/arm-none-eabi/bin/../lib/gcc/arm-none-eabi/4.9.3/../../../../arm-none-eabi/lib/thumb/armv7-m\libc.a(lib_a-errno.o)
 .debug_line    0x0000c9fd      0x136 d:/arcticstudio-21.0.0-win32.win32.x86_64/msys/opt/arm-none-eabi/bin/../lib/gcc/arm-none-eabi/4.9.3/../../../../arm-none-eabi/lib/thumb/armv7-m\libc.a(lib_a-impure.o)
 .debug_line    0x0000cb33      0x15e d:/arcticstudio-21.0.0-win32.win32.x86_64/msys/opt/arm-none-eabi/bin/../lib/gcc/arm-none-eabi/4.9.3/../../../../arm-none-eabi/lib/thumb/armv7-m\libc.a(lib_a-memset.o)
 .debug_line    0x0000cc91      0x1c7 d:/arcticstudio-21.0.0-win32.win32.x86_64/msys/opt/arm-none-eabi/bin/../lib/gcc/arm-none-eabi/4.9.3/../../../../arm-none-eabi/lib/thumb/armv7-m\libc.a(lib_a-reent.o)
 .debug_line    0x0000ce58       0xc2 d:/arcticstudio-21.0.0-win32.win32.x86_64/msys/opt/arm-none-eabi/bin/../lib/gcc/arm-none-eabi/4.9.3/../../../../arm-none-eabi/lib/thumb/armv7-m\libc.a(lib_a-strcpy.o)
 .debug_line    0x0000cf1a      0x137 d:/arcticstudio-21.0.0-win32.win32.x86_64/msys/opt/arm-none-eabi/bin/../lib/gcc/arm-none-eabi/4.9.3/../../../../arm-none-eabi/lib/thumb/armv7-m\libc.a(lib_a-strlen.o)
 .debug_line    0x0000d051      0x20f d:/arcticstudio-21.0.0-win32.win32.x86_64/msys/opt/arm-none-eabi/bin/../lib/gcc/arm-none-eabi/4.9.3/../../../../arm-none-eabi/lib/thumb/armv7-m\libc.a(lib_a-strtoul.o)
 .debug_line    0x0000d260      0x1a7 d:/arcticstudio-21.0.0-win32.win32.x86_64/msys/opt/arm-none-eabi/bin/../lib/gcc/arm-none-eabi/4.9.3/../../../../arm-none-eabi/lib/thumb/armv7-m\libc.a(lib_a-syswrite.o)
 .debug_line    0x0000d407      0x19e d:/arcticstudio-21.0.0-win32.win32.x86_64/msys/opt/arm-none-eabi/bin/../lib/gcc/arm-none-eabi/4.9.3/../../../../arm-none-eabi/lib/thumb/armv7-m\libc.a(lib_a-writer.o)
 .debug_line    0x0000d5a5       0x68 d:/arcticstudio-21.0.0-win32.win32.x86_64/msys/opt/arm-none-eabi/bin/../lib/gcc/arm-none-eabi/4.9.3/../../../../arm-none-eabi/lib/thumb/armv7-m\libc.a(lib_a-ctype_.o)

.debug_str      0x00000000     0x7cc5
 .debug_str     0x00000000      0x830 Rte.o
                                0x8a4 (size before relaxing)
 .debug_str     0x00000830       0xe4 Rte_Internal_IoHwAb.o
                                0x8c2 (size before relaxing)
 .debug_str     0x00000914       0xc6 Rte_Internal_LedBlinkerSWC.o
                                0x8d0 (size before relaxing)
 .debug_str     0x000009da      0x10b Rte_IoHwAb.o
                                0x915 (size before relaxing)
 .debug_str     0x00000ae5       0xf2 Rte_LedBlinkerSWC.o
                                0x8ee (size before relaxing)
 .debug_str     0x00000bd7      0x113 LedBlinkerSWC.o
                                0x2a9 (size before relaxing)
 .debug_str     0x00000cea       0x70 OsIdleTask.o
                                0x12e (size before relaxing)
 .debug_str     0x00000d5a      0x639 stm32f10x_rcc.o
                                0x7f4 (size before relaxing)
 .debug_str     0x00001393      0xed5 Os_Cfg.o
                               0x186a (size before relaxing)
 .debug_str     0x00002268       0x7b arc_assert.o
                                0x873 (size before relaxing)
 .debug_str     0x000022e3     0x1809 EcuM.o
                               0x2193 (size before relaxing)
 .debug_str     0x00003aec      0x38c EcuM_Main.o
                               0x22a7 (size before relaxing)
 .debug_str     0x00003e78       0xc0 EcuM_PBcfg.o
                               0x1eaf (size before relaxing)
 .debug_str     0x00003f38       0x82 EcuM_PBHeader.o
                               0x10ae (size before relaxing)
 .debug_str     0x00003fba      0x329 EcuM_Callout_Stubs.o
                               0x21a0 (size before relaxing)
 .debug_str     0x000042e3       0xec Mcu_PBcfg.o
                                0x3fb (size before relaxing)
 .debug_str     0x000043cf       0x92 Port_PBcfg.o
                                0x4f9 (size before relaxing)
 .debug_str     0x00004461      0x145 arm_cortex_mx_handlers.o
                                0xd0f (size before relaxing)
 .debug_str     0x000045a6       0xa8 arm_cortex_mx_callout_stubs.o
                                0x89b (size before relaxing)
 .debug_str     0x0000464e       0xed Dio_Lcfg.o
                                0x388 (size before relaxing)
 .debug_str     0x0000473b      0x1ef os_event.o
                               0x15c0 (size before relaxing)
 .debug_str     0x0000492a       0xf3 os_init.o
                               0x14e0 (size before relaxing)
 .debug_str     0x00004a1d      0x271 arch.o
                               0x1a73 (size before relaxing)
 .debug_str     0x00004c8e      0x37f os_task.o
                               0x197d (size before relaxing)
 .debug_str     0x0000500d       0xe1 os_resource.o
                               0x1612 (size before relaxing)
 .debug_str     0x000050ee      0x196 os_alarm.o
                               0x1617 (size before relaxing)
 .debug_str     0x00005284       0xf6 os_counter.o
                               0x15d6 (size before relaxing)
 .debug_str     0x0000537a       0xe4 sys_tick.o
                               0x18ed (size before relaxing)
 .debug_str     0x0000545e      0x209 os_isr.o
                               0x1ab1 (size before relaxing)
 .debug_str     0x00005667      0x1bc os_application.o
                               0x158e (size before relaxing)
 .debug_str     0x00005823       0x7e os_panic.o
                               0x1406 (size before relaxing)
 .debug_str     0x000058a1      0x127 irq.o
                               0x196a (size before relaxing)
 .debug_str     0x000059c8      0x138 Det.o
                                0x9fe (size before relaxing)
 .debug_str     0x00005b00      0x190 IoHwAb_Digital.o
                                0xa57 (size before relaxing)
 .debug_str     0x00005c90      0x135 ramlog.o
                                0x3be (size before relaxing)
 .debug_str     0x00005dc5      0x242 clib_port.o
                                0xbf9 (size before relaxing)
 .debug_str     0x00006007       0xcf printf.o
                                0xa11 (size before relaxing)
 .debug_str     0x000060d6       0x71 xtoa.o
                                0x1c5 (size before relaxing)
 .debug_str     0x00006147      0x3cb stm32f10x_gpio.o
                                0x5ab (size before relaxing)
 .debug_str     0x00006512      0x3bb Mcu_stm32.o
                                0x9cf (size before relaxing)
 .debug_str     0x000068cd      0x27f Port_stm32.o
                                0xc81 (size before relaxing)
 .debug_str     0x00006b4c      0x3f8 stm32f10x_usart.o
                                0x722 (size before relaxing)
 .debug_str     0x00006f44      0x15a misc.o
                                0x450 (size before relaxing)
 .debug_str     0x0000709e      0x147 Dio_stm32.o
                                0x437 (size before relaxing)
 .debug_str     0x000071e5       0xa6 Com_PbCfg.o
                                0xbca (size before relaxing)
 .debug_str     0x0000728b       0xbe PduR_PbCfg.o
                                0x6f0 (size before relaxing)
 .debug_str     0x00007349      0x448 d:/arcticstudio-21.0.0-win32.win32.x86_64/msys/opt/arm-none-eabi/bin/../lib/gcc/arm-none-eabi/4.9.3/../../../../arm-none-eabi/lib/thumb/armv7-m\libc.a(lib_a-errno.o)
                                0x554 (size before relaxing)
 .debug_str     0x00007791       0xb6 d:/arcticstudio-21.0.0-win32.win32.x86_64/msys/opt/arm-none-eabi/bin/../lib/gcc/arm-none-eabi/4.9.3/../../../../arm-none-eabi/lib/thumb/armv7-m\libc.a(lib_a-impure.o)
                                0x56c (size before relaxing)
 .debug_str     0x00007847       0xad d:/arcticstudio-21.0.0-win32.win32.x86_64/msys/opt/arm-none-eabi/bin/../lib/gcc/arm-none-eabi/4.9.3/../../../../arm-none-eabi/lib/thumb/armv7-m\libc.a(lib_a-memset.o)
                                0x1af (size before relaxing)
 .debug_str     0x000078f4       0x70 d:/arcticstudio-21.0.0-win32.win32.x86_64/msys/opt/arm-none-eabi/bin/../lib/gcc/arm-none-eabi/4.9.3/../../../../arm-none-eabi/lib/thumb/armv7-m\libc.a(lib_a-reent.o)
                                0x58b (size before relaxing)
 .debug_str     0x00007964       0xad d:/arcticstudio-21.0.0-win32.win32.x86_64/msys/opt/arm-none-eabi/bin/../lib/gcc/arm-none-eabi/4.9.3/../../../../arm-none-eabi/lib/thumb/armv7-m\libc.a(lib_a-strcpy.o)
                                0x1a1 (size before relaxing)
 .debug_str     0x00007a11       0x4d d:/arcticstudio-21.0.0-win32.win32.x86_64/msys/opt/arm-none-eabi/bin/../lib/gcc/arm-none-eabi/4.9.3/../../../../arm-none-eabi/lib/thumb/armv7-m\libc.a(lib_a-strlen.o)
                                0x1a8 (size before relaxing)
 .debug_str     0x00007a5e       0xda d:/arcticstudio-21.0.0-win32.win32.x86_64/msys/opt/arm-none-eabi/bin/../lib/gcc/arm-none-eabi/4.9.3/../../../../arm-none-eabi/lib/thumb/armv7-m\libc.a(lib_a-strtoul.o)
                                0x595 (size before relaxing)
 .debug_str     0x00007b38       0xb1 d:/arcticstudio-21.0.0-win32.win32.x86_64/msys/opt/arm-none-eabi/bin/../lib/gcc/arm-none-eabi/4.9.3/../../../../arm-none-eabi/lib/thumb/armv7-m\libc.a(lib_a-syswrite.o)
                                0x574 (size before relaxing)
 .debug_str     0x00007be9       0x3d d:/arcticstudio-21.0.0-win32.win32.x86_64/msys/opt/arm-none-eabi/bin/../lib/gcc/arm-none-eabi/4.9.3/../../../../arm-none-eabi/lib/thumb/armv7-m\libc.a(lib_a-writer.o)
                                0x560 (size before relaxing)
 .debug_str     0x00007c26       0x9f d:/arcticstudio-21.0.0-win32.win32.x86_64/msys/opt/arm-none-eabi/bin/../lib/gcc/arm-none-eabi/4.9.3/../../../../arm-none-eabi/lib/thumb/armv7-m\libc.a(lib_a-ctype_.o)
                                0x11d (size before relaxing)

.comment        0x00000000       0x11
 .comment       0x00000000       0x11 Rte.o
                                 0x12 (size before relaxing)
 .comment       0x00000000       0x12 Rte_Internal_IoHwAb.o
 .comment       0x00000000       0x12 Rte_Internal_LedBlinkerSWC.o
 .comment       0x00000000       0x12 Rte_IoHwAb.o
 .comment       0x00000000       0x12 Rte_LedBlinkerSWC.o
 .comment       0x00000000       0x12 LedBlinkerSWC.o
 .comment       0x00000000       0x12 OsIdleTask.o
 .comment       0x00000000       0x12 stm32f10x_rcc.o
 .comment       0x00000000       0x12 Os_Cfg.o
 .comment       0x00000000       0x12 arc_assert.o
 .comment       0x00000000       0x12 EcuM.o
 .comment       0x00000000       0x12 EcuM_Main.o
 .comment       0x00000000       0x12 EcuM_PBcfg.o
 .comment       0x00000000       0x12 EcuM_PBHeader.o
 .comment       0x00000000       0x12 EcuM_Callout_Stubs.o
 .comment       0x00000000       0x12 Mcu_PBcfg.o
 .comment       0x00000000       0x12 Port_PBcfg.o
 .comment       0x00000000       0x12 arm_cortex_mx_handlers.o
 .comment       0x00000000       0x12 arm_cortex_mx_callout_stubs.o
 .comment       0x00000000       0x12 Dio_Lcfg.o
 .comment       0x00000000       0x12 os_event.o
 .comment       0x00000000       0x12 os_init.o
 .comment       0x00000000       0x12 arch.o
 .comment       0x00000000       0x12 os_task.o
 .comment       0x00000000       0x12 os_resource.o
 .comment       0x00000000       0x12 os_alarm.o
 .comment       0x00000000       0x12 os_counter.o
 .comment       0x00000000       0x12 sys_tick.o
 .comment       0x00000000       0x12 os_isr.o
 .comment       0x00000000       0x12 os_application.o
 .comment       0x00000000       0x12 os_panic.o
 .comment       0x00000000       0x12 irq.o
 .comment       0x00000000       0x12 Det.o
 .comment       0x00000000       0x12 IoHwAb_Digital.o
 .comment       0x00000000       0x12 ramlog.o
 .comment       0x00000000       0x12 clib_port.o
 .comment       0x00000000       0x12 printf.o
 .comment       0x00000000       0x12 xtoa.o
 .comment       0x00000000       0x12 stm32f10x_gpio.o
 .comment       0x00000000       0x12 Mcu_stm32.o
 .comment       0x00000000       0x12 Port_stm32.o
 .comment       0x00000000       0x12 stm32f10x_usart.o
 .comment       0x00000000       0x12 misc.o
 .comment       0x00000000       0x12 Dio_stm32.o
 .comment       0x00000000       0x12 Com_PbCfg.o
 .comment       0x00000000       0x12 PduR_PbCfg.o
 .comment       0x00000000       0x12 d:/arcticstudio-21.0.0-win32.win32.x86_64/msys/opt/arm-none-eabi/bin/../lib/gcc/arm-none-eabi/4.9.3/../../../../arm-none-eabi/lib/thumb/armv7-m\libc.a(lib_a-errno.o)
 .comment       0x00000000       0x12 d:/arcticstudio-21.0.0-win32.win32.x86_64/msys/opt/arm-none-eabi/bin/../lib/gcc/arm-none-eabi/4.9.3/../../../../arm-none-eabi/lib/thumb/armv7-m\libc.a(lib_a-impure.o)
 .comment       0x00000000       0x12 d:/arcticstudio-21.0.0-win32.win32.x86_64/msys/opt/arm-none-eabi/bin/../lib/gcc/arm-none-eabi/4.9.3/../../../../arm-none-eabi/lib/thumb/armv7-m\libc.a(lib_a-memset.o)
 .comment       0x00000000       0x12 d:/arcticstudio-21.0.0-win32.win32.x86_64/msys/opt/arm-none-eabi/bin/../lib/gcc/arm-none-eabi/4.9.3/../../../../arm-none-eabi/lib/thumb/armv7-m\libc.a(lib_a-reent.o)
 .comment       0x00000000       0x12 d:/arcticstudio-21.0.0-win32.win32.x86_64/msys/opt/arm-none-eabi/bin/../lib/gcc/arm-none-eabi/4.9.3/../../../../arm-none-eabi/lib/thumb/armv7-m\libc.a(lib_a-strcpy.o)
 .comment       0x00000000       0x12 d:/arcticstudio-21.0.0-win32.win32.x86_64/msys/opt/arm-none-eabi/bin/../lib/gcc/arm-none-eabi/4.9.3/../../../../arm-none-eabi/lib/thumb/armv7-m\libc.a(lib_a-strlen.o)
 .comment       0x00000000       0x12 d:/arcticstudio-21.0.0-win32.win32.x86_64/msys/opt/arm-none-eabi/bin/../lib/gcc/arm-none-eabi/4.9.3/../../../../arm-none-eabi/lib/thumb/armv7-m\libc.a(lib_a-strtoul.o)
 .comment       0x00000000       0x12 d:/arcticstudio-21.0.0-win32.win32.x86_64/msys/opt/arm-none-eabi/bin/../lib/gcc/arm-none-eabi/4.9.3/../../../../arm-none-eabi/lib/thumb/armv7-m\libc.a(lib_a-syswrite.o)
 .comment       0x00000000       0x12 d:/arcticstudio-21.0.0-win32.win32.x86_64/msys/opt/arm-none-eabi/bin/../lib/gcc/arm-none-eabi/4.9.3/../../../../arm-none-eabi/lib/thumb/armv7-m\libc.a(lib_a-writer.o)
 .comment       0x00000000       0x12 d:/arcticstudio-21.0.0-win32.win32.x86_64/msys/opt/arm-none-eabi/bin/../lib/gcc/arm-none-eabi/4.9.3/../../../../arm-none-eabi/lib/thumb/armv7-m\libc.a(lib_a-ctype_.o)

.ARM.attributes
                0x00000000       0x31
 .ARM.attributes
                0x00000000       0x33 Rte.o
 .ARM.attributes
                0x00000033       0x33 Rte_Internal_IoHwAb.o
 .ARM.attributes
                0x00000066       0x33 Rte_Internal_LedBlinkerSWC.o
 .ARM.attributes
                0x00000099       0x33 Rte_IoHwAb.o
 .ARM.attributes
                0x000000cc       0x33 Rte_LedBlinkerSWC.o
 .ARM.attributes
                0x000000ff       0x33 LedBlinkerSWC.o
 .ARM.attributes
                0x00000132       0x33 OsIdleTask.o
 .ARM.attributes
                0x00000165       0x21 startup_cmx.o
 .ARM.attributes
                0x00000186       0x33 stm32f10x_rcc.o
 .ARM.attributes
                0x000001b9       0x33 Os_Cfg.o
 .ARM.attributes
                0x000001ec       0x33 arc_assert.o
 .ARM.attributes
                0x0000021f       0x33 EcuM.o
 .ARM.attributes
                0x00000252       0x33 EcuM_Main.o
 .ARM.attributes
                0x00000285       0x33 EcuM_PBcfg.o
 .ARM.attributes
                0x000002b8       0x33 EcuM_PBHeader.o
 .ARM.attributes
                0x000002eb       0x33 EcuM_Callout_Stubs.o
 .ARM.attributes
                0x0000031e       0x33 Mcu_PBcfg.o
 .ARM.attributes
                0x00000351       0x33 Port_PBcfg.o
 .ARM.attributes
                0x00000384       0x33 arm_cortex_mx_handlers.o
 .ARM.attributes
                0x000003b7       0x33 arm_cortex_mx_callout_stubs.o
 .ARM.attributes
                0x000003ea       0x33 Dio_Lcfg.o
 .ARM.attributes
                0x0000041d       0x21 arch_krn.o
 .ARM.attributes
                0x0000043e       0x33 os_event.o
 .ARM.attributes
                0x00000471       0x33 os_init.o
 .ARM.attributes
                0x000004a4       0x33 arch.o
 .ARM.attributes
                0x000004d7       0x33 os_task.o
 .ARM.attributes
                0x0000050a       0x33 os_resource.o
 .ARM.attributes
                0x0000053d       0x33 os_alarm.o
 .ARM.attributes
                0x00000570       0x33 os_counter.o
 .ARM.attributes
                0x000005a3       0x33 sys_tick.o
 .ARM.attributes
                0x000005d6       0x33 os_isr.o
 .ARM.attributes
                0x00000609       0x33 os_application.o
 .ARM.attributes
                0x0000063c       0x33 os_panic.o
 .ARM.attributes
                0x0000066f       0x33 irq.o
 .ARM.attributes
                0x000006a2       0x33 Det.o
 .ARM.attributes
                0x000006d5       0x33 IoHwAb_Digital.o
 .ARM.attributes
                0x00000708       0x33 ramlog.o
 .ARM.attributes
                0x0000073b       0x33 clib_port.o
 .ARM.attributes
                0x0000076e       0x33 printf.o
 .ARM.attributes
                0x000007a1       0x33 xtoa.o
 .ARM.attributes
                0x000007d4       0x33 stm32f10x_gpio.o
 .ARM.attributes
                0x00000807       0x33 Mcu_stm32.o
 .ARM.attributes
                0x0000083a       0x33 Port_stm32.o
 .ARM.attributes
                0x0000086d       0x33 stm32f10x_usart.o
 .ARM.attributes
                0x000008a0       0x33 misc.o
 .ARM.attributes
                0x000008d3       0x33 Dio_stm32.o
 .ARM.attributes
                0x00000906       0x33 Com_PbCfg.o
 .ARM.attributes
                0x00000939       0x33 PduR_PbCfg.o
 .ARM.attributes
                0x0000096c       0x2d d:/arcticstudio-21.0.0-win32.win32.x86_64/msys/opt/arm-none-eabi/bin/../lib/gcc/arm-none-eabi/4.9.3/../../../../arm-none-eabi/lib/thumb/armv7-m\libc.a(lib_a-errno.o)
 .ARM.attributes
                0x00000999       0x2d d:/arcticstudio-21.0.0-win32.win32.x86_64/msys/opt/arm-none-eabi/bin/../lib/gcc/arm-none-eabi/4.9.3/../../../../arm-none-eabi/lib/thumb/armv7-m\libc.a(lib_a-impure.o)
 .ARM.attributes
                0x000009c6       0x2d d:/arcticstudio-21.0.0-win32.win32.x86_64/msys/opt/arm-none-eabi/bin/../lib/gcc/arm-none-eabi/4.9.3/../../../../arm-none-eabi/lib/thumb/armv7-m\libc.a(lib_a-memset.o)
 .ARM.attributes
                0x000009f3       0x2d d:/arcticstudio-21.0.0-win32.win32.x86_64/msys/opt/arm-none-eabi/bin/../lib/gcc/arm-none-eabi/4.9.3/../../../../arm-none-eabi/lib/thumb/armv7-m\libc.a(lib_a-reent.o)
 .ARM.attributes
                0x00000a20       0x2d d:/arcticstudio-21.0.0-win32.win32.x86_64/msys/opt/arm-none-eabi/bin/../lib/gcc/arm-none-eabi/4.9.3/../../../../arm-none-eabi/lib/thumb/armv7-m\libc.a(lib_a-strcpy.o)
 .ARM.attributes
                0x00000a4d       0x2d d:/arcticstudio-21.0.0-win32.win32.x86_64/msys/opt/arm-none-eabi/bin/../lib/gcc/arm-none-eabi/4.9.3/../../../../arm-none-eabi/lib/thumb/armv7-m\libc.a(lib_a-strlen.o)
 .ARM.attributes
                0x00000a7a       0x2d d:/arcticstudio-21.0.0-win32.win32.x86_64/msys/opt/arm-none-eabi/bin/../lib/gcc/arm-none-eabi/4.9.3/../../../../arm-none-eabi/lib/thumb/armv7-m\libc.a(lib_a-strtoul.o)
 .ARM.attributes
                0x00000aa7       0x2d d:/arcticstudio-21.0.0-win32.win32.x86_64/msys/opt/arm-none-eabi/bin/../lib/gcc/arm-none-eabi/4.9.3/../../../../arm-none-eabi/lib/thumb/armv7-m\libc.a(lib_a-syswrite.o)
 .ARM.attributes
                0x00000ad4       0x2d d:/arcticstudio-21.0.0-win32.win32.x86_64/msys/opt/arm-none-eabi/bin/../lib/gcc/arm-none-eabi/4.9.3/../../../../arm-none-eabi/lib/thumb/armv7-m\libc.a(lib_a-writer.o)
 .ARM.attributes
                0x00000b01       0x2d d:/arcticstudio-21.0.0-win32.win32.x86_64/msys/opt/arm-none-eabi/bin/../lib/gcc/arm-none-eabi/4.9.3/../../../../arm-none-eabi/lib/thumb/armv7-m\libc.a(lib_a-ctype_.o)

.debug_frame    0x00000000     0x438c
 .debug_frame   0x00000000       0x30 Rte.o
 .debug_frame   0x00000030       0x34 Rte_Internal_IoHwAb.o
 .debug_frame   0x00000064       0x34 Rte_Internal_LedBlinkerSWC.o
 .debug_frame   0x00000098       0x34 Rte_IoHwAb.o
 .debug_frame   0x000000cc       0x2c Rte_LedBlinkerSWC.o
 .debug_frame   0x000000f8       0x50 LedBlinkerSWC.o
 .debug_frame   0x00000148       0x28 OsIdleTask.o
 .debug_frame   0x00000170      0x65c stm32f10x_rcc.o
 .debug_frame   0x000007cc       0x58 arc_assert.o
 .debug_frame   0x00000824      0x1c8 EcuM.o
 .debug_frame   0x000009ec      0x288 EcuM_Main.o
 .debug_frame   0x00000c74      0x3fc EcuM_Callout_Stubs.o
 .debug_frame   0x00001070       0xac arm_cortex_mx_handlers.o
 .debug_frame   0x0000111c       0x38 arm_cortex_mx_callout_stubs.o
 .debug_frame   0x00001154      0x1c4 os_event.o
 .debug_frame   0x00001318      0x128 os_init.o
 .debug_frame   0x00001440      0x250 arch.o
 .debug_frame   0x00001690      0x68c os_task.o
 .debug_frame   0x00001d1c      0x208 os_resource.o
 .debug_frame   0x00001f24      0x32c os_alarm.o
 .debug_frame   0x00002250      0x2b8 os_counter.o
 .debug_frame   0x00002508       0x9c sys_tick.o
 .debug_frame   0x000025a4      0x3d0 os_isr.o
 .debug_frame   0x00002974      0x194 os_application.o
 .debug_frame   0x00002b08       0x34 os_panic.o
 .debug_frame   0x00002b3c      0x164 irq.o
 .debug_frame   0x00002ca0       0xc0 Det.o
 .debug_frame   0x00002d60      0x104 IoHwAb_Digital.o
 .debug_frame   0x00002e64      0x120 ramlog.o
 .debug_frame   0x00002f84      0x260 clib_port.o
 .debug_frame   0x000031e4      0x2a4 printf.o
 .debug_frame   0x00003488       0x80 xtoa.o
 .debug_frame   0x00003508      0x2d0 stm32f10x_gpio.o
 .debug_frame   0x000037d8      0x2ec Mcu_stm32.o
 .debug_frame   0x00003ac4       0xb8 Port_stm32.o
 .debug_frame   0x00003b7c      0x490 stm32f10x_usart.o
 .debug_frame   0x0000400c       0xd8 misc.o
 .debug_frame   0x000040e4      0x110 Dio_stm32.o
 .debug_frame   0x000041f4       0x20 d:/arcticstudio-21.0.0-win32.win32.x86_64/msys/opt/arm-none-eabi/bin/../lib/gcc/arm-none-eabi/4.9.3/../../../../arm-none-eabi/lib/thumb/armv7-m\libc.a(lib_a-errno.o)
 .debug_frame   0x00004214       0x34 d:/arcticstudio-21.0.0-win32.win32.x86_64/msys/opt/arm-none-eabi/bin/../lib/gcc/arm-none-eabi/4.9.3/../../../../arm-none-eabi/lib/thumb/armv7-m\libc.a(lib_a-memset.o)
 .debug_frame   0x00004248       0x58 d:/arcticstudio-21.0.0-win32.win32.x86_64/msys/opt/arm-none-eabi/bin/../lib/gcc/arm-none-eabi/4.9.3/../../../../arm-none-eabi/lib/thumb/armv7-m\libc.a(lib_a-reent.o)
 .debug_frame   0x000042a0       0x20 d:/arcticstudio-21.0.0-win32.win32.x86_64/msys/opt/arm-none-eabi/bin/../lib/gcc/arm-none-eabi/4.9.3/../../../../arm-none-eabi/lib/thumb/armv7-m\libc.a(lib_a-strcpy.o)
 .debug_frame   0x000042c0       0x20 d:/arcticstudio-21.0.0-win32.win32.x86_64/msys/opt/arm-none-eabi/bin/../lib/gcc/arm-none-eabi/4.9.3/../../../../arm-none-eabi/lib/thumb/armv7-m\libc.a(lib_a-strlen.o)
 .debug_frame   0x000042e0       0x54 d:/arcticstudio-21.0.0-win32.win32.x86_64/msys/opt/arm-none-eabi/bin/../lib/gcc/arm-none-eabi/4.9.3/../../../../arm-none-eabi/lib/thumb/armv7-m\libc.a(lib_a-strtoul.o)
 .debug_frame   0x00004334       0x2c d:/arcticstudio-21.0.0-win32.win32.x86_64/msys/opt/arm-none-eabi/bin/../lib/gcc/arm-none-eabi/4.9.3/../../../../arm-none-eabi/lib/thumb/armv7-m\libc.a(lib_a-syswrite.o)
 .debug_frame   0x00004360       0x2c d:/arcticstudio-21.0.0-win32.win32.x86_64/msys/opt/arm-none-eabi/bin/../lib/gcc/arm-none-eabi/4.9.3/../../../../arm-none-eabi/lib/thumb/armv7-m\libc.a(lib_a-writer.o)
