Archive member included because of file (symbol)

d:/arcticstudio-21.0.0-win32.win32.x86_64/msys/opt/arm-none-eabi/bin/../lib/gcc/arm-none-eabi/4.9.3/thumb/armv7-m\libgcc.a(_aeabi_uldivmod.o)
                              tasks.o (__aeabi_uldivmod)
d:/arcticstudio-21.0.0-win32.win32.x86_64/msys/opt/arm-none-eabi/bin/../lib/gcc/arm-none-eabi/4.9.3/thumb/armv7-m\libgcc.a(bpabi.o)
                              d:/arcticstudio-21.0.0-win32.win32.x86_64/msys/opt/arm-none-eabi/bin/../lib/gcc/arm-none-eabi/4.9.3/thumb/armv7-m\libgcc.a(_aeabi_uldivmod.o) (__gnu_uldivmod_helper)
d:/arcticstudio-21.0.0-win32.win32.x86_64/msys/opt/arm-none-eabi/bin/../lib/gcc/arm-none-eabi/4.9.3/thumb/armv7-m\libgcc.a(_dvmd_tls.o)
                              d:/arcticstudio-21.0.0-win32.win32.x86_64/msys/opt/arm-none-eabi/bin/../lib/gcc/arm-none-eabi/4.9.3/thumb/armv7-m\libgcc.a(_aeabi_uldivmod.o) (__aeabi_ldiv0)
d:/arcticstudio-21.0.0-win32.win32.x86_64/msys/opt/arm-none-eabi/bin/../lib/gcc/arm-none-eabi/4.9.3/thumb/armv7-m\libgcc.a(_divdi3.o)
                              d:/arcticstudio-21.0.0-win32.win32.x86_64/msys/opt/arm-none-eabi/bin/../lib/gcc/arm-none-eabi/4.9.3/thumb/armv7-m\libgcc.a(bpabi.o) (__divdi3)
d:/arcticstudio-21.0.0-win32.win32.x86_64/msys/opt/arm-none-eabi/bin/../lib/gcc/arm-none-eabi/4.9.3/thumb/armv7-m\libgcc.a(_udivdi3.o)
                              d:/arcticstudio-21.0.0-win32.win32.x86_64/msys/opt/arm-none-eabi/bin/../lib/gcc/arm-none-eabi/4.9.3/thumb/armv7-m\libgcc.a(bpabi.o) (__udivdi3)
d:/arcticstudio-21.0.0-win32.win32.x86_64/msys/opt/arm-none-eabi/bin/../lib/gcc/arm-none-eabi/4.9.3/../../../../arm-none-eabi/lib/thumb/armv7-m\libc.a(lib_a-abort.o)
                              clib_port.o (abort)
d:/arcticstudio-21.0.0-win32.win32.x86_64/msys/opt/arm-none-eabi/bin/../lib/gcc/arm-none-eabi/4.9.3/../../../../arm-none-eabi/lib/thumb/armv7-m\libc.a(lib_a-errno.o)
                              clib_port.o (__errno)
d:/arcticstudio-21.0.0-win32.win32.x86_64/msys/opt/arm-none-eabi/bin/../lib/gcc/arm-none-eabi/4.9.3/../../../../arm-none-eabi/lib/thumb/armv7-m\libc.a(lib_a-fopen.o)
                              ramlog.o (fopen)
d:/arcticstudio-21.0.0-win32.win32.x86_64/msys/opt/arm-none-eabi/bin/../lib/gcc/arm-none-eabi/4.9.3/../../../../arm-none-eabi/lib/thumb/armv7-m\libc.a(lib_a-fseek.o)
                              d:/arcticstudio-21.0.0-win32.win32.x86_64/msys/opt/arm-none-eabi/bin/../lib/gcc/arm-none-eabi/4.9.3/../../../../arm-none-eabi/lib/thumb/armv7-m\libc.a(lib_a-fopen.o) (_fseek_r)
d:/arcticstudio-21.0.0-win32.win32.x86_64/msys/opt/arm-none-eabi/bin/../lib/gcc/arm-none-eabi/4.9.3/../../../../arm-none-eabi/lib/thumb/armv7-m\libc.a(lib_a-fseeko.o)
                              d:/arcticstudio-21.0.0-win32.win32.x86_64/msys/opt/arm-none-eabi/bin/../lib/gcc/arm-none-eabi/4.9.3/../../../../arm-none-eabi/lib/thumb/armv7-m\libc.a(lib_a-fseek.o) (_fseeko_r)
d:/arcticstudio-21.0.0-win32.win32.x86_64/msys/opt/arm-none-eabi/bin/../lib/gcc/arm-none-eabi/4.9.3/../../../../arm-none-eabi/lib/thumb/armv7-m\libc.a(lib_a-fstatr.o)
                              d:/arcticstudio-21.0.0-win32.win32.x86_64/msys/opt/arm-none-eabi/bin/../lib/gcc/arm-none-eabi/4.9.3/../../../../arm-none-eabi/lib/thumb/armv7-m\libc.a(lib_a-fseeko.o) (_fstat_r)
d:/arcticstudio-21.0.0-win32.win32.x86_64/msys/opt/arm-none-eabi/bin/../lib/gcc/arm-none-eabi/4.9.3/../../../../arm-none-eabi/lib/thumb/armv7-m\libc.a(lib_a-impure.o)
                              d:/arcticstudio-21.0.0-win32.win32.x86_64/msys/opt/arm-none-eabi/bin/../lib/gcc/arm-none-eabi/4.9.3/../../../../arm-none-eabi/lib/thumb/armv7-m\libc.a(lib_a-errno.o) (_impure_ptr)
d:/arcticstudio-21.0.0-win32.win32.x86_64/msys/opt/arm-none-eabi/bin/../lib/gcc/arm-none-eabi/4.9.3/../../../../arm-none-eabi/lib/thumb/armv7-m\libc.a(lib_a-makebuf.o)
                              d:/arcticstudio-21.0.0-win32.win32.x86_64/msys/opt/arm-none-eabi/bin/../lib/gcc/arm-none-eabi/4.9.3/../../../../arm-none-eabi/lib/thumb/armv7-m\libc.a(lib_a-fseeko.o) (__smakebuf_r)
d:/arcticstudio-21.0.0-win32.win32.x86_64/msys/opt/arm-none-eabi/bin/../lib/gcc/arm-none-eabi/4.9.3/../../../../arm-none-eabi/lib/thumb/armv7-m\libc.a(lib_a-malloc.o)
                              cirq_buffer.o (malloc)
d:/arcticstudio-21.0.0-win32.win32.x86_64/msys/opt/arm-none-eabi/bin/../lib/gcc/arm-none-eabi/4.9.3/../../../../arm-none-eabi/lib/thumb/armv7-m\libc.a(lib_a-mallocr.o)
                              d:/arcticstudio-21.0.0-win32.win32.x86_64/msys/opt/arm-none-eabi/bin/../lib/gcc/arm-none-eabi/4.9.3/../../../../arm-none-eabi/lib/thumb/armv7-m\libc.a(lib_a-makebuf.o) (_malloc_r)
d:/arcticstudio-21.0.0-win32.win32.x86_64/msys/opt/arm-none-eabi/bin/../lib/gcc/arm-none-eabi/4.9.3/../../../../arm-none-eabi/lib/thumb/armv7-m\libc.a(lib_a-memcpy.o)
                              cirq_buffer.o (memcpy)
[...]
Memory Configuration

Name             Origin             Length             Attributes
L_FLASH_CODE_0   0x08000000         0x00030000
L_SRAM_0         0x20000000         0x00010000
*default*        0x00000000         0xffffffff

Linker script and memory map


.isr_vector     0x08000000      0x18c
                0x08000000                . = ALIGN (0x4)
 *(.isr_vector)
 .isr_vector    0x08000000      0x18c startup_cmx.o
                0x0800018c                . = ALIGN (0x4)

.text           0x0800018c     0x8574
                0x0800018c                . = ALIGN (0x4)
 *(.ti_sdo_ipc_init)
 *(.data_ti_ipc_namesrv_NameServerRemoteRpmsg_Module__state__V)
 *(.data_ti_sdo_ipc_SharedRegion_Module__state__V)
 *(.data_ti_sdo_ipc_Ipc_Module__state__V)
 *(.data_ti_sdo_ipc_Notify_Module__state__V)
 *(.data_ti_sdo_ipc_family_vayu_arc_NotifyDriverMbx_Module__state__V)
 *(.data_ti_sdo_ipc_heaps_HeapMemMP_Module__state__V)
 *(.data_ti_ipc_remoteproc_Resource_Module__state__V)
 *(.data_ti_ipc_transports_TransportRpmsgSetup_Module__state__V)
 *(.data_ti_sdo_ipc_MessageQ_Module__state__V)
 *(.data_ti_sdo_ipc_family_vayu_arc_InterruptIpu_Module__state__V)
 *(.data_ti_sdo_ipc_family_vayu_arc_NotifySetup_Module__state__V)
 *(.data_ti_sdo_utils_MultiProc_Module__state__V)
 *(.data_ti_sdo_utils_NameServer_Module__state__V)
 *(.data_xdc_runtime_Startup_Module__state__V)
 *(.data_xdc_runtime_System_Module__state__V)
 *(.data_ti_sdo_ipc_GateMP_Module__state__V)
 *(.text .text.*)
 .text.OSErrorGetServiceId
                0x0800018c       0x18 system_hooks.o
 .text.StartupHook
                0x080001a4       0x18 system_hooks.o
                0x080001a4                StartupHook
 .text.ShutdownHook
                0x080001bc        0xc system_hooks.o
                0x080001bc                ShutdownHook
 .text.ErrorHook
                0x080001c8       0xcc system_hooks.o
                0x080001c8                ErrorHook
 .text.Timer_uDelay
                0x08000294       0x68 tasks.o
 .text.EcuM_OnEnterRun
                0x080002fc        0xc tasks.o
                0x080002fc                EcuM_OnEnterRun
 .text.TaskLoad
                0x08000308       0xa0 tasks.o
                0x08000308                TaskLoad
 .text.OsIdle   0x080003a8        0xc tasks.o
                0x080003a8                OsIdle
 .text.Reset_Handler
                0x080003b4       0x74 startup_cmx.o
                0x080003b4                Reset_Handler
 .text.Default_Handler
                0x08000428        0x2 startup_cmx.o
                0x08000428                Default_Handler
                0x08000428                SVC_Handler
                0x08000428                DebugMon_Handler
 *fill*         0x0800042a        0x2 
 .text.RCC_GetClocksFreq
                0x0800042c      0x1c4 stm32f10x_rcc.o
                0x0800042c                RCC_GetClocksFreq
 .text.RCC_APB2PeriphClockCmd
                0x080005f0       0x3c stm32f10x_rcc.o
                0x080005f0                RCC_APB2PeriphClockCmd
 .text.Arc_Assert
                0x0800062c       0x18 arc_assert.o
                0x0800062c                Arc_Assert
 .text.EcuM_Init
                0x08000644       0xc4 EcuM.o
                0x08000644                EcuM_Init
 .text.EcuM_SelectShutdownTarget
                0x08000708       0x30 EcuM.o
                0x08000708                EcuM_SelectShutdownTarget
 .text.EcuM_ClearWakeupEvent
                0x08000738       0x34 EcuM.o
                0x08000738                EcuM_ClearWakeupEvent
 .text.EcuM_GetPendingWakeupEvents
                0x0800076c       0x18 EcuM.o
                0x0800076c                EcuM_GetPendingWakeupEvents
 .text.EcuM_GetValidatedWakeupEvents
                0x08000784       0x18 EcuM.o
                0x08000784                EcuM_GetValidatedWakeupEvents
 .text.EcuM_ValidateWakeupEvent
                0x0800079c       0x24 EcuM.o
                0x0800079c                EcuM_ValidateWakeupEvent
 .text.EcuM_StartupTwo
                0x080007c0       0x3c EcuM_Fixed.o
                0x080007c0                EcuM_StartupTwo
 .text.EcuM_GetState
                0x080007fc       0x24 EcuM_Fixed.o
                0x080007fc                EcuM_GetState
 .text.EcuM_RequestRUN
                0x08000820       0x38 EcuM_Fixed.o
                0x08000820                EcuM_RequestRUN
 .text.SuspendOSInterrupts
                0x08000858       0x24 EcuM_Main.o
 .text.ResumeOSInterrupts
                0x0800087c       0x34 EcuM_Main.o
 .text.hasRunRequests
                0x080008b0       0x28 EcuM_Main.o
 .text.hasPostRunRequests
                0x080008d8       0x20 EcuM_Main.o
 .text.SetCurrentState
                0x080008f8       0x44 EcuM_Main.o
                0x080008f8                SetCurrentState
 .text.SetComMCommunicationAllowed
                0x0800093c       0x1c EcuM_Main.o
                0x0800093c                SetComMCommunicationAllowed
 .text.EcuM_enter_run_mode
                0x08000958       0x18 EcuM_Main.o
                0x08000958                EcuM_enter_run_mode
 .text.enter_go_sleep_mode
                0x08000970       0x10 EcuM_Main.o
 .text.in_state_goSleep
                0x08000980       0x94 EcuM_Main.o
 .text.in_state_sleep
                0x08000a14       0x40 EcuM_Main.o
 .text.go_off_one_module_deinit
                0x08000a54        0xc EcuM_Main.o
 .text.enter_go_off_one_mode
                0x08000a60       0x1c EcuM_Main.o
 .text.in_state_appRun
                0x08000a7c       0x40 EcuM_Main.o
 .text.in_state_appPostRun
                0x08000abc       0x2c EcuM_Main.o
 .text.in_state_prepShutdown
                0x08000ae8       0x34 EcuM_Main.o
 .text.in_state_goOffOne
                0x08000b1c        0xc EcuM_Main.o
 .text.EcuM_MainFunction
                0x08000b28      0x2c0 EcuM_Main.o
                0x08000b28                EcuM_MainFunction
 .text._dummy   0x08000de8        0xc EcuM_Callout_Stubs.o
 .text.EcuM_DeterminePbConfiguration
                0x08000df4       0x20 EcuM_Callout_Stubs.o
                0x08000df4                EcuM_DeterminePbConfiguration
 .text.EcuM_AL_DriverInitZero
                0x08000e14       0x10 EcuM_Callout_Stubs.o
                0x08000e14                EcuM_AL_DriverInitZero
 .text.EcuM_AL_DriverInitOne
                0x08000e24       0x50 EcuM_Callout_Stubs.o
                0x08000e24                EcuM_AL_DriverInitOne
 .text.EcuM_AL_DriverInitTwo
                0x08000e74       0x14 EcuM_Callout_Stubs.o
                0x08000e74                EcuM_AL_DriverInitTwo
 .text.EcuM_AL_DriverInitThree
                0x08000e88       0x14 EcuM_Callout_Stubs.o
                0x08000e88                EcuM_AL_DriverInitThree
 .text.EcuM_OnExitRun
                0x08000e9c        0xc EcuM_Callout_Stubs.o
                0x08000e9c                EcuM_OnExitRun
 .text.EcuM_OnExitPostRun
                0x08000ea8        0xc EcuM_Callout_Stubs.o
                0x08000ea8                EcuM_OnExitPostRun
 .text.EcuM_OnPrepShutdown
                0x08000eb4        0xc EcuM_Callout_Stubs.o
                0x08000eb4                EcuM_OnPrepShutdown
 .text.EcuM_OnGoSleep
                0x08000ec0        0xc EcuM_Callout_Stubs.o
                0x08000ec0                EcuM_OnGoSleep
 .text.EcuM_OnGoOffOne
                0x08000ecc        0xc EcuM_Callout_Stubs.o
                0x08000ecc                EcuM_OnGoOffOne
 .text.EcuM_EnableWakeupSources
                0x08000ed8       0x14 EcuM_Callout_Stubs.o
                0x08000ed8                EcuM_EnableWakeupSources
 .text.EcuM_DisableWakeupSources
                0x08000eec       0x14 EcuM_Callout_Stubs.o
                0x08000eec                EcuM_DisableWakeupSources
 .text.EcuM_StartWakeupSources
                0x08000f00       0x34 EcuM_Callout_Stubs.o
                0x08000f00                EcuM_StartWakeupSources
 .text.EcuM_StopWakeupSources
                0x08000f34       0x34 EcuM_Callout_Stubs.o
                0x08000f34                EcuM_StopWakeupSources
 .text.EcuM_CheckValidation
                0x08000f68       0x34 EcuM_Callout_Stubs.o
                0x08000f68                EcuM_CheckValidation
 .text.EcuM_AL_DriverRestart
                0x08000f9c       0x5c EcuM_Callout_Stubs.o
                0x08000f9c                EcuM_AL_DriverRestart
 .text.EcuM_OnWakeupReaction
                0x08000ff8       0x38 EcuM_Callout_Stubs.o
                0x08000ff8                EcuM_OnWakeupReaction
 .text.EcuM_GenerateRamHash
                0x08001030       0x30 EcuM_Callout_Stubs.o
                0x08001030                EcuM_GenerateRamHash
 .text.EcuM_CheckRamHash
                0x08001060       0x34 EcuM_Callout_Stubs.o
                0x08001060                EcuM_CheckRamHash
 .text.EcuM_Arc_RememberWakeupEvent
                0x08001094       0x14 EcuM_Callout_Stubs.o
                0x08001094                EcuM_Arc_RememberWakeupEvent
 .text.NMI_Handler
                0x080010a8       0x10 arm_cortex_mx_handlers.o
                0x080010a8                NMI_Handler
 .text.regs     0x080010b8       0x70 arm_cortex_mx_handlers.o
                0x080010b8                regs
 .text.HardFault_Handler
                0x08001128       0x18 arm_cortex_mx_handlers.o
                0x08001128                HardFault_Handler
 .text.MemManage_Handler
                0x08001140       0x14 arm_cortex_mx_handlers.o
                0x08001140                MemManage_Handler
 .text.BusFault_Handler
                0x08001154       0x14 arm_cortex_mx_handlers.o
                0x08001154                BusFault_Handler
 .text.UsageFault_Handler
                0x08001168       0x14 arm_cortex_mx_handlers.o
                0x08001168                UsageFault_Handler
 .text.Os_ArchGetProtectionType
                0x0800117c       0x18 arm_cortex_mx_callout_stubs.o
                0x0800117c                Os_ArchGetProtectionType
 .text          0x08001194       0x44 arch_krn.o
                0x08001194                Os_ArchSwapAndTrigPendSv
                0x08001198                Os_ArchTrigPendSV
                0x080011aa                Os_ArchSetSpAndCall
                0x080011b4                Os_ArchSwapContext
                0x080011be                Os_ArchSwapContextTo
 .text._Irq_Save
                0x080011d8       0x20 os_event.o
 .text._Irq_Restore
                0x080011f8       0x1c os_event.o
 .text.Os_SysTaskGetCurr
                0x08001214       0x18 os_event.o
 .text.Os_SysIntAnyDisabled
                0x0800122c       0x30 os_event.o
 .text.Os_SchedulerResourceIsFree
                0x0800125c       0x28 os_event.o
 .text.Os_TaskGet
                0x08001284       0x28 os_event.o
 .text.Os_TaskOccupiesResources
                0x080012ac       0x24 os_event.o
 .text.Os_CallErrorHook
                0x080012d0       0x34 os_event.o
 .text.WaitEvent
                0x08001304      0x120 os_event.o
                0x08001304                WaitEvent
 .text.SetEvent
                0x08001424      0x16c os_event.o
                0x08001424                SetEvent
 .text.ClearEvent
                0x08001590       0xc4 os_event.o
                0x08001590                ClearEvent
 .text.Os_SysIntClearAll
                0x08001654       0x20 os_init.o
 .text.Os_TaskGet
                0x08001674       0x28 os_init.o
 .text.copyPcbParts
                0x0800169c       0x30 os_init.o
 .text.InitOS   0x080016cc       0xe8 os_init.o
                0x080016cc                InitOS
 .text.os_start
                0x080017b4      0x11c os_init.o
 .text.main     0x080018d0       0x10 os_init.o
                0x080018d0                main
 .text.StartOS  0x080018e0       0x38 os_init.o
                0x080018e0                StartOS
 .text.ShutdownOS
                0x08001918       0x30 os_init.o
                0x08001918                ShutdownOS
 .text.Os_SysTaskSetCurr
                0x08001948       0x1c arch.o
 .text.Os_SysIntAnyDisabled
                0x08001964       0x30 arch.o
 .text.NVIC_GetPriority
                0x08001994       0x50 arch.o
 .text.Os_SchedulerResourceIsFree
                0x080019e4       0x28 arch.o
 .text.Os_TaskMakeRunning
                0x08001a0c       0x18 arch.o
 .text.Os_StackIsEndmarkOk
                0x08001a24       0x30 arch.o
 .text.Os_StackIsStartmarkOk
                0x08001a54       0x38 arch.o
 .text.Os_StackPerformCheck
                0x08001a8c       0x2c arch.o
 .text.Os_ArchFirstCall
                0x08001ab8       0x18 arch.o
                0x08001ab8                Os_ArchFirstCall
 .text.Os_ArchGetStackPtr
                0x08001ad0       0x14 arch.o
                0x08001ad0                Os_ArchGetStackPtr
 .text.Os_ArchGetScSize
                0x08001ae4       0x10 arch.o
                0x08001ae4                Os_ArchGetScSize
 .text.PendSV_Handler
                0x08001af4       0x28 arch.o
                0x08001af4                PendSV_Handler
 .text.Os_ArchDoSwap
                0x08001b1c       0x1c arch.o
                0x08001b1c                Os_ArchDoSwap
 .text.Irq_Handler
                0x08001b38      0x1f4 arch.o
                0x08001b38                Irq_Handler
 .text.Os_ArchSetupContext
                0x08001d2c       0x44 arch.o
                0x08001d2c                Os_ArchSetupContext
 .text.Os_ArchInit
                0x08001d70        0xc arch.o
                0x08001d70                Os_ArchInit
 .text._Irq_Save
                0x08001d7c       0x20 os_task.o
 .text._Irq_Restore
                0x08001d9c       0x1c os_task.o
 .text.Os_SysTaskSetCurr
                0x08001db8       0x1c os_task.o
 .text.Os_SysTaskGetCurr
                0x08001dd4       0x18 os_task.o
 .text.Os_SysIntAnyDisabled
                0x08001dec       0x30 os_task.o
 .text.Os_SysIntClearAll
                0x08001e1c       0x20 os_task.o
 .text.Os_SchedulerResourceIsFree
                0x08001e3c       0x28 os_task.o
 .text.Os_TaskMakeRunning
                0x08001e64       0x18 os_task.o
 .text.Os_TaskGet
                0x08001e7c       0x28 os_task.o
 .text.Os_TaskResourceRemove
                0x08001ea4       0xa8 os_task.o
 .text.Os_TaskResourceFreeAll
                0x08001f4c       0x2c os_task.o
 .text.Os_StackGetUsage
                0x08001f78       0x3c os_task.o
 .text.Os_StackSetStartmark
                0x08001fb4       0x28 os_task.o
 .text.Os_StackSetEndmark
                0x08001fdc       0x20 os_task.o
 .text.Os_StackIsEndmarkOk
                0x08001ffc       0x30 os_task.o
 .text.Os_StackIsStartmarkOk
                0x0800202c       0x38 os_task.o
 .text.Os_StackPerformCheck
                0x08002064       0x2c os_task.o
 .text.Os_TaskOccupiesResources
                0x08002090       0x24 os_task.o
 .text.Os_CallErrorHook
                0x080020b4       0x34 os_task.o
 .text.Os_TaskRunningToReady
                0x080020e8       0x30 os_task.o
 .text.Os_ReadyQRemove
                0x08002118       0x4c os_task.o
 .text.Os_ReadyQEnqueue
                0x08002164       0x38 os_task.o
 .text.Os_TaskMakeSuspended
                0x0800219c       0x38 os_task.o
 .text.Os_Arc_SetCleanContext
                0x080021d4       0x40 os_task.o
 .text.Os_TaskMakeReady
                0x08002214       0x28 os_task.o
                0x08002214                Os_TaskMakeReady
 .text.Os_TaskMakeWaiting
                0x0800223c       0x38 os_task.o
                0x0800223c                Os_TaskMakeWaiting
 .text.Os_StackFill
                0x08002274       0x48 os_task.o
 .text.Os_TaskStartExtended
                0x080022bc       0x44 os_task.o
                0x080022bc                Os_TaskStartExtended
 .text.Os_TaskStartBasic
                0x08002300        0xc os_task.o
                0x08002300                Os_TaskStartBasic
 .text.Os_StackSetup
                0x0800230c       0x60 os_task.o
                0x0800230c                Os_StackSetup
 .text.Os_TaskContextInit
                0x0800236c       0x48 os_task.o
                0x0800236c                Os_TaskContextInit
 .text.Os_TaskGetTop
                0x080023b4       0x98 os_task.o
                0x080023b4                Os_TaskGetTop
 .text.Os_TaskStartFromBeginning
                0x0800244c       0x9c os_task.o
                0x0800244c                Os_TaskStartFromBeginning
 .text.Os_Dispatch
                0x080024e8      0x320 os_task.o
                0x080024e8                Os_Dispatch
 .text.Os_TaskSwapContext
                0x08002808       0x94 os_task.o
                0x08002808                Os_TaskSwapContext
 .text.Os_TaskSwapContextTo
                0x0800289c       0x9c os_task.o
                0x0800289c                Os_TaskSwapContextTo
 .text.Os_Arc_GetStackInfo
                0x08002938       0x78 os_task.o
                0x08002938                Os_Arc_GetStackInfo
 .text.GetTaskID
                0x080029b0       0x6c os_task.o
                0x080029b0                GetTaskID
 .text.ActivateTask
                0x08002a1c      0x140 os_task.o
                0x08002a1c                ActivateTask
 .text.TerminateTask
                0x08002b5c       0xa0 os_task.o
                0x08002b5c                TerminateTask
 .text.Os_Arc_GetTaskInfo
                0x08002bfc       0x80 os_task.o
                0x08002bfc                Os_Arc_GetTaskInfo
 .text._Irq_Save
                0x08002c7c       0x20 os_resource.o
 .text._Irq_Restore
                0x08002c9c       0x1c os_resource.o
 .text.Os_SysTaskGetCurr
                0x08002cb8       0x18 os_resource.o
 .text.Os_SysIntAnyDisabled
                0x08002cd0       0x30 os_resource.o
 .text.Os_ResourceGet
                0x08002d00       0x28 os_resource.o
 .text.Os_SchedulerResourceIsFree
                0x08002d28       0x28 os_resource.o
 .text.Os_TaskGet
                0x08002d50       0x28 os_resource.o
 .text.Os_TaskResourceAdd
                0x08002d78       0x58 os_resource.o
 .text.Os_TaskResourceRemove
                0x08002dd0       0xa8 os_resource.o
 .text.Os_CallErrorHook
                0x08002e78       0x34 os_resource.o
 .text.GetResource
                0x08002eac      0x114 os_resource.o
                0x08002eac                GetResource
 .text.ReleaseResource
                0x08002fc0      0x184 os_resource.o
                0x08002fc0                ReleaseResource
 .text.Os_ResourceGetInternal
                0x08003144       0x28 os_resource.o
                0x08003144                Os_ResourceGetInternal
 .text.Os_ResourceReleaseInternal
                0x0800316c       0x28 os_resource.o
                0x0800316c                Os_ResourceReleaseInternal
 .text.Os_ResourceInit
                0x08003194       0xa4 os_resource.o
                0x08003194                Os_ResourceInit
 .text._Irq_Save
                0x08003238       0x20 os_alarm.o
 .text._Irq_Restore
                0x08003258       0x1c os_alarm.o
 .text.Os_SysIntAnyDisabled
                0x08003274       0x30 os_alarm.o
 .text.Os_CounterGetMaxValue
                0x080032a4       0x18 os_alarm.o
 .text.Os_CounterGetValue
                0x080032bc       0x18 os_alarm.o
 .text.Os_CounterAdd
                0x080032d4       0x44 os_alarm.o
 .text.Os_AlarmGet
                0x08003318       0x28 os_alarm.o
 .text.Os_CallErrorHook
                0x08003340       0x34 os_alarm.o
 .text.Os_AlarmCheckCycle
                0x08003374       0x40 os_alarm.o
 .text.AlarmProcess
                0x080033b4       0x4c os_alarm.o
 .text.Os_internalSetRelAlarm
                0x08003400      0x17c os_alarm.o
 .text.Os_internalSetAbsAlarm
                0x0800357c      0x158 os_alarm.o
 .text.SetRelAlarm
                0x080036d4       0x28 os_alarm.o
                0x080036d4                SetRelAlarm
 .text.CancelAlarm
                0x080036fc       0xb4 os_alarm.o
                0x080036fc                CancelAlarm
 .text.Os_AlarmCheck
                0x080037b0       0xc0 os_alarm.o
                0x080037b0                Os_AlarmCheck
 .text.Os_AlarmAutostart
                0x08003870       0x80 os_alarm.o
                0x08003870                Os_AlarmAutostart
 .text._Irq_Save
                0x080038f0       0x20 os_counter.o
 .text._Irq_Restore
                0x08003910       0x1c os_counter.o
 .text.Os_SysIntAnyDisabled
                0x0800392c       0x30 os_counter.o
 .text.Os_CounterGetMaxValue
                0x0800395c       0x18 os_counter.o
 .text.Os_CounterGet
                0x08003974       0x28 os_counter.o
 .text.Os_CounterAdd
                0x0800399c       0x44 os_counter.o
 .text.Os_AlarmGet
                0x080039e0       0x28 os_counter.o
 .text.Os_CallErrorHook
                0x08003a08       0x34 os_counter.o
 .text.IsCounterValid
                0x08003a3c       0x20 os_counter.o
 .text.IncrementCounter
                0x08003a5c       0xc8 os_counter.o
                0x08003a5c                IncrementCounter
 .text.OsTick   0x08003b24       0x4c os_counter.o
                0x08003b24                OsTick
 .text.Os_CounterInit
                0x08003b70       0x50 os_counter.o
                0x08003b70                Os_CounterInit
 .text.NVIC_SetPriority
                0x08003bc0       0x54 sys_tick.o
 .text.SysTick_Config
                0x08003c14       0x44 sys_tick.o
 .text.Os_SysTickInit
                0x08003c58       0x10 sys_tick.o
                0x08003c58                Os_SysTickInit
 .text.Os_SysTickStart
                0x08003c68       0x14 sys_tick.o
                0x08003c68                Os_SysTickStart
 .text.Os_SysTaskGetCurr
                0x08003c7c       0x18 os_isr.o
 .text.Os_SysIntAnyDisabled
                0x08003c94       0x30 os_isr.o
 .text.Os_SysIntClearAll
                0x08003cc4       0x20 os_isr.o
 .text.Os_ApplGetCore
                0x08003ce4       0x2c os_isr.o
 .text.Os_StackIsEndmarkOk
                0x08003d10       0x30 os_isr.o
 .text.Os_StackIsStartmarkOk
                0x08003d40       0x38 os_isr.o
 .text.Os_StackPerformCheck
                0x08003d78       0x2c os_isr.o
 .text.Os_CallErrorHook
                0x08003da4       0x34 os_isr.o
 .text.Os_PreIsrHookStartI
                0x08003dd8       0x1c os_isr.o
 .text.Os_PreIsrHookStartPreemptI
                0x08003df4       0x1c os_isr.o
 .text.Os_PostIsrHookPreemptI
                0x08003e10       0x1c os_isr.o
 .text.Os_PostIsrHookTerminateI
                0x08003e2c       0x1c os_isr.o
 .text.Os_IsrResourceFreeAll
                0x08003e48       0x2c os_isr.o
 .text.Os_IsrOccupiesResources
                0x08003e74       0x24 os_isr.o
 .text.Os_CheckISRinstalled
                0x08003e98       0x2c os_isr.o
 .text.Os_GetIsrVarType
                0x08003ec4       0x50 os_isr.o
 .text.Os_IsrResourceRemove
                0x08003f14       0x9c os_isr.o
                0x08003f14                Os_IsrResourceRemove
 .text.Os_IsrAddWithId
                0x08003fb0       0xa4 os_isr.o
                0x08003fb0                Os_IsrAddWithId
 .text.Os_IsrInit
                0x08004054       0x24 os_isr.o
                0x08004054                Os_IsrInit
 .text.Os_IsrAdd
                0x08004078       0xa0 os_isr.o
                0x08004078                Os_IsrAdd
 .text.Os_IsrGetStackInfo
                0x08004118       0x24 os_isr.o
                0x08004118                Os_IsrGetStackInfo
 .text.Os_IsrGet
                0x0800413c       0x44 os_isr.o
                0x0800413c                Os_IsrGet
 .text.Os_Isr   0x08004180      0x204 os_isr.o
                0x08004180                Os_Isr
 .text.Os_Arc_GetIsrInfo
                0x08004384       0x40 os_isr.o
                0x08004384                Os_Arc_GetIsrInfo
 .text.Os_Arc_GetIsrCount
                0x080043c4       0x18 os_isr.o
                0x080043c4                Os_Arc_GetIsrCount
 .text.Os_ApplStart
                0x080043dc       0x7c os_application.o
                0x080043dc                Os_ApplStart
 .text.Os_Arc_Panic
                0x08004458       0x58 os_panic.o
                0x08004458                Os_Arc_Panic
 .text.NVIC_SetPriorityGrouping
                0x080044b0       0x48 irq.o
 .text.NVIC_SetPriority
                0x080044f8       0x54 irq.o
 .text.osPrioToCpuPrio
                0x0800454c       0x38 irq.o
 .text.NVIC_InitVector
                0x08004584       0x44 irq.o
 .text.Irq_Init
                0x080045c8       0x30 irq.o
                0x080045c8                Irq_Init
 .text.Irq_EOI  0x080045f8       0x14 irq.o
                0x080045f8                Irq_EOI
 .text.Irq_EnableVector2
                0x0800460c       0x98 irq.o
                0x0800460c                Irq_EnableVector2
 .text.SuspendOSInterrupts
                0x080046a4       0x24 Det.o
 .text.ResumeOSInterrupts
                0x080046c8       0x34 Det.o
 .text.Det_Init
                0x080046fc       0x3c Det.o
                0x080046fc                Det_Init
 .text.Det_ReportError
                0x08004738       0x74 Det.o
                0x08004738                Det_ReportError
 .text.Det_Start
                0x080047ac       0x18 Det.o
                0x080047ac                Det_Start
 .text.ramlog_chr
                0x080047c4       0x18 ramlog.o
                0x080047c4                ramlog_chr
 .text.Ramlog_Write
                0x080047dc       0x38 ramlog.o
 .text.Ramlog_Open
                0x08004814       0x1c ramlog.o
 .text.dec      0x08004830       0x2c shell.o
 .text.inc      0x0800485c       0x28 shell.o
 .text.strtokAndTrim
                0x08004884       0x24 shell.o
 .text.shellHelp
                0x080048a8       0x94 shell.o
 .text.shellHistory
                0x0800493c       0xa8 shell.o
 .text.SHELL_Init
                0x080049e4       0x58 shell.o
                0x080049e4                SHELL_Init
 .text.SHELL_AddCmd
                0x08004a3c       0x40 shell.o
                0x08004a3c                SHELL_AddCmd
 .text.SHELL_RunCmd
                0x08004a7c      0x11c shell.o
                0x08004a7c                SHELL_RunCmd
 .text.doPrompt
                0x08004b98       0x1c shell.o
 .text.getInput
                0x08004bb4      0x3dc shell.o
 .text.SHELL_Mainloop
                0x08004f90        0xc shell.o
                0x08004f90                SHELL_Mainloop
 .text.SuspendAllInterrupts
                0x08004f9c       0x24 perf.o
 .text.ResumeAllInterrupts
                0x08004fc0       0x34 perf.o
 .text.shellCmdTop
                0x08004ff4      0x220 perf.o
 .text.shellCmdtop_func
                0x08005214      0x170 perf.o
 .text.Perf_Init
                0x08005384       0xe8 perf.o
                0x08005384                Perf_Init
 .text.Perf_Trigger
                0x0800546c      0x4f4 perf.o
                0x0800546c                Perf_Trigger
 .text.Os_PreIsrHook
                0x08005960       0x80 perf.o
                0x08005960                Os_PreIsrHook
 .text.Os_PostIsrHook
                0x080059e0       0xd4 perf.o
                0x080059e0                Os_PostIsrHook
 .text.PreTaskHook
                0x08005ab4       0xcc perf.o
                0x08005ab4                PreTaskHook
 .text.PostTaskHook
                0x08005b80      0x13c perf.o
                0x08005b80                PostTaskHook
 .text.Perf_InstallFunctionName
                0x08005cbc       0xb0 perf.o
                0x08005cbc                Perf_InstallFunctionName
 .text.Perf_PreFunctionHook
                0x08005d6c      0x214 perf.o
                0x08005d6c                Perf_PreFunctionHook
 .text.Perf_PostFunctionHook
                0x08005f80      0x254 perf.o
                0x08005f80                Perf_PostFunctionHook
 .text.validFileNo
                0x080061d4       0x38 clib_port.o
 .text.fileno   0x0800620c       0x18 clib_port.o
                0x0800620c                fileno
 .text._read    0x08006224       0xf4 clib_port.o
                0x08006224                _read
 .text._write   0x08006318       0xbc clib_port.o
                0x08006318                _write
 .text.fputc    0x080063d4       0x30 printf.o
                0x080063d4                fputc
 .text.fputs    0x08006404       0x30 printf.o
                0x08006404                fputs
 .text.fgetc    0x08006434       0x28 printf.o
                0x08006434                fgetc
 .text.printf   0x0800645c       0x34 printf.o
                0x0800645c                printf
 .text.vfprintf
                0x08006490       0x2c printf.o
                0x08006490                vfprintf
 .text.emitChar
                0x080064bc       0x60 printf.o
 .text.emitString
                0x0800651c       0xe0 printf.o
 .text.emitInt  0x080065fc       0x5c printf.o
                0x080065fc                emitInt
 .text.print    0x08006658      0x29c printf.o
                0x08006658                print
 .text.xtoa     0x080068f4       0xc4 xtoa.o
                0x080068f4                xtoa
 .text.GPIO_Init
                0x080069b8      0x180 stm32f10x_gpio.o
                0x080069b8                GPIO_Init
 .text.GPIO_ReadOutputData
                0x08006b38       0x1c stm32f10x_gpio.o
                0x08006b38                GPIO_ReadOutputData
 .text.GPIO_Write
                0x08006b54       0x1c stm32f10x_gpio.o
                0x08006b54                GPIO_Write
 .text.GPIO_PinRemapConfig
                0x08006b70       0xe0 stm32f10x_gpio.o
                0x08006b70                GPIO_PinRemapConfig
 .text.NVIC_SystemReset
                0x08006c50       0x28 Mcu_stm32.o
 .text.Mcu_IdentifyCore
                0x08006c78       0x54 Mcu_stm32.o
 .text.Mcu_CheckCpu
                0x08006ccc       0x24 Mcu_stm32.o
 .text.GetPllValueFromMult
                0x08006cf0       0x1c Mcu_stm32.o
 .text.GetPll2ValueFromMult
                0x08006d0c       0x1c Mcu_stm32.o
 .text.SetClocks
                0x08006d28      0x158 Mcu_stm32.o
 .text.InitPerClocks
                0x08006e80       0x40 Mcu_stm32.o
 .text.InitMcuClocks
                0x08006ec0       0x78 Mcu_stm32.o
 .text.Mcu_Init
                0x08006f38       0x48 Mcu_stm32.o
                0x08006f38                Mcu_Init
 .text.Mcu_InitClock
                0x08006f80       0x74 Mcu_stm32.o
                0x08006f80                Mcu_InitClock
 .text.Mcu_DistributePllClock
                0x08006ff4       0x28 Mcu_stm32.o
                0x08006ff4                Mcu_DistributePllClock
 .text.Mcu_GetPllStatus
                0x0800701c       0x48 Mcu_stm32.o
                0x0800701c                Mcu_GetPllStatus
 .text.Mcu_GetResetReason
                0x08007064       0x6c Mcu_stm32.o
                0x08007064                Mcu_GetResetReason
 .text.Mcu_SetMode
                0x080070d0       0x2c Mcu_stm32.o
                0x080070d0                Mcu_SetMode
 .text.Mcu_Arc_GetSystemClock
                0x080070fc       0x8c Mcu_stm32.o
                0x080070fc                Mcu_Arc_GetSystemClock
 .text.Port_Init
                0x08007188       0xcc Port_stm32.o
                0x08007188                Port_Init
 .text.usart_Configuration
                0x08007254       0xc0 Port_stm32.o
                0x08007254                usart_Configuration
 .text.usart_send_char
                0x08007314       0x24 Port_stm32.o
                0x08007314                usart_send_char
 .text.USART_Init
                0x08007338      0x174 stm32f10x_usart.o
                0x08007338                USART_Init
 .text.USART_Cmd
                0x080074ac       0x40 stm32f10x_usart.o
                0x080074ac                USART_Cmd
 .text.USART_ITConfig
                0x080074ec       0x90 stm32f10x_usart.o
                0x080074ec                USART_ITConfig
 .text.USART_SendData
                0x0800757c       0x24 stm32f10x_usart.o
                0x0800757c                USART_SendData
 .text.NVIC_PriorityGroupConfig
                0x080075a0       0x24 misc.o
                0x080075a0                NVIC_PriorityGroupConfig
 .text.NVIC_Init
                0x080075c4       0xc4 misc.o
                0x080075c4                NVIC_Init
 .text.NVIC_SetVectorTable
                0x08007688       0x2c misc.o
                0x08007688                NVIC_SetVectorTable
 .text.Channel_Config_Contains
                0x080076b4       0x48 Dio_stm32.o
 .text.Port_Config_Contains
                0x080076fc       0x48 Dio_stm32.o
 .text.Dio_WritePort
                0x08007744       0x60 Dio_stm32.o
                0x08007744                Dio_WritePort
 .text.Dio_WriteChannel
                0x080077a4       0x9c Dio_stm32.o
                0x080077a4                Dio_WriteChannel
 .text.Dio_Init
                0x08007840       0x34 Dio_stm32.o
                0x08007840                Dio_Init
 .text.SchM_Init
                0x08007874        0xc SchM.o
                0x08007874                SchM_Init
 .text.runMemory
                0x08007880        0xc SchM.o
 .text.SchM_Startup
                0x0800788c       0x30 SchM.o
                0x0800788c                SchM_Startup
 .text.SchM_BswService
                0x080078bc       0x68 SchM.o
                0x080078bc                SchM_BswService
 .text.READWRITE32
                0x08007924       0x28 timer_dwt.o
 .text.Timer_Init
                0x0800794c       0x50 timer_dwt.o
                0x0800794c                Timer_Init
 .text.Timer_GetTicks
                0x0800799c       0x18 timer_dwt.o
                0x0800799c                Timer_GetTicks
 .text          0x080079b4       0x30 d:/arcticstudio-21.0.0-win32.win32.x86_64/msys/opt/arm-none-eabi/bin/../lib/gcc/arm-none-eabi/4.9.3/thumb/armv7-m\libgcc.a(_aeabi_uldivmod.o)
                0x080079b4                __aeabi_uldivmod
 .text          0x080079e4       0x60 d:/arcticstudio-21.0.0-win32.win32.x86_64/msys/opt/arm-none-eabi/bin/../lib/gcc/arm-none-eabi/4.9.3/thumb/armv7-m\libgcc.a(bpabi.o)
                0x080079e4                __gnu_ldivmod_helper
                0x08007a14                __gnu_uldivmod_helper
 .text          0x08007a44        0x4 d:/arcticstudio-21.0.0-win32.win32.x86_64/msys/opt/arm-none-eabi/bin/../lib/gcc/arm-none-eabi/4.9.3/thumb/armv7-m\libgcc.a(_dvmd_tls.o)
                0x08007a44                __aeabi_idiv0
                0x08007a44                __aeabi_ldiv0
 .text          0x08007a48      0x2ac d:/arcticstudio-21.0.0-win32.win32.x86_64/msys/opt/arm-none-eabi/bin/../lib/gcc/arm-none-eabi/4.9.3/thumb/armv7-m\libgcc.a(_divdi3.o)
                0x08007a48                __divdi3
 .text          0x08007cf4      0x270 d:/arcticstudio-21.0.0-win32.win32.x86_64/msys/opt/arm-none-eabi/bin/../lib/gcc/arm-none-eabi/4.9.3/thumb/armv7-m\libgcc.a(_udivdi3.o)
                0x08007cf4                __udivdi3
 .text          0x08007f64        0xc d:/arcticstudio-21.0.0-win32.win32.x86_64/msys/opt/arm-none-eabi/bin/../lib/gcc/arm-none-eabi/4.9.3/../../../../arm-none-eabi/lib/thumb/armv7-m\libc.a(lib_a-errno.o)
                0x08007f64                __errno
 .text          0x08007f70       0xec d:/arcticstudio-21.0.0-win32.win32.x86_64/msys/opt/arm-none-eabi/bin/../lib/gcc/arm-none-eabi/4.9.3/../../../../arm-none-eabi/lib/thumb/armv7-m\libc.a(lib_a-memcpy.o)
                0x08007f70                memcpy
 .text          0x0800805c       0x9c d:/arcticstudio-21.0.0-win32.win32.x86_64/msys/opt/arm-none-eabi/bin/../lib/gcc/arm-none-eabi/4.9.3/../../../../arm-none-eabi/lib/thumb/armv7-m\libc.a(lib_a-memset.o)
                0x0800805c                memset
 .text          0x080080f8      0x1bc d:/arcticstudio-21.0.0-win32.win32.x86_64/msys/opt/arm-none-eabi/bin/../lib/gcc/arm-none-eabi/4.9.3/../../../../arm-none-eabi/lib/thumb/armv7-m\libc.a(lib_a-strcmp.o)
                0x080080f8                strcmp
 .text          0x080082b4       0xbc d:/arcticstudio-21.0.0-win32.win32.x86_64/msys/opt/arm-none-eabi/bin/../lib/gcc/arm-none-eabi/4.9.3/../../../../arm-none-eabi/lib/thumb/armv7-m\libc.a(lib_a-strcpy.o)
                0x080082b4                strcpy
 .text          0x08008370       0x5c d:/arcticstudio-21.0.0-win32.win32.x86_64/msys/opt/arm-none-eabi/bin/../lib/gcc/arm-none-eabi/4.9.3/../../../../arm-none-eabi/lib/thumb/armv7-m\libc.a(lib_a-strlen.o)
                0x08008370                strlen
 .text          0x080083cc       0x94 d:/arcticstudio-21.0.0-win32.win32.x86_64/msys/opt/arm-none-eabi/bin/../lib/gcc/arm-none-eabi/4.9.3/../../../../arm-none-eabi/lib/thumb/armv7-m\libc.a(lib_a-strncmp.o)
                0x080083cc                strncmp
 .text          0x08008460       0x68 d:/arcticstudio-21.0.0-win32.win32.x86_64/msys/opt/arm-none-eabi/bin/../lib/gcc/arm-none-eabi/4.9.3/../../../../arm-none-eabi/lib/thumb/armv7-m\libc.a(lib_a-strncpy.o)
                0x08008460                strncpy
 .text          0x080084c8       0x6c d:/arcticstudio-21.0.0-win32.win32.x86_64/msys/opt/arm-none-eabi/bin/../lib/gcc/arm-none-eabi/4.9.3/../../../../arm-none-eabi/lib/thumb/armv7-m\libc.a(lib_a-strtok_r.o)
                0x080084c8                __strtok_r
                0x0800852c                strtok_r
 .text          0x08008534      0x14c d:/arcticstudio-21.0.0-win32.win32.x86_64/msys/opt/arm-none-eabi/bin/../lib/gcc/arm-none-eabi/4.9.3/../../../../arm-none-eabi/lib/thumb/armv7-m\libc.a(lib_a-strtoul.o)
                0x08008534                _strtoul_r
                0x08008668                strtoul
 .text          0x08008680       0x18 d:/arcticstudio-21.0.0-win32.win32.x86_64/msys/opt/arm-none-eabi/bin/../lib/gcc/arm-none-eabi/4.9.3/../../../../arm-none-eabi/lib/thumb/armv7-m\libc.a(lib_a-sysread.o)
                0x08008680                read
 .text          0x08008698       0x18 d:/arcticstudio-21.0.0-win32.win32.x86_64/msys/opt/arm-none-eabi/bin/../lib/gcc/arm-none-eabi/4.9.3/../../../../arm-none-eabi/lib/thumb/armv7-m\libc.a(lib_a-syswrite.o)
                0x08008698                write
 .text          0x080086b0       0x28 d:/arcticstudio-21.0.0-win32.win32.x86_64/msys/opt/arm-none-eabi/bin/../lib/gcc/arm-none-eabi/4.9.3/../../../../arm-none-eabi/lib/thumb/armv7-m\libc.a(lib_a-writer.o)
                0x080086b0                _write_r
 .text          0x080086d8       0x28 d:/arcticstudio-21.0.0-win32.win32.x86_64/msys/opt/arm-none-eabi/bin/../lib/gcc/arm-none-eabi/4.9.3/../../../../arm-none-eabi/lib/thumb/armv7-m\libc.a(lib_a-readr.o)
                0x080086d8                _read_r
 *(.glue_7)
 .glue_7        0x00000000        0x0 linker stubs
 *(.glue_7t)
 .glue_7t       0x00000000        0x0 linker stubs
                0x08008700                . = ALIGN (0x4)
                0x08008700                _etext = .

.vfp11_veneer   0x08008700        0x0
 .vfp11_veneer  0x00000000        0x0 linker stubs

.v4_bx          0x08008700        0x0
 .v4_bx         0x00000000        0x0 linker stubs

.iplt           0x08008700        0x0
 .iplt          0x00000000        0x0 system_hooks.o

.T1_code        0x08008700        0x0
                0x08008700                . = ALIGN (0x4)
 *(.T1_code .T1_code.*)
 *(.T1_codeFast .T1_codeFast.*)

.fls_rom        0x08008700        0x0
                0x08008700                __FLS_ERASE_ROM__ = .
 *(.fls_erase)
                0x08008700                __FLS_WRITE_ROM__ = .
 *(.fls_write)
                0x08008700                __FLS_END_ROM__ = .

.ARM.exidx      0x08008700        0x8
 *(.ARM.exidx* .gnu.linkonce.armexidx.*)
 .ARM.exidx     0x08008700        0x8 d:/arcticstudio-21.0.0-win32.win32.x86_64/msys/opt/arm-none-eabi/bin/../lib/gcc/arm-none-eabi/4.9.3/thumb/armv7-m\libgcc.a(_divdi3.o)
 .ARM.exidx     0x08008708        0x0 d:/arcticstudio-21.0.0-win32.win32.x86_64/msys/opt/arm-none-eabi/bin/../lib/gcc/arm-none-eabi/4.9.3/thumb/armv7-m\libgcc.a(_udivdi3.o)
                                  0x8 (size before relaxing)
                0x08008708                __exidx_start = .

.rodata         0x08008708     0x17b8
                0x08008708                . = ALIGN (0x4)
 *(.rodata .rodata.* .gnu.linkonce.r.*)
 .rodata        0x08008708       0x10 system_hooks.o
 .rodata        0x08008718      0x190 Os_Cfg.o
                0x08008718                OsTickFreq
                0x0800872c                Os_AppConst
                0x08008790                Os_TaskConstList
                0x08008890                os_conf_global_hooks
 .rodata        0x080088a8       0x60 EcuM_PBcfg.o
                0x080088a8                EcuM_SleepModeConfig
                0x080088b4                EcuM_WakeupSourceConfig
                0x080088c0                EcuMConfig
 .rodata        0x08008908       0xc0 EcuM_Callout_Stubs.o
 .rodata        0x080089c8       0x24 Mcu_PBcfg.o
                0x080089c8                Mcu_ClockSettingConfigData
                0x080089d4                McuPerClockConfigData
                0x080089e0                McuConfigData
 .rodata        0x080089ec       0x6c Port_PBcfg.o
                0x080089ec                remaps
                0x080089fc                GPIOConf
                0x08008a34                GPIOOutConf
                0x08008a44                PortConfigData
 .rodata        0x08008a58       0x30 Dio_Lcfg.o
                0x08008a58                DioChannelConfigData
                0x08008a6c                DioPortConfigData
                0x08008a74                DioGroupConfigData
                0x08008a7c                DioConfigData
 .rodata        0x08008a88       0x8c os_event.o
 .rodata        0x08008b14       0xe8 os_init.o
 .rodata        0x08008bfc      0x114 arch.o
 .rodata        0x08008d10      0x3e8 os_task.o
 .rodata        0x080090f8      0x120 os_resource.o
 .rodata        0x08009218       0x68 os_alarm.o
 .rodata        0x08009280       0x20 sys_tick.o
 .rodata        0x080092a0      0x1dc os_isr.o
 .rodata        0x0800947c       0xa0 irq.o
 .rodata        0x0800951c       0x88 ramlog.o
 .rodata        0x080095a4      0x178 shell.o
 .rodata        0x0800971c      0x5d8 perf.o
 .rodata        0x08009cf4        0x8 printf.o
 .rodata        0x08009cfc       0x14 xtoa.o
 .rodata        0x08009d10       0x4c Mcu_stm32.o
                0x08009d18                cpu_info_list
                0x08009d44                core_info_list
 .rodata        0x08009d5c       0x44 Port_stm32.o
                0x08009d5c                GpioBaseAddr
                0x08009d78                GpioODRAddr
 .rodata        0x08009da0       0x18 Dio_stm32.o
                0x08009da0                GPIO_ports
 .rodata.str1.4
                0x08009db8        0x4 d:/arcticstudio-21.0.0-win32.win32.x86_64/msys/opt/arm-none-eabi/bin/../lib/gcc/arm-none-eabi/4.9.3/../../../../arm-none-eabi/lib/thumb/armv7-m\libc.a(lib_a-impure.o)
 .rodata        0x08009dbc      0x104 d:/arcticstudio-21.0.0-win32.win32.x86_64/msys/opt/arm-none-eabi/bin/../lib/gcc/arm-none-eabi/4.9.3/../../../../arm-none-eabi/lib/thumb/armv7-m\libc.a(lib_a-ctype_.o)
                0x08009dbc                _ctype_
                0x08009ec0                . = ALIGN (0x4)
 *(.T1_const .T1_const.*)
                0x08009ec0                . = ALIGN (0x4)
                0x08009ec0                _sidata = ALIGN (., 0x4)

.rel.dyn        0x08009ec0        0x0
 .rel.iplt      0x00000000        0x0 system_hooks.o

.data           0x20000000      0x72c load address 0x08009ec0
                0x20000000                . = ALIGN (0x4)
                0x20000000                _sdata = .
 *(.data .data.* .gnu.linkonce.d.* .gnu.linkonce.r.* .eh_frame)
 .data          0x20000000       0x14 stm32f10x_rcc.o
 *fill*         0x20000014        0x4 
 .data          0x20000018       0xf8 Os_Cfg.o
                0x20000018                counter_list
                0x20000050                alarm_list
                0x200000e0                resource_list
 .data          0x20000110       0x34 ramlog.o
                0x20000110                Ramlog_Device
 .data          0x20000144       0x40 shell.o
 .data          0x20000184       0x40 perf.o
 .data          0x200001c4      0x118 clib_port.o
                0x200001c4                Dummy_Device
                0x200001f8                openFiles
                0x200002c0                __Env
                0x200002cc                _EnvPtr
                0x200002d0                deviceList
 .data          0x200002dc       0x14 Mcu_stm32.o
                0x200002dc                Mcu_Global
 .data          0x200002f0        0x1 timer_dwt.o
 *fill*         0x200002f1        0x7 
 .data          0x200002f8      0x430 d:/arcticstudio-21.0.0-win32.win32.x86_64/msys/opt/arm-none-eabi/bin/../lib/gcc/arm-none-eabi/4.9.3/../../../../arm-none-eabi/lib/thumb/armv7-m\libc.a(lib_a-impure.o)
                0x200002f8                _impure_ptr
 .data          0x20000728        0x4 d:/arcticstudio-21.0.0-win32.win32.x86_64/msys/opt/arm-none-eabi/bin/../lib/gcc/arm-none-eabi/4.9.3/../../../../arm-none-eabi/lib/thumb/armv7-m\libc.a(lib_a-ctype_.o)
                0x20000728                __ctype_ptr__
                0x2000072c                . = ALIGN (0x4)
                0x2000072c                _edata = .

.igot.plt       0x2000072c        0x0 load address 0x0800a5ec
 .igot.plt      0x00000000        0x0 system_hooks.o

.bss            0x20000730     0x4060 load address 0x0800a5f0
                0x20000730                . = ALIGN (0x4)
                0x20000730                _sbss = .
 *(.bss .bss.* COMMON .gnu.linkonce.b.*)
 .bss           0x20000730       0x14 system_hooks.o
 .bss           0x20000744       0x5c Os_Cfg.o
                0x20000744                os_dbg_mask
                0x20000748                Os_Arc_OsTickCounter
                0x2000074c                Os_VectorToIsr
 COMMON         0x200007a0     0x2000 Os_Cfg.o
                0x200007a0                stack_SchM_BswService
                0x20000fa0                stack_TaskLoad
                0x200017a0                stack_SchM_Startup
                0x20001fa0                stack_OsIdle
 .bss           0x200027a0        0x4 EcuM.o
                0x200027a0                EcuM_World_run_state_timeout
 COMMON         0x200027a4       0x34 EcuM.o
                0x200027a4                EcuM_World_ComM_NVM
                0x200027a8                EcuM_World
 .bss           0x200027d8        0xc EcuM_Main.o
                0x200027d8                EcuM_World_go_sleep_state_timeout
 .bss           0x200027e4        0x1 EcuM_Callout_Stubs.o
 *fill*         0x200027e5        0x3 
 COMMON         0x200027e8       0x71 os_init.o
                0x200027e8                os_error
                0x200027f8                Os_IntSuspendAllCnt
                0x200027f9                Os_IntDisableAllCnt
                0x200027fc                Os_Sys
                0x20002858                Os_IntSuspendOsCnt
 *fill*         0x20002859        0x3 
 .bss           0x2000285c        0x4 arch.o
                0x2000285c                Os_ArchNestedIsr
 COMMON         0x20002860      0x240 os_task.o
                0x20002860                Os_TaskVarList
 COMMON         0x20002aa0       0x30 os_resource.o
                0x20002aa0                resScheduler
 .bss           0x20002ad0        0x2 os_isr.o
                0x20002ad0                isrCnt
 *fill*         0x20002ad2        0xe 
 COMMON         0x20002ae0      0x8d0 os_isr.o
                0x20002ae0                Os_IsrVarList
                0x20002bb0                Os_IsrStack
 COMMON         0x200033b0       0x4c os_application.o
                0x200033b0                Os_AppVar
 COMMON         0x200033fc      0x150 irq.o
                0x200033fc                Irq_VectorTable
 .bss           0x2000354c       0x18 Det.o
 .bss           0x20003564       0x5c shell.o
 COMMON         0x200035c0      0x1a8 shell.o
                0x200035c0                shellWorld
                0x200035cc                hist
 .bss           0x20003768       0x10 perf.o
                0x20003768                PERF_FUNCTION_CNT
                0x2000376c                nesting
 COMMON         0x20003778      0xfa0 perf.o
                0x20003778                Perf_Stats
                0x200037a0                Perf_IsrTimers
                0x20003cc8                Perf_FunctionTimers
                0x20004508                Perf_TaskTimers
 .bss           0x20004718        0xc Port_stm32.o
 .bss           0x20004724        0x8 Dio_stm32.o
 COMMON         0x2000472c       0x5c SchM.o
                0x2000472c                SchM_Info_CANTP
                0x20004730                SchM_Info_COMRX
                0x20004734                SchM_Info_J1939TP
                0x20004738                SchM_Info_FLS
                0x2000473c                SchM_Info_COMTX
                0x20004740                SchM_Info_CANNM
                0x20004744                SchM_Info_CANSM
                0x20004748                SchM_Info_IOHWAB
                0x2000474c                SchM_Info_LINSM
                0x20004750                SchM_Info_BSWM
                0x20004754                SchM_Info_NVM
                0x20004758                SchM_Info_EEP
                0x2000475c                SchM_Info_FEE
                0x20004760                SchM_Info_NM
                0x20004764                SchM_Info_XCP
                0x20004768                SchM_Info_CAN_MODE
                0x2000476c                SchM_Info_EA
                0x20004770                SchM_Info_LINIF
                0x20004774                SchM_Info_DCM
                0x20004778                SchM_Info_DEM
                0x2000477c                SchM_Info_FIM
                0x20004780                SchM_Info_COMM
                0x20004784                SchM_Info_ECUM
 COMMON         0x20004788        0x4 timer_dwt.o
                0x20004788                Timer_Freq
 COMMON         0x2000478c        0x4 d:/arcticstudio-21.0.0-win32.win32.x86_64/msys/opt/arm-none-eabi/bin/../lib/gcc/arm-none-eabi/4.9.3/../../../../arm-none-eabi/lib/thumb/armv7-m\libc.a(lib_a-reent.o)
                0x2000478c                errno
 *(.T1_bss .T1_bss.*)
 *(.T1_traceBuffer .T1_traceBuffer.*)
                0x20004790                . = ALIGN (0x4)
                0x20004790                _ebss = .

.init_stack     0x20004790      0x190 load address 0x0800e650
                0x20004920                . = (. + 0x190)
 *fill*         0x20004790      0x190 
                0x20004920                _estack = .

.msp_stack      0x20004920     0x1000 load address 0x0800e7e0
                0x20004920                _smspstack = .
                0x20005920                . = (. + 0x1000)
 *fill*         0x20004920     0x1000 
                0x20005920                _emspstack = .

.fls_ram        0x20005920        0x0
                0x20005920                __FLS_ERASE_RAM__ = .
                0x20005920                . = (. + SIZEOF (.fls_rom))

.ctors
 *(SORT(.ctors.*))

.uninit
 *(.winidea_port .ramlog .dem_eventmemory_pri)
                0x00000000                __FLS_SIZE__ = SIZEOF (.fls_rom)
                0x20005920                __FLS_WRITE_RAM__ = (__FLS_ERASE_RAM__ + (__FLS_WRITE_ROM__ - __FLS_ERASE_ROM__))
                0x00000000                __EXCEPT_START__ = 0x0
                0x00000000                __EXCEPT_END__ = 0x0
START GROUP
LOAD system_hooks.o
LOAD tasks.o
LOAD startup_cmx.o
LOAD stm32f10x_rcc.o
LOAD Os_Cfg.o
LOAD arc_assert.o
LOAD EcuM.o
LOAD EcuM_Fixed.o
LOAD EcuM_Main.o
LOAD EcuM_PBcfg.o
LOAD EcuM_PBHeader.o
LOAD EcuM_GeneratedCallouts.o
LOAD EcuM_Callout_Stubs.o
LOAD Mcu_LCfg.o
LOAD Mcu_PBcfg.o
LOAD Port_Lcfg.o
LOAD Port_PBcfg.o
LOAD arm_cortex_mx_handlers.o
LOAD arm_cortex_mx_callout_stubs.o
LOAD Dio_Lcfg.o
LOAD arch_krn.o
LOAD os_event.o
LOAD os_init.o
LOAD arch.o
LOAD os_task.o
LOAD os_resource.o
LOAD os_alarm.o
LOAD os_sched_table.o
LOAD os_counter.o
LOAD sys_tick.o
LOAD os_isr.o
LOAD os_application.o
LOAD os_panic.o
LOAD os_trap.o
LOAD os_peripheral.o
LOAD irq.o
LOAD Det.o
LOAD Det_Cfg.o
LOAD ramlog.o
LOAD cirq_buffer.o
LOAD version.o
LOAD shell.o
LOAD perf.o
LOAD clib_port.o
LOAD printf.o
LOAD xtoa.o
LOAD stm32f10x_gpio.o
LOAD Mcu_stm32.o
LOAD Mcu_Arc_Common_arm.o
LOAD stm32f10x_gpio.o
LOAD Port_stm32.o
LOAD stm32f10x_usart.o
LOAD misc.o
LOAD Dio_stm32.o
LOAD SchM.o
LOAD timer_dwt.o
LOAD d:/arcticstudio-21.0.0-win32.win32.x86_64/msys/opt/arm-none-eabi/bin/../lib/gcc/arm-none-eabi/4.9.3/thumb/armv7-m\libgcc.a
LOAD d:/arcticstudio-21.0.0-win32.win32.x86_64/msys/opt/arm-none-eabi/bin/../lib/gcc/arm-none-eabi/4.9.3/../../../../arm-none-eabi/lib/thumb/armv7-m\libc.a
END GROUP
OUTPUT(OsPerf.elf elf32-littlearm)

.debug_info     0x00000000    0x29003
 .debug_info    0x00000000      0x5c8 system_hooks.o
 .debug_info    0x000005c8      0x487 tasks.o
 .debug_info    0x00000a4f       0x93 startup_cmx.o
 .debug_info    0x00000ae2      0xb8a stm32f10x_rcc.o
 .debug_info    0x0000166c     0x1575 Os_Cfg.o
 .debug_info    0x00002be1      0x370 arc_assert.o
 .debug_info    0x00002f51      0xdc8 EcuM.o
 .debug_info    0x00003d19      0xc7b EcuM_Fixed.o
 .debug_info    0x00004994      0xe3f EcuM_Main.o
 .debug_info    0x000057d3      0xa6b EcuM_PBcfg.o
 .debug_info    0x0000623e      0xeb9 EcuM_Callout_Stubs.o
 .debug_info    0x000070f7      0x2dd Mcu_PBcfg.o
 .debug_info    0x000073d4      0x442 Port_PBcfg.o
 .debug_info    0x00007816      0x777 arm_cortex_mx_handlers.o
 .debug_info    0x00007f8d      0x309 arm_cortex_mx_callout_stubs.o
 .debug_info    0x00008296      0x25b Dio_Lcfg.o
 .debug_info    0x000084f1       0x94 arch_krn.o
 .debug_info    0x00008585     0x1676 os_event.o
 .debug_info    0x00009bfb     0x156d os_init.o
 .debug_info    0x0000b168     0x1d00 arch.o
 .debug_info    0x0000ce68     0x1eac os_task.o
 .debug_info    0x0000ed14     0x1742 os_resource.o
 .debug_info    0x00010456     0x198e os_alarm.o
 .debug_info    0x00011de4     0x176d os_counter.o
 .debug_info    0x00013551     0x18b7 sys_tick.o
 .debug_info    0x00014e08     0x1c94 os_isr.o
 .debug_info    0x00016a9c     0x1589 os_application.o
 .debug_info    0x00018025     0x1328 os_panic.o
 .debug_info    0x0001934d     0x19fb irq.o
 .debug_info    0x0001ad48      0x529 Det.o
 .debug_info    0x0001b271      0x4c4 ramlog.o
 .debug_info    0x0001b735      0x9fe shell.o
 .debug_info    0x0001c133      0xd4d perf.o
 .debug_info    0x0001ce80      0xe03 clib_port.o
 .debug_info    0x0001dc83      0xadb printf.o
 .debug_info    0x0001e75e      0x183 xtoa.o
 .debug_info    0x0001e8e1      0x765 stm32f10x_gpio.o
 .debug_info    0x0001f046      0xcf4 Mcu_stm32.o
 .debug_info    0x0001fd3a      0xb8a Port_stm32.o
 .debug_info    0x000208c4      0xab9 stm32f10x_usart.o
 .debug_info    0x0002137d      0x5b3 misc.o
 .debug_info    0x00021930      0x625 Dio_stm32.o
 .debug_info    0x00021f55      0x631 SchM.o
 .debug_info    0x00022586      0x3b1 timer_dwt.o
 .debug_info    0x00022937       0xa5 d:/arcticstudio-21.0.0-win32.win32.x86_64/msys/opt/arm-none-eabi/bin/../lib/gcc/arm-none-eabi/4.9.3/thumb/armv7-m\libgcc.a(_aeabi_uldivmod.o)
 .debug_info    0x000229dc      0x174 d:/arcticstudio-21.0.0-win32.win32.x86_64/msys/opt/arm-none-eabi/bin/../lib/gcc/arm-none-eabi/4.9.3/thumb/armv7-m\libgcc.a(bpabi.o)
 .debug_info    0x00022b50       0xa9 d:/arcticstudio-21.0.0-win32.win32.x86_64/msys/opt/arm-none-eabi/bin/../lib/gcc/arm-none-eabi/4.9.3/thumb/armv7-m\libgcc.a(_dvmd_tls.o)
 .debug_info    0x00022bf9      0x5cd d:/arcticstudio-21.0.0-win32.win32.x86_64/msys/opt/arm-none-eabi/bin/../lib/gcc/arm-none-eabi/4.9.3/thumb/armv7-m\libgcc.a(_divdi3.o)
 .debug_info    0x000231c6      0x58d d:/arcticstudio-21.0.0-win32.win32.x86_64/msys/opt/arm-none-eabi/bin/../lib/gcc/arm-none-eabi/4.9.3/thumb/armv7-m\libgcc.a(_udivdi3.o)
 .debug_info    0x00023753      0x969 d:/arcticstudio-21.0.0-win32.win32.x86_64/msys/opt/arm-none-eabi/bin/../lib/gcc/arm-none-eabi/4.9.3/../../../../arm-none-eabi/lib/thumb/armv7-m\libc.a(lib_a-errno.o)
 .debug_info    0x000240bc      0x970 d:/arcticstudio-21.0.0-win32.win32.x86_64/msys/opt/arm-none-eabi/bin/../lib/gcc/arm-none-eabi/4.9.3/../../../../arm-none-eabi/lib/thumb/armv7-m\libc.a(lib_a-impure.o)
 .debug_info    0x00024a2c       0xd3 d:/arcticstudio-21.0.0-win32.win32.x86_64/msys/opt/arm-none-eabi/bin/../lib/gcc/arm-none-eabi/4.9.3/../../../../arm-none-eabi/lib/thumb/armv7-m\libc.a(lib_a-memcpy.o)
 .debug_info    0x00024aff      0x11c d:/arcticstudio-21.0.0-win32.win32.x86_64/msys/opt/arm-none-eabi/bin/../lib/gcc/arm-none-eabi/4.9.3/../../../../arm-none-eabi/lib/thumb/armv7-m\libc.a(lib_a-memset.o)
 .debug_info    0x00024c1b      0xae7 d:/arcticstudio-21.0.0-win32.win32.x86_64/msys/opt/arm-none-eabi/bin/../lib/gcc/arm-none-eabi/4.9.3/../../../../arm-none-eabi/lib/thumb/armv7-m\libc.a(lib_a-reent.o)
 .debug_info    0x00025702       0xd3 d:/arcticstudio-21.0.0-win32.win32.x86_64/msys/opt/arm-none-eabi/bin/../lib/gcc/arm-none-eabi/4.9.3/../../../../arm-none-eabi/lib/thumb/armv7-m\libc.a(lib_a-strcmp.o)
 .debug_info    0x000257d5       0xc5 d:/arcticstudio-21.0.0-win32.win32.x86_64/msys/opt/arm-none-eabi/bin/../lib/gcc/arm-none-eabi/4.9.3/../../../../arm-none-eabi/lib/thumb/armv7-m\libc.a(lib_a-strcpy.o)
 .debug_info    0x0002589a       0xbd d:/arcticstudio-21.0.0-win32.win32.x86_64/msys/opt/arm-none-eabi/bin/../lib/gcc/arm-none-eabi/4.9.3/../../../../arm-none-eabi/lib/thumb/armv7-m\libc.a(lib_a-strlen.o)
 .debug_info    0x00025957       0xfa d:/arcticstudio-21.0.0-win32.win32.x86_64/msys/opt/arm-none-eabi/bin/../lib/gcc/arm-none-eabi/4.9.3/../../../../arm-none-eabi/lib/thumb/armv7-m\libc.a(lib_a-strncmp.o)
 .debug_info    0x00025a51      0x12d d:/arcticstudio-21.0.0-win32.win32.x86_64/msys/opt/arm-none-eabi/bin/../lib/gcc/arm-none-eabi/4.9.3/../../../../arm-none-eabi/lib/thumb/armv7-m\libc.a(lib_a-strncpy.o)
 .debug_info    0x00025b7e      0x18c d:/arcticstudio-21.0.0-win32.win32.x86_64/msys/opt/arm-none-eabi/bin/../lib/gcc/arm-none-eabi/4.9.3/../../../../arm-none-eabi/lib/thumb/armv7-m\libc.a(lib_a-strtok_r.o)
 .debug_info    0x00025d0a      0xa90 d:/arcticstudio-21.0.0-win32.win32.x86_64/msys/opt/arm-none-eabi/bin/../lib/gcc/arm-none-eabi/4.9.3/../../../../arm-none-eabi/lib/thumb/armv7-m\libc.a(lib_a-strtoul.o)
 .debug_info    0x0002679a      0x9ee d:/arcticstudio-21.0.0-win32.win32.x86_64/msys/opt/arm-none-eabi/bin/../lib/gcc/arm-none-eabi/4.9.3/../../../../arm-none-eabi/lib/thumb/armv7-m\libc.a(lib_a-sysread.o)
 .debug_info    0x00027188      0x9f5 d:/arcticstudio-21.0.0-win32.win32.x86_64/msys/opt/arm-none-eabi/bin/../lib/gcc/arm-none-eabi/4.9.3/../../../../arm-none-eabi/lib/thumb/armv7-m\libc.a(lib_a-syswrite.o)
 .debug_info    0x00027b7d      0xa0e d:/arcticstudio-21.0.0-win32.win32.x86_64/msys/opt/arm-none-eabi/bin/../lib/gcc/arm-none-eabi/4.9.3/../../../../arm-none-eabi/lib/thumb/armv7-m\libc.a(lib_a-writer.o)
 .debug_info    0x0002858b       0x71 d:/arcticstudio-21.0.0-win32.win32.x86_64/msys/opt/arm-none-eabi/bin/../lib/gcc/arm-none-eabi/4.9.3/../../../../arm-none-eabi/lib/thumb/armv7-m\libc.a(lib_a-ctype_.o)
 .debug_info    0x000285fc      0xa07 d:/arcticstudio-21.0.0-win32.win32.x86_64/msys/opt/arm-none-eabi/bin/../lib/gcc/arm-none-eabi/4.9.3/../../../../arm-none-eabi/lib/thumb/armv7-m\libc.a(lib_a-readr.o)

.debug_abbrev   0x00000000     0x66b3
 .debug_abbrev  0x00000000      0x196 system_hooks.o
 .debug_abbrev  0x00000196      0x130 tasks.o
 .debug_abbrev  0x000002c6       0x12 startup_cmx.o
 .debug_abbrev  0x000002d8      0x1ad stm32f10x_rcc.o
 .debug_abbrev  0x00000485      0x188 Os_Cfg.o
 .debug_abbrev  0x0000060d       0xd1 arc_assert.o
 .debug_abbrev  0x000006de      0x1e5 EcuM.o
 .debug_abbrev  0x000008c3      0x193 EcuM_Fixed.o
 .debug_abbrev  0x00000a56      0x298 EcuM_Main.o
 .debug_abbrev  0x00000cee      0x122 EcuM_PBcfg.o
 .debug_abbrev  0x00000e10      0x21c EcuM_Callout_Stubs.o
 .debug_abbrev  0x0000102c       0xc1 Mcu_PBcfg.o
 .debug_abbrev  0x000010ed       0xbe Port_PBcfg.o
 .debug_abbrev  0x000011ab      0x154 arm_cortex_mx_handlers.o
 .debug_abbrev  0x000012ff       0xb4 arm_cortex_mx_callout_stubs.o
 .debug_abbrev  0x000013b3       0xa5 Dio_Lcfg.o
 .debug_abbrev  0x00001458       0x14 arch_krn.o
 .debug_abbrev  0x0000146c      0x326 os_event.o
 .debug_abbrev  0x00001792      0x2ae os_init.o
 .debug_abbrev  0x00001a40      0x396 arch.o
 .debug_abbrev  0x00001dd6      0x3ad os_task.o
 .debug_abbrev  0x00002183      0x33e os_resource.o
 .debug_abbrev  0x000024c1      0x340 os_alarm.o
 .debug_abbrev  0x00002801      0x306 os_counter.o
 .debug_abbrev  0x00002b07      0x20a sys_tick.o
 .debug_abbrev  0x00002d11      0x393 os_isr.o
 .debug_abbrev  0x000030a4      0x245 os_application.o
 .debug_abbrev  0x000032e9      0x1b3 os_panic.o
 .debug_abbrev  0x0000349c      0x25c irq.o
 .debug_abbrev  0x000036f8      0x197 Det.o
 .debug_abbrev  0x0000388f      0x1a8 ramlog.o
 .debug_abbrev  0x00003a37      0x25d shell.o
 .debug_abbrev  0x00003c94      0x223 perf.o
 .debug_abbrev  0x00003eb7      0x28c clib_port.o
 .debug_abbrev  0x00004143      0x214 printf.o
 .debug_abbrev  0x00004357       0xbd xtoa.o
 .debug_abbrev  0x00004414      0x1ca stm32f10x_gpio.o
 .debug_abbrev  0x000045de      0x2d5 Mcu_stm32.o
 .debug_abbrev  0x000048b3      0x1fe Port_stm32.o
 .debug_abbrev  0x00004ab1      0x164 stm32f10x_usart.o
 .debug_abbrev  0x00004c15      0x129 misc.o
 .debug_abbrev  0x00004d3e      0x155 Dio_stm32.o
 .debug_abbrev  0x00004e93      0x15e SchM.o
 .debug_abbrev  0x00004ff1      0x11a timer_dwt.o
 .debug_abbrev  0x0000510b       0x14 d:/arcticstudio-21.0.0-win32.win32.x86_64/msys/opt/arm-none-eabi/bin/../lib/gcc/arm-none-eabi/4.9.3/thumb/armv7-m\libgcc.a(_aeabi_uldivmod.o)
 .debug_abbrev  0x0000511f       0xb7 d:/arcticstudio-21.0.0-win32.win32.x86_64/msys/opt/arm-none-eabi/bin/../lib/gcc/arm-none-eabi/4.9.3/thumb/armv7-m\libgcc.a(bpabi.o)
 .debug_abbrev  0x000051d6       0x14 d:/arcticstudio-21.0.0-win32.win32.x86_64/msys/opt/arm-none-eabi/bin/../lib/gcc/arm-none-eabi/4.9.3/thumb/armv7-m\libgcc.a(_dvmd_tls.o)
 .debug_abbrev  0x000051ea      0x169 d:/arcticstudio-21.0.0-win32.win32.x86_64/msys/opt/arm-none-eabi/bin/../lib/gcc/arm-none-eabi/4.9.3/thumb/armv7-m\libgcc.a(_divdi3.o)
 .debug_abbrev  0x00005353      0x154 d:/arcticstudio-21.0.0-win32.win32.x86_64/msys/opt/arm-none-eabi/bin/../lib/gcc/arm-none-eabi/4.9.3/thumb/armv7-m\libgcc.a(_udivdi3.o)
 .debug_abbrev  0x000054a7      0x171 d:/arcticstudio-21.0.0-win32.win32.x86_64/msys/opt/arm-none-eabi/bin/../lib/gcc/arm-none-eabi/4.9.3/../../../../arm-none-eabi/lib/thumb/armv7-m\libc.a(lib_a-errno.o)
 .debug_abbrev  0x00005618      0x162 d:/arcticstudio-21.0.0-win32.win32.x86_64/msys/opt/arm-none-eabi/bin/../lib/gcc/arm-none-eabi/4.9.3/../../../../arm-none-eabi/lib/thumb/armv7-m\libc.a(lib_a-impure.o)
 .debug_abbrev  0x0000577a       0x14 d:/arcticstudio-21.0.0-win32.win32.x86_64/msys/opt/arm-none-eabi/bin/../lib/gcc/arm-none-eabi/4.9.3/../../../../arm-none-eabi/lib/thumb/armv7-m\libc.a(lib_a-memcpy.o)
 .debug_abbrev  0x0000578e       0x9f d:/arcticstudio-21.0.0-win32.win32.x86_64/msys/opt/arm-none-eabi/bin/../lib/gcc/arm-none-eabi/4.9.3/../../../../arm-none-eabi/lib/thumb/armv7-m\libc.a(lib_a-memset.o)
 .debug_abbrev  0x0000582d      0x23e d:/arcticstudio-21.0.0-win32.win32.x86_64/msys/opt/arm-none-eabi/bin/../lib/gcc/arm-none-eabi/4.9.3/../../../../arm-none-eabi/lib/thumb/armv7-m\libc.a(lib_a-reent.o)
 .debug_abbrev  0x00005a6b       0x14 d:/arcticstudio-21.0.0-win32.win32.x86_64/msys/opt/arm-none-eabi/bin/../lib/gcc/arm-none-eabi/4.9.3/../../../../arm-none-eabi/lib/thumb/armv7-m\libc.a(lib_a-strcmp.o)
 .debug_abbrev  0x00005a7f       0x74 d:/arcticstudio-21.0.0-win32.win32.x86_64/msys/opt/arm-none-eabi/bin/../lib/gcc/arm-none-eabi/4.9.3/../../../../arm-none-eabi/lib/thumb/armv7-m\libc.a(lib_a-strcpy.o)
 .debug_abbrev  0x00005af3       0x72 d:/arcticstudio-21.0.0-win32.win32.x86_64/msys/opt/arm-none-eabi/bin/../lib/gcc/arm-none-eabi/4.9.3/../../../../arm-none-eabi/lib/thumb/armv7-m\libc.a(lib_a-strlen.o)
 .debug_abbrev  0x00005b65       0x81 d:/arcticstudio-21.0.0-win32.win32.x86_64/msys/opt/arm-none-eabi/bin/../lib/gcc/arm-none-eabi/4.9.3/../../../../arm-none-eabi/lib/thumb/armv7-m\libc.a(lib_a-strncmp.o)
 .debug_abbrev  0x00005be6       0x9f d:/arcticstudio-21.0.0-win32.win32.x86_64/msys/opt/arm-none-eabi/bin/../lib/gcc/arm-none-eabi/4.9.3/../../../../arm-none-eabi/lib/thumb/armv7-m\libc.a(lib_a-strncpy.o)
 .debug_abbrev  0x00005c85       0xed d:/arcticstudio-21.0.0-win32.win32.x86_64/msys/opt/arm-none-eabi/bin/../lib/gcc/arm-none-eabi/4.9.3/../../../../arm-none-eabi/lib/thumb/armv7-m\libc.a(lib_a-strtok_r.o)
 .debug_abbrev  0x00005d72      0x1e9 d:/arcticstudio-21.0.0-win32.win32.x86_64/msys/opt/arm-none-eabi/bin/../lib/gcc/arm-none-eabi/4.9.3/../../../../arm-none-eabi/lib/thumb/armv7-m\libc.a(lib_a-strtoul.o)
 .debug_abbrev  0x00005f5b      0x1af d:/arcticstudio-21.0.0-win32.win32.x86_64/msys/opt/arm-none-eabi/bin/../lib/gcc/arm-none-eabi/4.9.3/../../../../arm-none-eabi/lib/thumb/armv7-m\libc.a(lib_a-sysread.o)
 .debug_abbrev  0x0000610a      0x1b4 d:/arcticstudio-21.0.0-win32.win32.x86_64/msys/opt/arm-none-eabi/bin/../lib/gcc/arm-none-eabi/4.9.3/../../../../arm-none-eabi/lib/thumb/armv7-m\libc.a(lib_a-syswrite.o)
 .debug_abbrev  0x000062be      0x1d6 d:/arcticstudio-21.0.0-win32.win32.x86_64/msys/opt/arm-none-eabi/bin/../lib/gcc/arm-none-eabi/4.9.3/../../../../arm-none-eabi/lib/thumb/armv7-m\libc.a(lib_a-writer.o)
 .debug_abbrev  0x00006494       0x4e d:/arcticstudio-21.0.0-win32.win32.x86_64/msys/opt/arm-none-eabi/bin/../lib/gcc/arm-none-eabi/4.9.3/../../../../arm-none-eabi/lib/thumb/armv7-m\libc.a(lib_a-ctype_.o)
 .debug_abbrev  0x000064e2      0x1d1 d:/arcticstudio-21.0.0-win32.win32.x86_64/msys/opt/arm-none-eabi/bin/../lib/gcc/arm-none-eabi/4.9.3/../../../../arm-none-eabi/lib/thumb/armv7-m\libc.a(lib_a-readr.o)

.debug_loc      0x00000000     0xc5b7
 .debug_loc     0x00000000      0x154 system_hooks.o
 .debug_loc     0x00000154      0x138 tasks.o
 .debug_loc     0x0000028c      0xe68 stm32f10x_rcc.o
 .debug_loc     0x000010f4       0xa0 arc_assert.o
 .debug_loc     0x00001194      0x3d8 EcuM.o
 .debug_loc     0x0000156c      0x2d0 EcuM_Fixed.o
 .debug_loc     0x0000183c      0x43c EcuM_Main.o
 .debug_loc     0x00001c78      0x7a8 EcuM_Callout_Stubs.o
 .debug_loc     0x00002420       0xe8 arm_cortex_mx_handlers.o
 .debug_loc     0x00002508       0x5c arm_cortex_mx_callout_stubs.o
 .debug_loc     0x00002564      0x3cc os_event.o
 .debug_loc     0x00002930      0x250 os_init.o
 .debug_loc     0x00002b80      0x4d0 arch.o
 .debug_loc     0x00003050      0xe58 os_task.o
 .debug_loc     0x00003ea8      0x4c8 os_resource.o
 .debug_loc     0x00004370      0x6f0 os_alarm.o
 .debug_loc     0x00004a60      0x548 os_counter.o
 .debug_loc     0x00004fa8      0x128 sys_tick.o
 .debug_loc     0x000050d0      0x978 os_isr.o
 .debug_loc     0x00005a48      0x3c4 os_application.o
 .debug_loc     0x00005e0c       0x50 os_panic.o
 .debug_loc     0x00005e5c      0x2dc irq.o
 .debug_loc     0x00006138      0x218 Det.o
 .debug_loc     0x00006350      0x23c ramlog.o
 .debug_loc     0x0000658c      0x342 shell.o
 .debug_loc     0x000068ce      0x40b perf.o
 .debug_loc     0x00006cd9      0x50c clib_port.o
 .debug_loc     0x000071e5      0x591 printf.o
 .debug_loc     0x00007776       0xfc xtoa.o
 .debug_loc     0x00007872      0x63c stm32f10x_gpio.o
 .debug_loc     0x00007eae      0x630 Mcu_stm32.o
 .debug_loc     0x000084de      0x1e8 Port_stm32.o
 .debug_loc     0x000086c6      0xa54 stm32f10x_usart.o
 .debug_loc     0x0000911a      0x1cc misc.o
 .debug_loc     0x000092e6      0x394 Dio_stm32.o
 .debug_loc     0x0000967a      0x1e8 SchM.o
 .debug_loc     0x00009862       0xcc timer_dwt.o
 .debug_loc     0x0000992e       0xe0 d:/arcticstudio-21.0.0-win32.win32.x86_64/msys/opt/arm-none-eabi/bin/../lib/gcc/arm-none-eabi/4.9.3/thumb/armv7-m\libgcc.a(bpabi.o)
 .debug_loc     0x00009a0e      0xddd d:/arcticstudio-21.0.0-win32.win32.x86_64/msys/opt/arm-none-eabi/bin/../lib/gcc/arm-none-eabi/4.9.3/thumb/armv7-m\libgcc.a(_divdi3.o)
 .debug_loc     0x0000a7eb      0xd7b d:/arcticstudio-21.0.0-win32.win32.x86_64/msys/opt/arm-none-eabi/bin/../lib/gcc/arm-none-eabi/4.9.3/thumb/armv7-m\libgcc.a(_udivdi3.o)
 .debug_loc     0x0000b566      0x1e6 d:/arcticstudio-21.0.0-win32.win32.x86_64/msys/opt/arm-none-eabi/bin/../lib/gcc/arm-none-eabi/4.9.3/../../../../arm-none-eabi/lib/thumb/armv7-m\libc.a(lib_a-memset.o)
 .debug_loc     0x0000b74c      0x175 d:/arcticstudio-21.0.0-win32.win32.x86_64/msys/opt/arm-none-eabi/bin/../lib/gcc/arm-none-eabi/4.9.3/../../../../arm-none-eabi/lib/thumb/armv7-m\libc.a(lib_a-reent.o)
 .debug_loc     0x0000b8c1       0x21 d:/arcticstudio-21.0.0-win32.win32.x86_64/msys/opt/arm-none-eabi/bin/../lib/gcc/arm-none-eabi/4.9.3/../../../../arm-none-eabi/lib/thumb/armv7-m\libc.a(lib_a-strcpy.o)
 .debug_loc     0x0000b8e2       0x21 d:/arcticstudio-21.0.0-win32.win32.x86_64/msys/opt/arm-none-eabi/bin/../lib/gcc/arm-none-eabi/4.9.3/../../../../arm-none-eabi/lib/thumb/armv7-m\libc.a(lib_a-strlen.o)
 .debug_loc     0x0000b903      0x1f7 d:/arcticstudio-21.0.0-win32.win32.x86_64/msys/opt/arm-none-eabi/bin/../lib/gcc/arm-none-eabi/4.9.3/../../../../arm-none-eabi/lib/thumb/armv7-m\libc.a(lib_a-strncmp.o)
 .debug_loc     0x0000bafa      0x18d d:/arcticstudio-21.0.0-win32.win32.x86_64/msys/opt/arm-none-eabi/bin/../lib/gcc/arm-none-eabi/4.9.3/../../../../arm-none-eabi/lib/thumb/armv7-m\libc.a(lib_a-strncpy.o)
 .debug_loc     0x0000bc87      0x279 d:/arcticstudio-21.0.0-win32.win32.x86_64/msys/opt/arm-none-eabi/bin/../lib/gcc/arm-none-eabi/4.9.3/../../../../arm-none-eabi/lib/thumb/armv7-m\libc.a(lib_a-strtok_r.o)
 .debug_loc     0x0000bf00      0x3b7 d:/arcticstudio-21.0.0-win32.win32.x86_64/msys/opt/arm-none-eabi/bin/../lib/gcc/arm-none-eabi/4.9.3/../../../../arm-none-eabi/lib/thumb/armv7-m\libc.a(lib_a-strtoul.o)
 .debug_loc     0x0000c2b7       0xbb d:/arcticstudio-21.0.0-win32.win32.x86_64/msys/opt/arm-none-eabi/bin/../lib/gcc/arm-none-eabi/4.9.3/../../../../arm-none-eabi/lib/thumb/armv7-m\libc.a(lib_a-sysread.o)
 .debug_loc     0x0000c372       0xbb d:/arcticstudio-21.0.0-win32.win32.x86_64/msys/opt/arm-none-eabi/bin/../lib/gcc/arm-none-eabi/4.9.3/../../../../arm-none-eabi/lib/thumb/armv7-m\libc.a(lib_a-syswrite.o)
 .debug_loc     0x0000c42d       0xc5 d:/arcticstudio-21.0.0-win32.win32.x86_64/msys/opt/arm-none-eabi/bin/../lib/gcc/arm-none-eabi/4.9.3/../../../../arm-none-eabi/lib/thumb/armv7-m\libc.a(lib_a-writer.o)
 .debug_loc     0x0000c4f2       0xc5 d:/arcticstudio-21.0.0-win32.win32.x86_64/msys/opt/arm-none-eabi/bin/../lib/gcc/arm-none-eabi/4.9.3/../../../../arm-none-eabi/lib/thumb/armv7-m\libc.a(lib_a-readr.o)

.debug_aranges  0x00000000     0x1620
 .debug_aranges
                0x00000000       0x40 system_hooks.o
 .debug_aranges
                0x00000040       0x48 tasks.o
 .debug_aranges
                0x00000088       0x28 startup_cmx.o
 .debug_aranges
                0x000000b0      0x160 stm32f10x_rcc.o
 .debug_aranges
                0x00000210       0x18 Os_Cfg.o
 .debug_aranges
                0x00000228       0x28 arc_assert.o
 .debug_aranges
                0x00000250       0x78 EcuM.o
 .debug_aranges
                0x000002c8       0x60 EcuM_Fixed.o
 .debug_aranges
                0x00000328       0xa0 EcuM_Main.o
 .debug_aranges
                0x000003c8       0x18 EcuM_PBcfg.o
 .debug_aranges
                0x000003e0       0xe8 EcuM_Callout_Stubs.o
 .debug_aranges
                0x000004c8       0x18 Mcu_PBcfg.o
 .debug_aranges
                0x000004e0       0x18 Port_PBcfg.o
 .debug_aranges
                0x000004f8       0x48 arm_cortex_mx_handlers.o
 .debug_aranges
                0x00000540       0x20 arm_cortex_mx_callout_stubs.o
 .debug_aranges
                0x00000560       0x18 Dio_Lcfg.o
 .debug_aranges
                0x00000578       0x20 arch_krn.o
 .debug_aranges
                0x00000598       0x78 os_event.o
 .debug_aranges
                0x00000610       0x58 os_init.o
 .debug_aranges
                0x00000668       0x98 arch.o
 .debug_aranges
                0x00000700      0x180 os_task.o
 .debug_aranges
                0x00000880       0x90 os_resource.o
 .debug_aranges
                0x00000910       0xc0 os_alarm.o
 .debug_aranges
                0x000009d0       0x98 os_counter.o
 .debug_aranges
                0x00000a68       0x38 sys_tick.o
 .debug_aranges
                0x00000aa0      0x108 os_isr.o
 .debug_aranges
                0x00000ba8       0x70 os_application.o
 .debug_aranges
                0x00000c18       0x20 os_panic.o
 .debug_aranges
                0x00000c38       0x60 irq.o
 .debug_aranges
                0x00000c98       0x50 Det.o
 .debug_aranges
                0x00000ce8       0x50 ramlog.o
 .debug_aranges
                0x00000d38       0x70 shell.o
 .debug_aranges
                0x00000da8       0x80 perf.o
 .debug_aranges
                0x00000e28       0x98 clib_port.o
 .debug_aranges
                0x00000ec0       0x98 printf.o
 .debug_aranges
                0x00000f58       0x30 xtoa.o
 .debug_aranges
                0x00000f88       0xa8 stm32f10x_gpio.o
 .debug_aranges
                0x00001030       0xc0 Mcu_stm32.o
 .debug_aranges
                0x000010f0       0x50 Port_stm32.o
 .debug_aranges
                0x00001140      0x100 stm32f10x_usart.o
 .debug_aranges
                0x00001240       0x40 misc.o
 .debug_aranges
                0x00001280       0x70 Dio_stm32.o
 .debug_aranges
                0x000012f0       0x50 SchM.o
 .debug_aranges
                0x00001340       0x30 timer_dwt.o
 .debug_aranges
                0x00001370       0x20 d:/arcticstudio-21.0.0-win32.win32.x86_64/msys/opt/arm-none-eabi/bin/../lib/gcc/arm-none-eabi/4.9.3/thumb/armv7-m\libgcc.a(_aeabi_uldivmod.o)
 .debug_aranges
                0x00001390       0x20 d:/arcticstudio-21.0.0-win32.win32.x86_64/msys/opt/arm-none-eabi/bin/../lib/gcc/arm-none-eabi/4.9.3/thumb/armv7-m\libgcc.a(bpabi.o)
 .debug_aranges
                0x000013b0       0x20 d:/arcticstudio-21.0.0-win32.win32.x86_64/msys/opt/arm-none-eabi/bin/../lib/gcc/arm-none-eabi/4.9.3/thumb/armv7-m\libgcc.a(_dvmd_tls.o)
 .debug_aranges
                0x000013d0       0x20 d:/arcticstudio-21.0.0-win32.win32.x86_64/msys/opt/arm-none-eabi/bin/../lib/gcc/arm-none-eabi/4.9.3/thumb/armv7-m\libgcc.a(_divdi3.o)
 .debug_aranges
                0x000013f0       0x20 d:/arcticstudio-21.0.0-win32.win32.x86_64/msys/opt/arm-none-eabi/bin/../lib/gcc/arm-none-eabi/4.9.3/thumb/armv7-m\libgcc.a(_udivdi3.o)
 .debug_aranges
                0x00001410       0x20 d:/arcticstudio-21.0.0-win32.win32.x86_64/msys/opt/arm-none-eabi/bin/../lib/gcc/arm-none-eabi/4.9.3/../../../../arm-none-eabi/lib/thumb/armv7-m\libc.a(lib_a-errno.o)
 .debug_aranges
                0x00001430       0x18 d:/arcticstudio-21.0.0-win32.win32.x86_64/msys/opt/arm-none-eabi/bin/../lib/gcc/arm-none-eabi/4.9.3/../../../../arm-none-eabi/lib/thumb/armv7-m\libc.a(lib_a-impure.o)
 .debug_aranges
                0x00001448       0x20 d:/arcticstudio-21.0.0-win32.win32.x86_64/msys/opt/arm-none-eabi/bin/../lib/gcc/arm-none-eabi/4.9.3/../../../../arm-none-eabi/lib/thumb/armv7-m\libc.a(lib_a-memcpy.o)
 .debug_aranges
                0x00001468       0x20 d:/arcticstudio-21.0.0-win32.win32.x86_64/msys/opt/arm-none-eabi/bin/../lib/gcc/arm-none-eabi/4.9.3/../../../../arm-none-eabi/lib/thumb/armv7-m\libc.a(lib_a-memset.o)
 .debug_aranges
                0x00001488       0x20 d:/arcticstudio-21.0.0-win32.win32.x86_64/msys/opt/arm-none-eabi/bin/../lib/gcc/arm-none-eabi/4.9.3/../../../../arm-none-eabi/lib/thumb/armv7-m\libc.a(lib_a-reent.o)
 .debug_aranges
                0x000014a8       0x20 d:/arcticstudio-21.0.0-win32.win32.x86_64/msys/opt/arm-none-eabi/bin/../lib/gcc/arm-none-eabi/4.9.3/../../../../arm-none-eabi/lib/thumb/armv7-m\libc.a(lib_a-strcmp.o)
 .debug_aranges
                0x000014c8       0x20 d:/arcticstudio-21.0.0-win32.win32.x86_64/msys/opt/arm-none-eabi/bin/../lib/gcc/arm-none-eabi/4.9.3/../../../../arm-none-eabi/lib/thumb/armv7-m\libc.a(lib_a-strcpy.o)
 .debug_aranges
                0x000014e8       0x20 d:/arcticstudio-21.0.0-win32.win32.x86_64/msys/opt/arm-none-eabi/bin/../lib/gcc/arm-none-eabi/4.9.3/../../../../arm-none-eabi/lib/thumb/armv7-m\libc.a(lib_a-strlen.o)
 .debug_aranges
                0x00001508       0x20 d:/arcticstudio-21.0.0-win32.win32.x86_64/msys/opt/arm-none-eabi/bin/../lib/gcc/arm-none-eabi/4.9.3/../../../../arm-none-eabi/lib/thumb/armv7-m\libc.a(lib_a-strncmp.o)
 .debug_aranges
                0x00001528       0x20 d:/arcticstudio-21.0.0-win32.win32.x86_64/msys/opt/arm-none-eabi/bin/../lib/gcc/arm-none-eabi/4.9.3/../../../../arm-none-eabi/lib/thumb/armv7-m\libc.a(lib_a-strncpy.o)
 .debug_aranges
                0x00001548       0x20 d:/arcticstudio-21.0.0-win32.win32.x86_64/msys/opt/arm-none-eabi/bin/../lib/gcc/arm-none-eabi/4.9.3/../../../../arm-none-eabi/lib/thumb/armv7-m\libc.a(lib_a-strtok_r.o)
 .debug_aranges
                0x00001568       0x20 d:/arcticstudio-21.0.0-win32.win32.x86_64/msys/opt/arm-none-eabi/bin/../lib/gcc/arm-none-eabi/4.9.3/../../../../arm-none-eabi/lib/thumb/armv7-m\libc.a(lib_a-strtoul.o)
 .debug_aranges
                0x00001588       0x20 d:/arcticstudio-21.0.0-win32.win32.x86_64/msys/opt/arm-none-eabi/bin/../lib/gcc/arm-none-eabi/4.9.3/../../../../arm-none-eabi/lib/thumb/armv7-m\libc.a(lib_a-sysread.o)
 .debug_aranges
                0x000015a8       0x20 d:/arcticstudio-21.0.0-win32.win32.x86_64/msys/opt/arm-none-eabi/bin/../lib/gcc/arm-none-eabi/4.9.3/../../../../arm-none-eabi/lib/thumb/armv7-m\libc.a(lib_a-syswrite.o)
 .debug_aranges
                0x000015c8       0x20 d:/arcticstudio-21.0.0-win32.win32.x86_64/msys/opt/arm-none-eabi/bin/../lib/gcc/arm-none-eabi/4.9.3/../../../../arm-none-eabi/lib/thumb/armv7-m\libc.a(lib_a-writer.o)
 .debug_aranges
                0x000015e8       0x18 d:/arcticstudio-21.0.0-win32.win32.x86_64/msys/opt/arm-none-eabi/bin/../lib/gcc/arm-none-eabi/4.9.3/../../../../arm-none-eabi/lib/thumb/armv7-m\libc.a(lib_a-ctype_.o)
 .debug_aranges
                0x00001600       0x20 d:/arcticstudio-21.0.0-win32.win32.x86_64/msys/opt/arm-none-eabi/bin/../lib/gcc/arm-none-eabi/4.9.3/../../../../arm-none-eabi/lib/thumb/armv7-m\libc.a(lib_a-readr.o)

.debug_ranges   0x00000000     0x1298
 .debug_ranges  0x00000000       0x30 system_hooks.o
 .debug_ranges  0x00000030       0x38 tasks.o
 .debug_ranges  0x00000068       0x20 startup_cmx.o
 .debug_ranges  0x00000088      0x150 stm32f10x_rcc.o
 .debug_ranges  0x000001d8       0x18 arc_assert.o
 .debug_ranges  0x000001f0       0x68 EcuM.o
 .debug_ranges  0x00000258       0x50 EcuM_Fixed.o
 .debug_ranges  0x000002a8       0x90 EcuM_Main.o
 .debug_ranges  0x00000338       0xd8 EcuM_Callout_Stubs.o
 .debug_ranges  0x00000410       0x38 arm_cortex_mx_handlers.o
 .debug_ranges  0x00000448       0x10 arm_cortex_mx_callout_stubs.o
 .debug_ranges  0x00000458       0x68 os_event.o
 .debug_ranges  0x000004c0       0x48 os_init.o
 .debug_ranges  0x00000508       0x88 arch.o
 .debug_ranges  0x00000590      0x170 os_task.o
 .debug_ranges  0x00000700       0x80 os_resource.o
 .debug_ranges  0x00000780       0xb0 os_alarm.o
 .debug_ranges  0x00000830       0x88 os_counter.o
 .debug_ranges  0x000008b8       0x28 sys_tick.o
 .debug_ranges  0x000008e0       0xf8 os_isr.o
 .debug_ranges  0x000009d8       0x60 os_application.o
 .debug_ranges  0x00000a38       0x10 os_panic.o
 .debug_ranges  0x00000a48       0x50 irq.o
 .debug_ranges  0x00000a98       0x40 Det.o
 .debug_ranges  0x00000ad8       0x40 ramlog.o
 .debug_ranges  0x00000b18       0x60 shell.o
 .debug_ranges  0x00000b78       0x70 perf.o
 .debug_ranges  0x00000be8       0xa0 clib_port.o
 .debug_ranges  0x00000c88       0x88 printf.o
 .debug_ranges  0x00000d10       0x20 xtoa.o
 .debug_ranges  0x00000d30       0x98 stm32f10x_gpio.o
 .debug_ranges  0x00000dc8       0xb0 Mcu_stm32.o
 .debug_ranges  0x00000e78       0x40 Port_stm32.o
 .debug_ranges  0x00000eb8       0xf0 stm32f10x_usart.o
 .debug_ranges  0x00000fa8       0x30 misc.o
 .debug_ranges  0x00000fd8       0x60 Dio_stm32.o
 .debug_ranges  0x00001038       0x40 SchM.o
 .debug_ranges  0x00001078       0x20 timer_dwt.o
 .debug_ranges  0x00001098       0xf0 d:/arcticstudio-21.0.0-win32.win32.x86_64/msys/opt/arm-none-eabi/bin/../lib/gcc/arm-none-eabi/4.9.3/thumb/armv7-m\libgcc.a(_divdi3.o)
 .debug_ranges  0x00001188       0xf0 d:/arcticstudio-21.0.0-win32.win32.x86_64/msys/opt/arm-none-eabi/bin/../lib/gcc/arm-none-eabi/4.9.3/thumb/armv7-m\libgcc.a(_udivdi3.o)
 .debug_ranges  0x00001278       0x10 d:/arcticstudio-21.0.0-win32.win32.x86_64/msys/opt/arm-none-eabi/bin/../lib/gcc/arm-none-eabi/4.9.3/../../../../arm-none-eabi/lib/thumb/armv7-m\libc.a(lib_a-strcpy.o)
 .debug_ranges  0x00001288       0x10 d:/arcticstudio-21.0.0-win32.win32.x86_64/msys/opt/arm-none-eabi/bin/../lib/gcc/arm-none-eabi/4.9.3/../../../../arm-none-eabi/lib/thumb/armv7-m\libc.a(lib_a-strlen.o)

.debug_line     0x00000000     0xdf0d
 .debug_line    0x00000000      0x37b system_hooks.o
 .debug_line    0x0000037b      0x32a tasks.o
 .debug_line    0x000006a5       0x79 startup_cmx.o
 .debug_line    0x0000071e      0x62c stm32f10x_rcc.o
 .debug_line    0x00000d4a      0x3f1 Os_Cfg.o
 .debug_line    0x0000113b      0x23a arc_assert.o
 .debug_line    0x00001375      0x5d4 EcuM.o
 .debug_line    0x00001949      0x57f EcuM_Fixed.o
 .debug_line    0x00001ec8      0x724 EcuM_Main.o
 .debug_line    0x000025ec      0x52b EcuM_PBcfg.o
 .debug_line    0x00002b17      0x734 EcuM_Callout_Stubs.o
 .debug_line    0x0000324b      0x30f Mcu_PBcfg.o
 .debug_line    0x0000355a      0x2b6 Port_PBcfg.o
 .debug_line    0x00003810      0x2f1 arm_cortex_mx_handlers.o
 .debug_line    0x00003b01      0x255 arm_cortex_mx_callout_stubs.o
 .debug_line    0x00003d56      0x251 Dio_Lcfg.o
 .debug_line    0x00003fa7       0x51 arch_krn.o
 .debug_line    0x00003ff8      0x5bf os_event.o
 .debug_line    0x000045b7      0x544 os_init.o
 .debug_line    0x00004afb      0x5cc arch.o
 .debug_line    0x000050c7      0xafa os_task.o
 .debug_line    0x00005bc1      0x605 os_resource.o
 .debug_line    0x000061c6      0x6ef os_alarm.o
 .debug_line    0x000068b5      0x61f os_counter.o
 .debug_line    0x00006ed4      0x3df sys_tick.o
 .debug_line    0x000072b3      0x71f os_isr.o
 .debug_line    0x000079d2      0x4af os_application.o
 .debug_line    0x00007e81      0x39c os_panic.o
 .debug_line    0x0000821d      0x47b irq.o
 .debug_line    0x00008698      0x3e9 Det.o
 .debug_line    0x00008a81      0x2f2 ramlog.o
 .debug_line    0x00008d73      0x466 shell.o
 .debug_line    0x000091d9      0x64a perf.o
 .debug_line    0x00009823      0x4ef clib_port.o
 .debug_line    0x00009d12      0x4b1 printf.o
 .debug_line    0x0000a1c3      0x130 xtoa.o
 .debug_line    0x0000a2f3      0x471 stm32f10x_gpio.o
 .debug_line    0x0000a764      0x5f3 Mcu_stm32.o
 .debug_line    0x0000ad57      0x4de Port_stm32.o
 .debug_line    0x0000b235      0x554 stm32f10x_usart.o
 .debug_line    0x0000b789      0x2ff misc.o
 .debug_line    0x0000ba88      0x428 Dio_stm32.o
 .debug_line    0x0000beb0      0x403 SchM.o
 .debug_line    0x0000c2b3      0x2f7 timer_dwt.o
 .debug_line    0x0000c5aa       0x6b d:/arcticstudio-21.0.0-win32.win32.x86_64/msys/opt/arm-none-eabi/bin/../lib/gcc/arm-none-eabi/4.9.3/thumb/armv7-m\libgcc.a(_aeabi_uldivmod.o)
 .debug_line    0x0000c615       0x6d d:/arcticstudio-21.0.0-win32.win32.x86_64/msys/opt/arm-none-eabi/bin/../lib/gcc/arm-none-eabi/4.9.3/thumb/armv7-m\libgcc.a(bpabi.o)
 .debug_line    0x0000c682       0x67 d:/arcticstudio-21.0.0-win32.win32.x86_64/msys/opt/arm-none-eabi/bin/../lib/gcc/arm-none-eabi/4.9.3/thumb/armv7-m\libgcc.a(_dvmd_tls.o)
 .debug_line    0x0000c6e9       0xea d:/arcticstudio-21.0.0-win32.win32.x86_64/msys/opt/arm-none-eabi/bin/../lib/gcc/arm-none-eabi/4.9.3/thumb/armv7-m\libgcc.a(_divdi3.o)
 .debug_line    0x0000c7d3       0xdc d:/arcticstudio-21.0.0-win32.win32.x86_64/msys/opt/arm-none-eabi/bin/../lib/gcc/arm-none-eabi/4.9.3/thumb/armv7-m\libgcc.a(_udivdi3.o)
 .debug_line    0x0000c8af      0x151 d:/arcticstudio-21.0.0-win32.win32.x86_64/msys/opt/arm-none-eabi/bin/../lib/gcc/arm-none-eabi/4.9.3/../../../../arm-none-eabi/lib/thumb/armv7-m\libc.a(lib_a-errno.o)
 .debug_line    0x0000ca00      0x136 d:/arcticstudio-21.0.0-win32.win32.x86_64/msys/opt/arm-none-eabi/bin/../lib/gcc/arm-none-eabi/4.9.3/../../../../arm-none-eabi/lib/thumb/armv7-m\libc.a(lib_a-impure.o)
 .debug_line    0x0000cb36       0xcb d:/arcticstudio-21.0.0-win32.win32.x86_64/msys/opt/arm-none-eabi/bin/../lib/gcc/arm-none-eabi/4.9.3/../../../../arm-none-eabi/lib/thumb/armv7-m\libc.a(lib_a-memcpy.o)
 .debug_line    0x0000cc01      0x15e d:/arcticstudio-21.0.0-win32.win32.x86_64/msys/opt/arm-none-eabi/bin/../lib/gcc/arm-none-eabi/4.9.3/../../../../arm-none-eabi/lib/thumb/armv7-m\libc.a(lib_a-memset.o)
 .debug_line    0x0000cd5f      0x1c7 d:/arcticstudio-21.0.0-win32.win32.x86_64/msys/opt/arm-none-eabi/bin/../lib/gcc/arm-none-eabi/4.9.3/../../../../arm-none-eabi/lib/thumb/armv7-m\libc.a(lib_a-reent.o)
 .debug_line    0x0000cf26      0x110 d:/arcticstudio-21.0.0-win32.win32.x86_64/msys/opt/arm-none-eabi/bin/../lib/gcc/arm-none-eabi/4.9.3/../../../../arm-none-eabi/lib/thumb/armv7-m\libc.a(lib_a-strcmp.o)
 .debug_line    0x0000d036       0xc2 d:/arcticstudio-21.0.0-win32.win32.x86_64/msys/opt/arm-none-eabi/bin/../lib/gcc/arm-none-eabi/4.9.3/../../../../arm-none-eabi/lib/thumb/armv7-m\libc.a(lib_a-strcpy.o)
 .debug_line    0x0000d0f8      0x137 d:/arcticstudio-21.0.0-win32.win32.x86_64/msys/opt/arm-none-eabi/bin/../lib/gcc/arm-none-eabi/4.9.3/../../../../arm-none-eabi/lib/thumb/armv7-m\libc.a(lib_a-strlen.o)
 .debug_line    0x0000d22f      0x191 d:/arcticstudio-21.0.0-win32.win32.x86_64/msys/opt/arm-none-eabi/bin/../lib/gcc/arm-none-eabi/4.9.3/../../../../arm-none-eabi/lib/thumb/armv7-m\libc.a(lib_a-strncmp.o)
 .debug_line    0x0000d3c0      0x159 d:/arcticstudio-21.0.0-win32.win32.x86_64/msys/opt/arm-none-eabi/bin/../lib/gcc/arm-none-eabi/4.9.3/../../../../arm-none-eabi/lib/thumb/armv7-m\libc.a(lib_a-strncpy.o)
 .debug_line    0x0000d519       0xf5 d:/arcticstudio-21.0.0-win32.win32.x86_64/msys/opt/arm-none-eabi/bin/../lib/gcc/arm-none-eabi/4.9.3/../../../../arm-none-eabi/lib/thumb/armv7-m\libc.a(lib_a-strtok_r.o)
 .debug_line    0x0000d60e      0x20f d:/arcticstudio-21.0.0-win32.win32.x86_64/msys/opt/arm-none-eabi/bin/../lib/gcc/arm-none-eabi/4.9.3/../../../../arm-none-eabi/lib/thumb/armv7-m\libc.a(lib_a-strtoul.o)
 .debug_line    0x0000d81d      0x1a6 d:/arcticstudio-21.0.0-win32.win32.x86_64/msys/opt/arm-none-eabi/bin/../lib/gcc/arm-none-eabi/4.9.3/../../../../arm-none-eabi/lib/thumb/armv7-m\libc.a(lib_a-sysread.o)
 .debug_line    0x0000d9c3      0x1a7 d:/arcticstudio-21.0.0-win32.win32.x86_64/msys/opt/arm-none-eabi/bin/../lib/gcc/arm-none-eabi/4.9.3/../../../../arm-none-eabi/lib/thumb/armv7-m\libc.a(lib_a-syswrite.o)
 .debug_line    0x0000db6a      0x19e d:/arcticstudio-21.0.0-win32.win32.x86_64/msys/opt/arm-none-eabi/bin/../lib/gcc/arm-none-eabi/4.9.3/../../../../arm-none-eabi/lib/thumb/armv7-m\libc.a(lib_a-writer.o)
 .debug_line    0x0000dd08       0x68 d:/arcticstudio-21.0.0-win32.win32.x86_64/msys/opt/arm-none-eabi/bin/../lib/gcc/arm-none-eabi/4.9.3/../../../../arm-none-eabi/lib/thumb/armv7-m\libc.a(lib_a-ctype_.o)
 .debug_line    0x0000dd70      0x19d d:/arcticstudio-21.0.0-win32.win32.x86_64/msys/opt/arm-none-eabi/bin/../lib/gcc/arm-none-eabi/4.9.3/../../../../arm-none-eabi/lib/thumb/armv7-m\libc.a(lib_a-readr.o)

.debug_str      0x00000000     0x7669
 .debug_str     0x00000000      0x983 system_hooks.o
                                0xa4a (size before relaxing)
 .debug_str     0x00000983      0x113 tasks.o
                                0x9cf (size before relaxing)
 .debug_str     0x00000a96      0x622 stm32f10x_rcc.o
                                0x7f4 (size before relaxing)
 .debug_str     0x000010b8      0xe71 Os_Cfg.o
                               0x1877 (size before relaxing)
 .debug_str     0x00001f29       0x7b arc_assert.o
                                0x86a (size before relaxing)
 .debug_str     0x00001fa4      0xa1a EcuM.o
                               0x1320 (size before relaxing)
 .debug_str     0x000029be      0x1b2 EcuM_Fixed.o
                               0x1219 (size before relaxing)
 .debug_str     0x00002b70      0x2cf EcuM_Main.o
                               0x134b (size before relaxing)
 .debug_str     0x00002e3f       0xaf EcuM_PBcfg.o
                               0x1023 (size before relaxing)
 .debug_str     0x00002eee      0x2f7 EcuM_Callout_Stubs.o
                               0x12f4 (size before relaxing)
 .debug_str     0x000031e5       0xec Mcu_PBcfg.o
                                0x3fb (size before relaxing)
 .debug_str     0x000032d1       0x88 Port_PBcfg.o
                                0x4ef (size before relaxing)
 .debug_str     0x00003359      0x145 arm_cortex_mx_handlers.o
                                0xd0f (size before relaxing)
 .debug_str     0x0000349e       0xa8 arm_cortex_mx_callout_stubs.o
                                0x89b (size before relaxing)
 .debug_str     0x00003546       0xed Dio_Lcfg.o
                                0x379 (size before relaxing)
 .debug_str     0x00003633      0x1ef os_event.o
                               0x15d9 (size before relaxing)
 .debug_str     0x00003822       0xf3 os_init.o
                               0x14f9 (size before relaxing)
 .debug_str     0x00003915      0x271 arch.o
                               0x1a8c (size before relaxing)
 .debug_str     0x00003b86      0x369 os_task.o
                               0x1987 (size before relaxing)
 .debug_str     0x00003eef       0xee os_resource.o
                               0x163c (size before relaxing)
 .debug_str     0x00003fdd      0x198 os_alarm.o
                               0x1626 (size before relaxing)
 .debug_str     0x00004175       0xc3 os_counter.o
                               0x15ac (size before relaxing)
 .debug_str     0x00004238       0xe4 sys_tick.o
                               0x1906 (size before relaxing)
 .debug_str     0x0000431c      0x26d os_isr.o
                               0x1b1f (size before relaxing)
 .debug_str     0x00004589      0x1bc os_application.o
                               0x15bf (size before relaxing)
 .debug_str     0x00004745       0x7e os_panic.o
                               0x141f (size before relaxing)
 .debug_str     0x000047c3      0x127 irq.o
                               0x1983 (size before relaxing)
 .debug_str     0x000048ea      0x12e Det.o
                                0x9e5 (size before relaxing)
 .debug_str     0x00004a18      0x170 ramlog.o
                                0x3af (size before relaxing)
 .debug_str     0x00004b88      0x1ed shell.o
                                0xaef (size before relaxing)
 .debug_str     0x00004d75      0x349 perf.o
                                0xd91 (size before relaxing)
 .debug_str     0x000050be      0x242 clib_port.o
                                0xbea (size before relaxing)
 .debug_str     0x00005300       0xcf printf.o
                                0xa02 (size before relaxing)
 .debug_str     0x000053cf       0x71 xtoa.o
                                0x1c5 (size before relaxing)
 .debug_str     0x00005440      0x3cb stm32f10x_gpio.o
                                0x5ab (size before relaxing)
 .debug_str     0x0000580b      0x3bb Mcu_stm32.o
                                0x9c0 (size before relaxing)
 .debug_str     0x00005bc6      0x317 Port_stm32.o
                                0xd70 (size before relaxing)
 .debug_str     0x00005edd      0x3f8 stm32f10x_usart.o
                                0x722 (size before relaxing)
 .debug_str     0x000062d5      0x15a misc.o
                                0x450 (size before relaxing)
 .debug_str     0x0000642f      0x1ce Dio_stm32.o
                                0x518 (size before relaxing)
 .debug_str     0x000065fd      0x213 SchM.o
                                0xad6 (size before relaxing)
 .debug_str     0x00006810       0xad timer_dwt.o
                                0x8d0 (size before relaxing)
 .debug_str     0x000068bd      0x159 d:/arcticstudio-21.0.0-win32.win32.x86_64/msys/opt/arm-none-eabi/bin/../lib/gcc/arm-none-eabi/4.9.3/thumb/armv7-m\libgcc.a(bpabi.o)
                                0x17e (size before relaxing)
 .debug_str     0x00006a16      0x133 d:/arcticstudio-21.0.0-win32.win32.x86_64/msys/opt/arm-none-eabi/bin/../lib/gcc/arm-none-eabi/4.9.3/thumb/armv7-m\libgcc.a(_divdi3.o)
                                0x235 (size before relaxing)
 .debug_str     0x00000000      0x236 d:/arcticstudio-21.0.0-win32.win32.x86_64/msys/opt/arm-none-eabi/bin/../lib/gcc/arm-none-eabi/4.9.3/thumb/armv7-m\libgcc.a(_udivdi3.o)
 .debug_str     0x00006b49      0x448 d:/arcticstudio-21.0.0-win32.win32.x86_64/msys/opt/arm-none-eabi/bin/../lib/gcc/arm-none-eabi/4.9.3/../../../../arm-none-eabi/lib/thumb/armv7-m\libc.a(lib_a-errno.o)
                                0x554 (size before relaxing)
 .debug_str     0x00006f91       0xb6 d:/arcticstudio-21.0.0-win32.win32.x86_64/msys/opt/arm-none-eabi/bin/../lib/gcc/arm-none-eabi/4.9.3/../../../../arm-none-eabi/lib/thumb/armv7-m\libc.a(lib_a-impure.o)
                                0x56c (size before relaxing)
 .debug_str     0x00007047       0xad d:/arcticstudio-21.0.0-win32.win32.x86_64/msys/opt/arm-none-eabi/bin/../lib/gcc/arm-none-eabi/4.9.3/../../../../arm-none-eabi/lib/thumb/armv7-m\libc.a(lib_a-memset.o)
                                0x1af (size before relaxing)
 .debug_str     0x000070f4       0x70 d:/arcticstudio-21.0.0-win32.win32.x86_64/msys/opt/arm-none-eabi/bin/../lib/gcc/arm-none-eabi/4.9.3/../../../../arm-none-eabi/lib/thumb/armv7-m\libc.a(lib_a-reent.o)
                                0x58b (size before relaxing)
 .debug_str     0x00007164       0xad d:/arcticstudio-21.0.0-win32.win32.x86_64/msys/opt/arm-none-eabi/bin/../lib/gcc/arm-none-eabi/4.9.3/../../../../arm-none-eabi/lib/thumb/armv7-m\libc.a(lib_a-strcpy.o)
                                0x1a1 (size before relaxing)